<html>
<body>
<pre>
<h1>µVision Build Log</h1>
<h2>Tool Versions:</h2>
IDE-Version: µVision V5.39.0.0
Copyright (C) 2023 ARM Ltd and ARM Germany GmbH. All rights reserved.
License Information: poot yoop, o6u, LIC=----
 
Tool Versions:
Toolchain:       MDK-Lite  Version: 5.39.0.0
Toolchain Path:  E:\Keil_v5\ARM\ARMCLANG\Bin
C Compiler:      ArmClang.exe V6.21
Assembler:       Armasm.exe V6.21
Linker/Locator:  ArmLink.exe V6.21
Library Manager: ArmAr.exe V6.21
Hex Converter:   FromElf.exe V6.21
CPU DLL:         SARMCM3.DLL V5.39.0.0
Dialog DLL:      DCM.DLL V1.17.5.0
Target DLL:      lmidk-agdi.dll V???
Dialog DLL:      TCM.DLL V1.56.4.0
 
<h2>Project:</h2>
D:\Tiva\TM4C123GH6PM_BOOTLOADER_PROJECT\Application\Application.uvprojx
Project File Date:  11/26/2024

<h2>Output:</h2>
*** Using Compiler 'V6.21', folder: 'E:\Keil_v5\ARM\ARMCLANG\Bin'
Rebuild target 'Target 1'
compiling list.c...
compiling croutine.c...
app.c(9): warning: 'LED_RED_PIN' macro redefined [-Wmacro-redefined]
    9 | #define LED_RED_PIN       1  // PF1 is Red LED
      |         ^
./gpio.h(7): note: previous definition is here
    7 | #define LED_RED_PIN     (1U << 1)  // PF1
      |         ^
1 warning generated.
compiling app.c...
compiling event_groups.c...
compiling port.c...
compiling button.c...
compiling gpio.c...
compiling sysclockcfg.c...
compiling stream_buffer.c...
compiling queue.c...
compiling heap_4.c...
compiling timers.c...
compiling system_TM4C123.c...
assembling startup_TM4C123.s...
compiling tasks.c...
linking...
Program Size: Code=9116 RO-data=656 RW-data=4 ZI-data=26948  
After Build - User command #1: fromelf.exe --bin --output=Application/Application.bin D:\Tiva\TM4C123GH6PM_BOOTLOADER_PROJECT\Application\Objects\Application.axf
".\Objects\Application.axf" - 0 Error(s), 1 Warning(s).

<h2>Software Packages used:</h2>

Package Vendor: ARM
                https://www.keil.com/pack/ARM.CMSIS.6.1.0.pack
                ARM::CMSIS@6.1.0
                CMSIS (Common Microcontroller Software Interface Standard)
   * Component: CORE Version: 6.1.0

Package Vendor: Keil
                http://www.keil.com/pack/Keil.TM4C_DFP.1.1.0.pack
                Keil::TM4C_DFP@1.1.0
                Texas Instruments Tiva C Series Device Support and Examples
   * Component: Startup Version: 1.0.1

<h2>Collection of Component include folders:</h2>
  ./RTE/_Target_1
  E:/Users/Unlimited/AppData/Local/Arm/Packs/ARM/CMSIS/6.1.0/CMSIS/Core/Include
  E:/Users/Unlimited/AppData/Local/Arm/Packs/Keil/TM4C_DFP/1.1.0/Device/Include/TM4C123

<h2>Collection of Component Files used:</h2>

   * Component: ARM::CMSIS:CORE@6.1.0

   * Component: Keil::Device:Startup@1.0.1
      Source file:   Device/Source/ARM/startup_TM4C123.s
      Include file:  Device/Include/TM4C123/TM4C123.h
      Source file:   Device/Source/system_TM4C123.c
Build Time Elapsed:  00:00:06
</pre>
</body>
</html>
