Component: Arm Compiler for Embedded 6.21 Tool: armlink [5ec1fa00]

==============================================================================

Section Cross References

    app.o(.text.main) refers to sysclockcfg.o(.text.SysClockSet) for SysClockSet
    app.o(.text.main) refers to usart.o(.text.UART_Init) for UART_Init
    app.o(.text.main) refers to bootloader.o(.text.BL_UART_Fetch_Host_Command) for BL_UART_Fetch_Host_Command
    app.o(.ARM.exidx.text.main) refers to app.o(.text.main) for [Anonymous Symbol]
    gpio.o(.ARM.exidx.text.GPIO_Init) refers to gpio.o(.text.GPIO_Init) for [Anonymous Symbol]
    gpio.o(.ARM.exidx.text.GPIO_WritePin) refers to gpio.o(.text.GPIO_WritePin) for [Anonymous Symbol]
    gpio.o(.ARM.exidx.text.GPIO_ReadPin) refers to gpio.o(.text.GPIO_ReadPin) for [Anonymous Symbol]
    button.o(.ARM.exidx.text.Button_Init) refers to button.o(.text.Button_Init) for [Anonymous Symbol]
    button.o(.ARM.exidx.text.Button_Read) refers to button.o(.text.Button_Read) for [Anonymous Symbol]
    usart.o(.ARM.exidx.text.UART_Init) refers to usart.o(.text.UART_Init) for [Anonymous Symbol]
    usart.o(.ARM.exidx.text.Delay) refers to usart.o(.text.Delay) for [Anonymous Symbol]
    usart.o(.ARM.exidx.text.UART_WriteChar) refers to usart.o(.text.UART_WriteChar) for [Anonymous Symbol]
    usart.o(.ARM.exidx.text.UART_WriteString2) refers to usart.o(.text.UART_WriteString2) for [Anonymous Symbol]
    usart.o(.ARM.exidx.text.UART_WriteString) refers to usart.o(.text.UART_WriteString) for [Anonymous Symbol]
    usart.o(.ARM.exidx.text.UART_ReadChar) refers to usart.o(.text.UART_ReadChar) for [Anonymous Symbol]
    usart.o(.ARM.exidx.text.UART_ReadString) refers to usart.o(.text.UART_ReadString) for [Anonymous Symbol]
    crc.o(.ARM.exidx.text.CRC_Init) refers to crc.o(.text.CRC_Init) for [Anonymous Symbol]
    crc.o(.ARM.exidx.text.Crc32) refers to crc.o(.text.Crc32) for [Anonymous Symbol]
    sysclockcfg.o(.ARM.exidx.text.SysClockSet) refers to sysclockcfg.o(.text.SysClockSet) for [Anonymous Symbol]
    bootloader.o(.text.BL_UART_Fetch_Host_Command) refers to bootloader.o(.bss.BL_Host_Buffer) for BL_Host_Buffer
    bootloader.o(.text.BL_UART_Fetch_Host_Command) refers to rt_memclr_w.o(.text) for __aeabi_memclr4
    bootloader.o(.text.BL_UART_Fetch_Host_Command) refers to usart.o(.text.UART_ReadString) for UART_ReadString
    bootloader.o(.text.BL_UART_Fetch_Host_Command) refers to bootloader.o(.text.BL_Print_Messege) for BL_Print_Messege
    bootloader.o(.text.BL_UART_Fetch_Host_Command) refers to crc.o(.text.Crc32) for Crc32
    bootloader.o(.text.BL_UART_Fetch_Host_Command) refers to usart.o(.text.UART_WriteString) for UART_WriteString
    bootloader.o(.text.BL_UART_Fetch_Host_Command) refers to bootloader.o(.data.Bootloader_Supported_CMDs) for Bootloader_Supported_CMDs
    bootloader.o(.text.BL_UART_Fetch_Host_Command) refers to bootloader.o(.rodata.str1.1) for .L.str.6
    bootloader.o(.text.BL_UART_Fetch_Host_Command) refers to flash.o(.text.Flash_EraseSectors) for Flash_EraseSectors
    bootloader.o(.text.BL_UART_Fetch_Host_Command) refers to flash.o(.text.Flash_Unlock) for Flash_Unlock
    bootloader.o(.text.BL_UART_Fetch_Host_Command) refers to flash.o(.text.HAL_FLASH_Program) for HAL_FLASH_Program
    bootloader.o(.text.BL_UART_Fetch_Host_Command) refers to flash.o(.text.Flash_Lock) for Flash_Lock
    bootloader.o(.text.BL_UART_Fetch_Host_Command) refers to flash.o(.text.Flash_MassErase) for Flash_MassErase
    bootloader.o(.ARM.exidx.text.BL_UART_Fetch_Host_Command) refers to bootloader.o(.text.BL_UART_Fetch_Host_Command) for [Anonymous Symbol]
    bootloader.o(.text.BL_Print_Messege) refers to rt_memclr_w.o(.text) for __aeabi_memclr4
    bootloader.o(.text.BL_Print_Messege) refers to vsprintf.o(.text) for vsprintf
    bootloader.o(.text.BL_Print_Messege) refers to usart.o(.text.UART_WriteString) for UART_WriteString
    bootloader.o(.ARM.exidx.text.BL_Print_Messege) refers to bootloader.o(.text.BL_Print_Messege) for [Anonymous Symbol]
    flash.o(.ARM.exidx.text.Flash_Unlock) refers to flash.o(.text.Flash_Unlock) for [Anonymous Symbol]
    flash.o(.ARM.exidx.text.Flash_MassErase) refers to flash.o(.text.Flash_MassErase) for [Anonymous Symbol]
    flash.o(.ARM.exidx.text.Flash_EraseSectors) refers to flash.o(.text.Flash_EraseSectors) for [Anonymous Symbol]
    flash.o(.ARM.exidx.text.Flash_Lock) refers to flash.o(.text.Flash_Lock) for [Anonymous Symbol]
    flash.o(.ARM.exidx.text.HAL_FLASH_Program) refers to flash.o(.text.HAL_FLASH_Program) for [Anonymous Symbol]
    startup_tm4c123.o(STACK) refers (Special) to heapauxi.o(.text) for __use_two_region_memory
    startup_tm4c123.o(HEAP) refers (Special) to heapauxi.o(.text) for __use_two_region_memory
    startup_tm4c123.o(RESET) refers (Special) to heapauxi.o(.text) for __use_two_region_memory
    startup_tm4c123.o(RESET) refers to startup_tm4c123.o(STACK) for __initial_sp
[...]
    ../clib/angel/sysapp.c                   0x00000000   Number         0  sys_command.o ABSOLUTE
    ../clib/angel/sysapp.c                   0x00000000   Number         0  sys_command_hlt.o ABSOLUTE
    ../clib/angel/sysapp.c                   0x00000000   Number         0  sys_wrch.o ABSOLUTE
    ../clib/angel/sysapp.c                   0x00000000   Number         0  sys_wrch_hlt.o ABSOLUTE
    ../clib/armsys.c                         0x00000000   Number         0  argv_veneer.o ABSOLUTE
    ../clib/armsys.c                         0x00000000   Number         0  argv_veneer.o ABSOLUTE
    ../clib/armsys.c                         0x00000000   Number         0  _get_argv_nomalloc.o ABSOLUTE
    ../clib/armsys.c                         0x00000000   Number         0  no_argv.o ABSOLUTE
    ../clib/bigflt.c                         0x00000000   Number         0  bigflt0.o ABSOLUTE
    ../clib/btod.s                           0x00000000   Number         0  btod.o ABSOLUTE
    ../clib/btod_accurate.c                  0x00000000   Number         0  btod_accurate.o ABSOLUTE
    ../clib/btod_accurate.c                  0x00000000   Number         0  btod_accurate_common.o ABSOLUTE
    ../clib/heapalloc.c                      0x00000000   Number         0  hrguard.o ABSOLUTE
    ../clib/heapaux.c                        0x00000000   Number         0  heapauxi.o ABSOLUTE
    ../clib/libinit.s                        0x00000000   Number         0  libinit.o ABSOLUTE
    ../clib/libinit.s                        0x00000000   Number         0  libinit2.o ABSOLUTE
    ../clib/libinit.s                        0x00000000   Number         0  libshutdown.o ABSOLUTE
    ../clib/libinit.s                        0x00000000   Number         0  libshutdown2.o ABSOLUTE
    ../clib/locale.c                         0x00000000   Number         0  _c16rtomb.o ABSOLUTE
    ../clib/locale.s                         0x00000000   Number         0  lc_numeric_c.o ABSOLUTE
    ../clib/locale.s                         0x00000000   Number         0  lc_ctype_c.o ABSOLUTE
    ../clib/longlong.s                       0x00000000   Number         0  lludiv10.o ABSOLUTE
    ../clib/longlong.s                       0x00000000   Number         0  llushr.o ABSOLUTE
    ../clib/memcpset.s                       0x00000000   Number         0  rt_memclr_w.o ABSOLUTE
    ../clib/memcpset.s                       0x00000000   Number         0  strcmpv7em.o ABSOLUTE
    ../clib/misc.s                           0x00000000   Number         0  printf_stubs.o ABSOLUTE
    ../clib/printf.c                         0x00000000   Number         0  vsprintf.o ABSOLUTE
    ../clib/printf.c                         0x00000000   Number         0  __printf.o ABSOLUTE
    ../clib/printf.c                         0x00000000   Number         0  _printf_pad.o ABSOLUTE
    ../clib/printf.c                         0x00000000   Number         0  _printf_truncate.o ABSOLUTE
    ../clib/printf.c                         0x00000000   Number         0  _printf_str.o ABSOLUTE
    ../clib/printf.c                         0x00000000   Number         0  _printf_dec.o ABSOLUTE
    ../clib/printf.c                         0x00000000   Number         0  _printf_charcount.o ABSOLUTE
    ../clib/printf.c                         0x00000000   Number         0  _printf_char_common.o ABSOLUTE
    ../clib/printf.c                         0x00000000   Number         0  _sputc.o ABSOLUTE
    ../clib/printf.c                         0x00000000   Number         0  _printf_wctomb.o ABSOLUTE
    ../clib/printf.c                         0x00000000   Number         0  _printf_longlong_dec.o ABSOLUTE
    ../clib/printf.c                         0x00000000   Number         0  _printf_oct_ll.o ABSOLUTE
    ../clib/printf.c                         0x00000000   Number         0  _printf_oct_int.o ABSOLUTE
    ../clib/printf.c                         0x00000000   Number         0  _printf_oct_int_ll.o ABSOLUTE
    ../clib/printf.c                         0x00000000   Number         0  _printf_hex_ll.o ABSOLUTE
    ../clib/printf.c                         0x00000000   Number         0  _printf_hex_int.o ABSOLUTE
    ../clib/printf.c                         0x00000000   Number         0  _printf_hex_int_ll.o ABSOLUTE
    ../clib/printf.c                         0x00000000   Number         0  _printf_hex_ptr.o ABSOLUTE
    ../clib/printf.c                         0x00000000   Number         0  _printf_hex_int_ptr.o ABSOLUTE
    ../clib/printf.c                         0x00000000   Number         0  _printf_hex_ll_ptr.o ABSOLUTE
    ../clib/printf.c                         0x00000000   Number         0  _printf_hex_int_ll_ptr.o ABSOLUTE
    ../clib/printf.c                         0x00000000   Number         0  __printf_flags.o ABSOLUTE
    ../clib/printf.c                         0x00000000   Number         0  __printf_ss.o ABSOLUTE
    ../clib/printf.c                         0x00000000   Number         0  __printf_flags_ss.o ABSOLUTE
    ../clib/printf.c                         0x00000000   Number         0  __printf_wp.o ABSOLUTE
    ../clib/printf.c                         0x00000000   Number         0  __printf_flags_wp.o ABSOLUTE
    ../clib/printf.c                         0x00000000   Number         0  __printf_ss_wp.o ABSOLUTE
    ../clib/printf.c                         0x00000000   Number         0  __printf_flags_ss_wp.o ABSOLUTE
    ../clib/printf.c                         0x00000000   Number         0  _printf_intcommon.o ABSOLUTE
    ../clib/printf.c                         0x00000000   Number         0  _printf_fp_dec.o ABSOLUTE
    ../clib/printf.c                         0x00000000   Number         0  _printf_fp_dec_accurate.o ABSOLUTE
    ../clib/printf.c                         0x00000000   Number         0  _printf_fp_hex.o ABSOLUTE
    ../clib/printf.c                         0x00000000   Number         0  __printf_nopercent.o ABSOLUTE
    ../clib/printf.c                         0x00000000   Number         0  _printf_char.o ABSOLUTE
    ../clib/printf.c                         0x00000000   Number         0  _printf_wchar.o ABSOLUTE
    ../clib/printf.c                         0x00000000   Number         0  _printf_fp_infnan.o ABSOLUTE
    ../clib/printf_percent.s                 0x00000000   Number         0  _printf_c.o ABSOLUTE
    ../clib/printf_percent.s                 0x00000000   Number         0  _printf_s.o ABSOLUTE
    ../clib/printf_percent.s                 0x00000000   Number         0  _printf_n.o ABSOLUTE
    ../clib/printf_percent.s                 0x00000000   Number         0  _printf_x.o ABSOLUTE
    ../clib/printf_percent.s                 0x00000000   Number         0  _printf_p.o ABSOLUTE
    ../clib/printf_percent.s                 0x00000000   Number         0  _printf_o.o ABSOLUTE
    ../clib/printf_percent.s                 0x00000000   Number         0  _printf_i.o ABSOLUTE
    ../clib/printf_percent.s                 0x00000000   Number         0  _printf_d.o ABSOLUTE
    ../clib/printf_percent.s                 0x00000000   Number         0  _printf_u.o ABSOLUTE
    ../clib/printf_percent.s                 0x00000000   Number         0  _printf_f.o ABSOLUTE
    ../clib/printf_percent.s                 0x00000000   Number         0  _printf_e.o ABSOLUTE
    ../clib/printf_percent.s                 0x00000000   Number         0  _printf_g.o ABSOLUTE
    ../clib/printf_percent.s                 0x00000000   Number         0  _printf_a.o ABSOLUTE
    ../clib/printf_percent.s                 0x00000000   Number         0  _printf_percent.o ABSOLUTE
    ../clib/printf_percent.s                 0x00000000   Number         0  _printf_lli.o ABSOLUTE
    ../clib/printf_percent.s                 0x00000000   Number         0  _printf_lld.o ABSOLUTE
    ../clib/printf_percent.s                 0x00000000   Number         0  _printf_llu.o ABSOLUTE
    ../clib/printf_percent.s                 0x00000000   Number         0  _printf_ll.o ABSOLUTE
    ../clib/printf_percent.s                 0x00000000   Number         0  _printf_l.o ABSOLUTE
    ../clib/printf_percent.s                 0x00000000   Number         0  _printf_lc.o ABSOLUTE
    ../clib/printf_percent.s                 0x00000000   Number         0  _printf_ls.o ABSOLUTE
    ../clib/printf_percent.s                 0x00000000   Number         0  _printf_llo.o ABSOLUTE
    ../clib/printf_percent.s                 0x00000000   Number         0  _printf_llx.o ABSOLUTE
    ../clib/printf_percent.s                 0x00000000   Number         0  _printf_percent_end.o ABSOLUTE
    ../clib/signal.c                         0x00000000   Number         0  defsig_rtmem_outer.o ABSOLUTE
    ../clib/signal.c                         0x00000000   Number         0  defsig_rtmem_formal.o ABSOLUTE
    ../clib/signal.c                         0x00000000   Number         0  defsig_exit.o ABSOLUTE
    ../clib/signal.c                         0x00000000   Number         0  defsig_rtmem_inner.o ABSOLUTE
    ../clib/signal.c                         0x00000000   Number         0  __raise.o ABSOLUTE
    ../clib/signal.c                         0x00000000   Number         0  defsig_general.o ABSOLUTE
    ../clib/signal.c                         0x00000000   Number         0  defsig_abrt_inner.o ABSOLUTE
    ../clib/signal.c                         0x00000000   Number         0  defsig_fpe_inner.o ABSOLUTE
    ../clib/signal.c                         0x00000000   Number         0  defsig_rtred_inner.o ABSOLUTE
    ../clib/signal.c                         0x00000000   Number         0  defsig_stak_inner.o ABSOLUTE
    ../clib/signal.c                         0x00000000   Number         0  defsig_pvfn_inner.o ABSOLUTE
    ../clib/signal.c                         0x00000000   Number         0  defsig_cppl_inner.o ABSOLUTE
    ../clib/signal.c                         0x00000000   Number         0  defsig_segv_inner.o ABSOLUTE
    ../clib/signal.c                         0x00000000   Number         0  defsig_other.o ABSOLUTE
    ../clib/signal.s                         0x00000000   Number         0  defsig.o ABSOLUTE
    ../clib/stdlib.c                         0x00000000   Number         0  exit.o ABSOLUTE
    ../fplib/fpinit.s                        0x00000000   Number         0  fpinit.o ABSOLUTE
    ../fplib/istatus.s                       0x00000000   Number         0  istatus.o ABSOLUTE
    ../fplib/printf1.s                       0x00000000   Number         0  printf1.o ABSOLUTE
    ../fplib/printf2.s                       0x00000000   Number         0  printf2.o ABSOLUTE
    ../fplib/printf2a.s                      0x00000000   Number         0  printf2a.o ABSOLUTE
    ../fplib/printf2b.s                      0x00000000   Number         0  printf2b.o ABSOLUTE
    ../fplib/usenofp.s                       0x00000000   Number         0  usenofp.o ABSOLUTE
    ../mathlib/fpclassify.c                  0x00000000   Number         0  fpclassify.o ABSOLUTE
    App.c                                    0x00000000   Number         0  app.o ABSOLUTE
    CRC.c                                    0x00000000   Number         0  crc.o ABSOLUTE
    RTE/Device/TM4C123GH6PM/startup_TM4C123.s 0x00000000   Number         0  startup_tm4c123.o ABSOLUTE
    USART.c                                  0x00000000   Number         0  usart.o ABSOLUTE
    bootloader.c                             0x00000000   Number         0  bootloader.o ABSOLUTE
    button.c                                 0x00000000   Number         0  button.o ABSOLUTE
    dc.s                                     0x00000000   Number         0  dc.o ABSOLUTE
    flash.c                                  0x00000000   Number         0  flash.o ABSOLUTE
    gpio.c                                   0x00000000   Number         0  gpio.o ABSOLUTE
    sysclockcfg.c                            0x00000000   Number         0  sysclockcfg.o ABSOLUTE
    system_TM4C123.c                         0x00000000   Number         0  system_tm4c123.o ABSOLUTE
    RESET                                    0x00000000   Section      620  startup_tm4c123.o(RESET)
    !!!main                                  0x0000026c   Section        8  __main.o(!!!main)
    !!!scatter                               0x00000274   Section       92  __scatter.o(!!!scatter)
    !!handler_copy                           0x000002d0   Section       26  __scatter_copy.o(!!handler_copy)
    !!handler_null                           0x000002ec   Section        2  __scatter.o(!!handler_null)
    !!handler_zi                             0x000002f0   Section       28  __scatter_zi.o(!!handler_zi)
    .ARM.Collect$$_printf_percent$$00000000  0x0000030c   Section        0  _printf_percent.o(.ARM.Collect$$_printf_percent$$00000000)
    .ARM.Collect$$_printf_percent$$00000001  0x0000030c   Section        6  _printf_n.o(.ARM.Collect$$_printf_percent$$00000001)
    .ARM.Collect$$_printf_percent$$00000002  0x00000312   Section        6  _printf_p.o(.ARM.Collect$$_printf_percent$$00000002)
    .ARM.Collect$$_printf_percent$$00000003  0x00000318   Section        6  _printf_f.o(.ARM.Collect$$_printf_percent$$00000003)
    .ARM.Collect$$_printf_percent$$00000004  0x0000031e   Section        6  _printf_e.o(.ARM.Collect$$_printf_percent$$00000004)
    .ARM.Collect$$_printf_percent$$00000005  0x00000324   Section        6  _printf_g.o(.ARM.Collect$$_printf_percent$$00000005)
    .ARM.Collect$$_printf_percent$$00000006  0x0000032a   Section        6  _printf_a.o(.ARM.Collect$$_printf_percent$$00000006)
    .ARM.Collect$$_printf_percent$$00000007  0x00000330   Section       10  _printf_ll.o(.ARM.Collect$$_printf_percent$$00000007)
    .ARM.Collect$$_printf_percent$$00000008  0x0000033a   Section        6  _printf_i.o(.ARM.Collect$$_printf_percent$$00000008)
    .ARM.Collect$$_printf_percent$$00000009  0x00000340   Section        6  _printf_d.o(.ARM.Collect$$_printf_percent$$00000009)
    .ARM.Collect$$_printf_percent$$0000000A  0x00000346   Section        6  _printf_u.o(.ARM.Collect$$_printf_percent$$0000000A)
    .ARM.Collect$$_printf_percent$$0000000B  0x0000034c   Section        6  _printf_o.o(.ARM.Collect$$_printf_percent$$0000000B)
    .ARM.Collect$$_printf_percent$$0000000C  0x00000352   Section        6  _printf_x.o(.ARM.Collect$$_printf_percent$$0000000C)
    .ARM.Collect$$_printf_percent$$0000000D  0x00000358   Section        6  _printf_lli.o(.ARM.Collect$$_printf_percent$$0000000D)
    .ARM.Collect$$_printf_percent$$0000000E  0x0000035e   Section        6  _printf_lld.o(.ARM.Collect$$_printf_percent$$0000000E)
    .ARM.Collect$$_printf_percent$$0000000F  0x00000364   Section        6  _printf_llu.o(.ARM.Collect$$_printf_percent$$0000000F)
    .ARM.Collect$$_printf_percent$$00000010  0x0000036a   Section        6  _printf_llo.o(.ARM.Collect$$_printf_percent$$00000010)
    .ARM.Collect$$_printf_percent$$00000011  0x00000370   Section        6  _printf_llx.o(.ARM.Collect$$_printf_percent$$00000011)
    .ARM.Collect$$_printf_percent$$00000012  0x00000376   Section       10  _printf_l.o(.ARM.Collect$$_printf_percent$$00000012)
    .ARM.Collect$$_printf_percent$$00000013  0x00000380   Section        6  _printf_c.o(.ARM.Collect$$_printf_percent$$00000013)
    .ARM.Collect$$_printf_percent$$00000014  0x00000386   Section        6  _printf_s.o(.ARM.Collect$$_printf_percent$$00000014)
    .ARM.Collect$$_printf_percent$$00000015  0x0000038c   Section        6  _printf_lc.o(.ARM.Collect$$_printf_percent$$00000015)
    .ARM.Collect$$_printf_percent$$00000016  0x00000392   Section        6  _printf_ls.o(.ARM.Collect$$_printf_percent$$00000016)
    .ARM.Collect$$_printf_percent$$00000017  0x00000398   Section        4  _printf_percent_end.o(.ARM.Collect$$_printf_percent$$00000017)
    .ARM.Collect$$libinit$$00000000          0x0000039c   Section        2  libinit.o(.ARM.Collect$$libinit$$00000000)
    .ARM.Collect$$libinit$$00000001          0x0000039e   Section        4  libinit2.o(.ARM.Collect$$libinit$$00000001)
    .ARM.Collect$$libinit$$00000004          0x000003a2   Section        0  libinit2.o(.ARM.Collect$$libinit$$00000004)
    .ARM.Collect$$libinit$$00000006          0x000003a2   Section        0  libinit2.o(.ARM.Collect$$libinit$$00000006)
    .ARM.Collect$$libinit$$0000000C          0x000003a2   Section        0  libinit2.o(.ARM.Collect$$libinit$$0000000C)
    .ARM.Collect$$libinit$$0000000E          0x000003a2   Section        0  libinit2.o(.ARM.Collect$$libinit$$0000000E)
    .ARM.Collect$$libinit$$00000010          0x000003a2   Section        0  libinit2.o(.ARM.Collect$$libinit$$00000010)
    .ARM.Collect$$libinit$$00000011          0x000003a2   Section        6  libinit2.o(.ARM.Collect$$libinit$$00000011)
    .ARM.Collect$$libinit$$00000013          0x000003a8   Section        0  libinit2.o(.ARM.Collect$$libinit$$00000013)
    .ARM.Collect$$libinit$$00000014          0x000003a8   Section       12  libinit2.o(.ARM.Collect$$libinit$$00000014)
    .ARM.Collect$$libinit$$00000015          0x000003b4   Section        0  libinit2.o(.ARM.Collect$$libinit$$00000015)
    .ARM.Collect$$libinit$$00000017          0x000003b4   Section        0  libinit2.o(.ARM.Collect$$libinit$$00000017)
    .ARM.Collect$$libinit$$00000018          0x000003b4   Section       10  libinit2.o(.ARM.Collect$$libinit$$00000018)
    .ARM.Collect$$libinit$$00000019          0x000003be   Section        0  libinit2.o(.ARM.Collect$$libinit$$00000019)
    .ARM.Collect$$libinit$$0000001B          0x000003be   Section        0  libinit2.o(.ARM.Collect$$libinit$$0000001B)
    .ARM.Collect$$libinit$$0000001D          0x000003be   Section        0  libinit2.o(.ARM.Collect$$libinit$$0000001D)
    .ARM.Collect$$libinit$$0000001F          0x000003be   Section        0  libinit2.o(.ARM.Collect$$libinit$$0000001F)
    .ARM.Collect$$libinit$$00000021          0x000003be   Section        0  libinit2.o(.ARM.Collect$$libinit$$00000021)
    .ARM.Collect$$libinit$$00000023          0x000003be   Section        0  libinit2.o(.ARM.Collect$$libinit$$00000023)
    .ARM.Collect$$libinit$$00000025          0x000003be   Section        0  libinit2.o(.ARM.Collect$$libinit$$00000025)
    .ARM.Collect$$libinit$$00000027          0x000003be   Section        0  libinit2.o(.ARM.Collect$$libinit$$00000027)
    .ARM.Collect$$libinit$$0000002E          0x000003be   Section        0  libinit2.o(.ARM.Collect$$libinit$$0000002E)
    .ARM.Collect$$libinit$$00000030          0x000003be   Section        0  libinit2.o(.ARM.Collect$$libinit$$00000030)
    .ARM.Collect$$libinit$$00000032          0x000003be   Section        0  libinit2.o(.ARM.Collect$$libinit$$00000032)
    .ARM.Collect$$libinit$$00000034          0x000003be   Section        0  libinit2.o(.ARM.Collect$$libinit$$00000034)
    .ARM.Collect$$libinit$$00000035          0x000003be   Section        2  libinit2.o(.ARM.Collect$$libinit$$00000035)
    .ARM.Collect$$libshutdown$$00000000      0x000003c0   Section        2  libshutdown.o(.ARM.Collect$$libshutdown$$00000000)
    .ARM.Collect$$libshutdown$$00000002      0x000003c2   Section        0  libshutdown2.o(.ARM.Collect$$libshutdown$$00000002)
    .ARM.Collect$$libshutdown$$00000004      0x000003c2   Section        0  libshutdown2.o(.ARM.Collect$$libshutdown$$00000004)
    .ARM.Collect$$libshutdown$$00000007      0x000003c2   Section        0  libshutdown2.o(.ARM.Collect$$libshutdown$$00000007)
    .ARM.Collect$$libshutdown$$0000000A      0x000003c2   Section        0  libshutdown2.o(.ARM.Collect$$libshutdown$$0000000A)
    .ARM.Collect$$libshutdown$$0000000C      0x000003c2   Section        0  libshutdown2.o(.ARM.Collect$$libshutdown$$0000000C)
    .ARM.Collect$$libshutdown$$0000000F      0x000003c2   Section        0  libshutdown2.o(.ARM.Collect$$libshutdown$$0000000F)
    .ARM.Collect$$libshutdown$$00000010      0x000003c2   Section        2  libshutdown2.o(.ARM.Collect$$libshutdown$$00000010)
    .ARM.Collect$$rtentry$$00000000          0x000003c4   Section        0  __rtentry.o(.ARM.Collect$$rtentry$$00000000)
    .ARM.Collect$$rtentry$$00000002          0x000003c4   Section        0  __rtentry2.o(.ARM.Collect$$rtentry$$00000002)
    .ARM.Collect$$rtentry$$00000004          0x000003c4   Section        6  __rtentry4.o(.ARM.Collect$$rtentry$$00000004)
    .ARM.Collect$$rtentry$$00000009          0x000003ca   Section        0  __rtentry2.o(.ARM.Collect$$rtentry$$00000009)
    .ARM.Collect$$rtentry$$0000000A          0x000003ca   Section        4  __rtentry2.o(.ARM.Collect$$rtentry$$0000000A)
    .ARM.Collect$$rtentry$$0000000C          0x000003ce   Section        0  __rtentry2.o(.ARM.Collect$$rtentry$$0000000C)
    .ARM.Collect$$rtentry$$0000000D          0x000003ce   Section        8  __rtentry2.o(.ARM.Collect$$rtentry$$0000000D)
    .ARM.Collect$$rtexit$$00000000           0x000003d6   Section        2  rtexit.o(.ARM.Collect$$rtexit$$00000000)
    .ARM.Collect$$rtexit$$00000002           0x000003d8   Section        0  rtexit2.o(.ARM.Collect$$rtexit$$00000002)
    .ARM.Collect$$rtexit$$00000003           0x000003d8   Section        4  rtexit2.o(.ARM.Collect$$rtexit$$00000003)
    .ARM.Collect$$rtexit$$00000004           0x000003dc   Section        6  rtexit2.o(.ARM.Collect$$rtexit$$00000004)
    $v0                                      0x000003e4   Number         0  startup_tm4c123.o(.text)
    .text                                    0x000003e4   Section      276  startup_tm4c123.o(.text)
    .text                                    0x000004f8   Section        0  vsprintf.o(.text)
    .text                                    0x0000051c   Section       78  rt_memclr_w.o(.text)
    .text                                    0x0000056a   Section        0  heapauxi.o(.text)
    .text                                    0x00000570   Section        0  _printf_pad.o(.text)
    .text                                    0x000005be   Section        0  _printf_truncate.o(.text)
    .text                                    0x000005e2   Section        0  _printf_str.o(.text)
    .text                                    0x00000634   Section        0  _printf_dec.o(.text)
    .text                                    0x000006ac   Section        0  _printf_charcount.o(.text)
    _printf_input_char                       0x000006d5   Thumb Code    10  _printf_char_common.o(.text)
    .text                                    0x000006d4   Section        0  _printf_char_common.o(.text)
    .text                                    0x00000704   Section        0  _sputc.o(.text)
    .text                                    0x00000710   Section        0  _printf_wctomb.o(.text)
    .text                                    0x000007cc   Section        0  _printf_longlong_dec.o(.text)
    _printf_longlong_oct_internal            0x00000849   Thumb Code     0  _printf_oct_int_ll.o(.text)
    .text                                    0x00000848   Section        0  _printf_oct_int_ll.o(.text)
    _printf_hex_common                       0x000008b9   Thumb Code     0  _printf_hex_int_ll_ptr.o(.text)
    .text                                    0x000008b8   Section        0  _printf_hex_int_ll_ptr.o(.text)
    .text                                    0x0000094c   Section        0  __printf_flags_ss_wp.o(.text)
    .text                                    0x00000ad4   Section      138  lludiv10.o(.text)
    .text                                    0x00000b5e   Section        0  _printf_intcommon.o(.text)
    _fp_digits                               0x00000c11   Thumb Code   432  _printf_fp_dec.o(.text)
    .text                                    0x00000c10   Section        0  _printf_fp_dec.o(.text)
    .text                                    0x0000102c   Section        0  _printf_fp_hex.o(.text)
    .text                                    0x00001328   Section        0  _printf_char.o(.text)
    .text                                    0x00001354   Section        0  _printf_wchar.o(.text)
    .text                                    0x00001380   Section        0  _c16rtomb.o(.text)
    .text                                    0x000013c8   Section       74  sys_stackheap_outer.o(.text)
    .text                                    0x00001414   Section       16  rt_ctype_table.o(.text)
    .text                                    0x00001424   Section        8  rt_locale_intlibspace.o(.text)
    .text                                    0x0000142c   Section        0  _printf_fp_infnan.o(.text)
    .text                                    0x000014ac   Section        0  bigflt0.o(.text)
    .text                                    0x00001590   Section        0  exit.o(.text)
    .text                                    0x000015a4   Section        8  libspace.o(.text)
    .text                                    0x000015b0   Section      124  strcmpv7em.o(.text)
    .text                                    0x0000162c   Section        0  sys_exit.o(.text)
    .text                                    0x00001638   Section        2  use_no_semi.o(.text)
    .text                                    0x0000163a   Section        0  indicate_semi.o(.text)
    [Anonymous Symbol]                       0x0000163c   Section        0  bootloader.o(.text.BL_Print_Messege)
    [Anonymous Symbol]                       0x00001674   Section        0  bootloader.o(.text.BL_UART_Fetch_Host_Command)
    [Anonymous Symbol]                       0x00001a90   Section        0  crc.o(.text.Crc32)
    [Anonymous Symbol]                       0x00001ad0   Section        0  flash.o(.text.Flash_EraseSectors)
    [Anonymous Symbol]                       0x00001b14   Section        0  flash.o(.text.Flash_Lock)
    [Anonymous Symbol]                       0x00001b24   Section        0  flash.o(.text.Flash_MassErase)
    [Anonymous Symbol]                       0x00001b40   Section        0  flash.o(.text.Flash_Unlock)
    [Anonymous Symbol]                       0x00001b54   Section        0  flash.o(.text.HAL_FLASH_Program)
    [Anonymous Symbol]                       0x00001ba8   Section        0  sysclockcfg.o(.text.SysClockSet)
    [Anonymous Symbol]                       0x00001c4c   Section        0  system_tm4c123.o(.text.SystemInit)
    [Anonymous Symbol]                       0x00001cbc   Section        0  usart.o(.text.UART_Init)
    [Anonymous Symbol]                       0x00001f7c   Section        0  usart.o(.text.UART_ReadString)
    [Anonymous Symbol]                       0x00001ff4   Section        0  usart.o(.text.UART_WriteString)
    [Anonymous Symbol]                       0x0000206c   Section        0  app.o(.text.main)
    CL$$btod_d2e                             0x0000208e   Section       62  btod.o(CL$$btod_d2e)
    CL$$btod_d2e_denorm_low                  0x000020cc   Section       70  btod.o(CL$$btod_d2e_denorm_low)
    CL$$btod_d2e_norm_op1                    0x00002112   Section       96  btod.o(CL$$btod_d2e_norm_op1)
    CL$$btod_div_common                      0x00002174   Section      824  btod.o(CL$$btod_div_common)
    CL$$btod_e2e                             0x000024ac   Section      220  btod.o(CL$$btod_e2e)
    CL$$btod_ediv                            0x00002588   Section       42  btod.o(CL$$btod_ediv)
    CL$$btod_emul                            0x000025b2   Section       42  btod.o(CL$$btod_emul)
    CL$$btod_mult_common                     0x000025dc   Section      580  btod.o(CL$$btod_mult_common)
    i.__ARM_fpclassify                       0x00002820   Section        0  fpclassify.o(i.__ARM_fpclassify)
    i._is_digit                              0x00002850   Section        0  __printf_wp.o(i._is_digit)
    locale$$code                             0x00002860   Section       44  lc_numeric_c.o(locale$$code)
    locale$$code                             0x0000288c   Section       44  lc_ctype_c.o(locale$$code)
    $v0                                      0x000028b8   Number         0  fpinit.o(x$fpl$fpinit)
    x$fpl$fpinit                             0x000028b8   Section       26  fpinit.o(x$fpl$fpinit)
    $v0                                      0x000028d2   Number         0  printf1.o(x$fpl$printf1)
    x$fpl$printf1                            0x000028d2   Section        4  printf1.o(x$fpl$printf1)
    $v0                                      0x000028d6   Number         0  printf2.o(x$fpl$printf2)
    x$fpl$printf2                            0x000028d6   Section        4  printf2.o(x$fpl$printf2)
    x$fpl$usenofp                            0x000028da   Section        0  usenofp.o(x$fpl$usenofp)
    initial_mbstate                          0x000028dc   Data           8  _printf_wctomb.o(.constdata)
    .constdata                               0x000028dc   Section        8  _printf_wctomb.o(.constdata)
    uc_hextab                                0x000028e4   Data          20  _printf_hex_int_ll_ptr.o(.constdata)
    .constdata                               0x000028e4   Section       40  _printf_hex_int_ll_ptr.o(.constdata)
    lc_hextab                                0x000028f8   Data          20  _printf_hex_int_ll_ptr.o(.constdata)
    maptable                                 0x0000290c   Data          17  __printf_flags_ss_wp.o(.constdata)
    .constdata                               0x0000290c   Section       17  __printf_flags_ss_wp.o(.constdata)
    lc_hextab                                0x0000291d   Data          19  _printf_fp_hex.o(.constdata)
    .constdata                               0x0000291d   Section       38  _printf_fp_hex.o(.constdata)
    uc_hextab                                0x00002930   Data          19  _printf_fp_hex.o(.constdata)
    tenpwrs_x                                0x00002944   Data          60  bigflt0.o(.constdata)
    .constdata                               0x00002944   Section      148  bigflt0.o(.constdata)
    tenpwrs_i                                0x00002980   Data          64  bigflt0.o(.constdata)
    .L.str.6                                 0x000029d8   Data          27  bootloader.o(.rodata.str1.1)
    [Anonymous Symbol]                       0x000029d8   Section        0  bootloader.o(.rodata.str1.1)
    locale$$data                             0x00002a14   Section       28  lc_numeric_c.o(locale$$data)
    __lcnum_c_name                           0x00002a18   Data           2  lc_numeric_c.o(locale$$data)
    __lcnum_c_start                          0x00002a20   Data           0  lc_numeric_c.o(locale$$data)
    __lcnum_c_point                          0x00002a2c   Data           0  lc_numeric_c.o(locale$$data)
    __lcnum_c_thousands                      0x00002a2e   Data           0  lc_numeric_c.o(locale$$data)
    __lcnum_c_grouping                       0x00002a2f   Data           0  lc_numeric_c.o(locale$$data)
    __lcnum_c_end                            0x00002a30   Data           0  lc_numeric_c.o(locale$$data)
    locale$$data                             0x00002a30   Section      272  lc_ctype_c.o(locale$$data)
    __lcctype_c_name                         0x00002a34   Data           2  lc_ctype_c.o(locale$$data)
    __lcctype_c_start                        0x00002a3c   Data           0  lc_ctype_c.o(locale$$data)
    __lcctype_c_end                          0x00002b40   Data           0  lc_ctype_c.o(locale$$data)
    Bootloader_Supported_CMDs                0x20000000   Data           6  bootloader.o(.data.Bootloader_Supported_CMDs)
    [Anonymous Symbol]                       0x20000000   Section        0  bootloader.o(.data.Bootloader_Supported_CMDs)
    .bss                                     0x20000008   Section       96  libspace.o(.bss)
    BL_Host_Buffer                           0x20000068   Data         200  bootloader.o(.bss.BL_Host_Buffer)
    [Anonymous Symbol]                       0x20000068   Section        0  bootloader.o(.bss.BL_Host_Buffer)
    Heap_Mem                                 0x20000130   Data           0  startup_tm4c123.o(HEAP)
    Stack_Mem                                0x20000130   Data         512  startup_tm4c123.o(STACK)
    HEAP                                     0x20000130   Section        0  startup_tm4c123.o(HEAP)
    STACK                                    0x20000130   Section      512  startup_tm4c123.o(STACK)
    __initial_sp                             0x20000330   Data           0  startup_tm4c123.o(STACK)

    Global Symbols

    Symbol Name                              Value     Ov Type        Size  Object(Section)

    BuildAttributes$$THM_ISAv4$E$P$D$K$B$S$7EM$VFPi3$EXTD16$VFPS$VFMA$PE$A:L22UL41UL21$X:L11$S22US41US21$IEEE1$IW$~IW$USESV6$~STKCKD$USESV7$~SHL$OTIME$ROPI$IEEEJ$EBA8$UX$STANDARDLIB$REQ8$PRES8$EABIv2 0x00000000   Number         0  anon$$obj.o ABSOLUTE
    __Vectors                                0x00000000   Data           4  startup_tm4c123.o(RESET)
    _printf_flags                            0x00000000   Number         0  printf_stubs.o ABSOLUTE
    _printf_return_value                     0x00000000   Number         0  printf_stubs.o ABSOLUTE
    _printf_sizespec                         0x00000000   Number         0  printf_stubs.o ABSOLUTE
    _printf_widthprec                        0x00000000   Number         0  printf_stubs.o ABSOLUTE
    __ARM_exceptions_init                     - Undefined Weak Reference
    __alloca_initialize                       - Undefined Weak Reference
    __arm_preinit_                            - Undefined Weak Reference
    __arm_relocate_pie_                       - Undefined Weak Reference
    __cpp_initialize__aeabi_                  - Undefined Weak Reference
    __cxa_finalize                            - Undefined Weak Reference
    __sigvec_lookup                           - Undefined Weak Reference
    _atexit_init                              - Undefined Weak Reference
    _call_atexit_fns                          - Undefined Weak Reference
    _clock_init                               - Undefined Weak Reference
    _fp_trap_init                             - Undefined Weak Reference
    _fp_trap_shutdown                         - Undefined Weak Reference
    _get_lc_collate                           - Undefined Weak Reference
    _get_lc_monetary                          - Undefined Weak Reference
    _get_lc_time                              - Undefined Weak Reference
    _getenv_init                              - Undefined Weak Reference
    _handle_redirection                       - Undefined Weak Reference
    _init_alloc                               - Undefined Weak Reference
    _init_user_alloc                          - Undefined Weak Reference
    _initio                                   - Undefined Weak Reference
    _printf_mbtowc                            - Undefined Weak Reference
    _printf_wc                                - Undefined Weak Reference
    _rand_init                                - Undefined Weak Reference
    _signal_finish                            - Undefined Weak Reference
    _signal_init                              - Undefined Weak Reference
    _terminate_alloc                          - Undefined Weak Reference
    _terminate_user_alloc                     - Undefined Weak Reference
    _terminateio                              - Undefined Weak Reference
    __Vectors_End                            0x0000026c   Data           0  startup_tm4c123.o(RESET)
    __Vectors_Size                           0x0000026c   Number         0  startup_tm4c123.o ABSOLUTE
    __main                                   0x0000026d   Thumb Code     8  __main.o(!!!main)
    __scatterload                            0x00000275   Thumb Code     0  __scatter.o(!!!scatter)
    __scatterload_rt2                        0x00000275   Thumb Code    84  __scatter.o(!!!scatter)
    __scatterload_rt2_thumb_only             0x00000275   Thumb Code     0  __scatter.o(!!!scatter)
    __scatterload_loop                       0x0000027f   Thumb Code     0  __scatter.o(!!!scatter)
    __scatterload_copy                       0x000002d1   Thumb Code    26  __scatter_copy.o(!!handler_copy)
    __scatterload_null                       0x000002ed   Thumb Code     2  __scatter.o(!!handler_null)
    __scatterload_zeroinit                   0x000002f1   Thumb Code    28  __scatter_zi.o(!!handler_zi)
    _printf_n                                0x0000030d   Thumb Code     0  _printf_n.o(.ARM.Collect$$_printf_percent$$00000001)
    _printf_percent                          0x0000030d   Thumb Code     0  _printf_percent.o(.ARM.Collect$$_printf_percent$$00000000)
    _printf_p                                0x00000313   Thumb Code     0  _printf_p.o(.ARM.Collect$$_printf_percent$$00000002)
    _printf_f                                0x00000319   Thumb Code     0  _printf_f.o(.ARM.Collect$$_printf_percent$$00000003)
    _printf_e                                0x0000031f   Thumb Code     0  _printf_e.o(.ARM.Collect$$_printf_percent$$00000004)
    _printf_g                                0x00000325   Thumb Code     0  _printf_g.o(.ARM.Collect$$_printf_percent$$00000005)
    _printf_a                                0x0000032b   Thumb Code     0  _printf_a.o(.ARM.Collect$$_printf_percent$$00000006)
    _printf_ll                               0x00000331   Thumb Code     0  _printf_ll.o(.ARM.Collect$$_printf_percent$$00000007)
    _printf_i                                0x0000033b   Thumb Code     0  _printf_i.o(.ARM.Collect$$_printf_percent$$00000008)
    _printf_d                                0x00000341   Thumb Code     0  _printf_d.o(.ARM.Collect$$_printf_percent$$00000009)
    _printf_u                                0x00000347   Thumb Code     0  _printf_u.o(.ARM.Collect$$_printf_percent$$0000000A)
    _printf_o                                0x0000034d   Thumb Code     0  _printf_o.o(.ARM.Collect$$_printf_percent$$0000000B)
    _printf_x                                0x00000353   Thumb Code     0  _printf_x.o(.ARM.Collect$$_printf_percent$$0000000C)
    _printf_lli                              0x00000359   Thumb Code     0  _printf_lli.o(.ARM.Collect$$_printf_percent$$0000000D)
    _printf_lld                              0x0000035f   Thumb Code     0  _printf_lld.o(.ARM.Collect$$_printf_percent$$0000000E)
    _printf_llu                              0x00000365   Thumb Code     0  _printf_llu.o(.ARM.Collect$$_printf_percent$$0000000F)
    _printf_llo                              0x0000036b   Thumb Code     0  _printf_llo.o(.ARM.Collect$$_printf_percent$$00000010)
    _printf_llx                              0x00000371   Thumb Code     0  _printf_llx.o(.ARM.Collect$$_printf_percent$$00000011)
    _printf_l                                0x00000377   Thumb Code     0  _printf_l.o(.ARM.Collect$$_printf_percent$$00000012)
    _printf_c                                0x00000381   Thumb Code     0  _printf_c.o(.ARM.Collect$$_printf_percent$$00000013)
    _printf_s                                0x00000387   Thumb Code     0  _printf_s.o(.ARM.Collect$$_printf_percent$$00000014)
    _printf_lc                               0x0000038d   Thumb Code     0  _printf_lc.o(.ARM.Collect$$_printf_percent$$00000015)
    _printf_ls                               0x00000393   Thumb Code     0  _printf_ls.o(.ARM.Collect$$_printf_percent$$00000016)
    _printf_percent_end                      0x00000399   Thumb Code     0  _printf_percent_end.o(.ARM.Collect$$_printf_percent$$00000017)
    __rt_lib_init                            0x0000039d   Thumb Code     0  libinit.o(.ARM.Collect$$libinit$$00000000)
    __rt_lib_init_fp_1                       0x0000039f   Thumb Code     0  libinit2.o(.ARM.Collect$$libinit$$00000001)
    __rt_lib_init_heap_1                     0x000003a3   Thumb Code     0  libinit2.o(.ARM.Collect$$libinit$$0000000C)
    __rt_lib_init_lc_common                  0x000003a3   Thumb Code     0  libinit2.o(.ARM.Collect$$libinit$$00000011)
    __rt_lib_init_preinit_1                  0x000003a3   Thumb Code     0  libinit2.o(.ARM.Collect$$libinit$$00000006)
    __rt_lib_init_rand_1                     0x000003a3   Thumb Code     0  libinit2.o(.ARM.Collect$$libinit$$00000010)
    __rt_lib_init_relocate_pie_1             0x000003a3   Thumb Code     0  libinit2.o(.ARM.Collect$$libinit$$00000004)
    __rt_lib_init_user_alloc_1               0x000003a3   Thumb Code     0  libinit2.o(.ARM.Collect$$libinit$$0000000E)
    __rt_lib_init_lc_collate_1               0x000003a9   Thumb Code     0  libinit2.o(.ARM.Collect$$libinit$$00000013)
    __rt_lib_init_lc_ctype_2                 0x000003a9   Thumb Code     0  libinit2.o(.ARM.Collect$$libinit$$00000014)
    __rt_lib_init_lc_ctype_1                 0x000003b5   Thumb Code     0  libinit2.o(.ARM.Collect$$libinit$$00000015)
    __rt_lib_init_lc_monetary_1              0x000003b5   Thumb Code     0  libinit2.o(.ARM.Collect$$libinit$$00000017)
    __rt_lib_init_lc_numeric_2               0x000003b5   Thumb Code     0  libinit2.o(.ARM.Collect$$libinit$$00000018)
    __rt_lib_init_alloca_1                   0x000003bf   Thumb Code     0  libinit2.o(.ARM.Collect$$libinit$$00000030)
    __rt_lib_init_argv_1                     0x000003bf   Thumb Code     0  libinit2.o(.ARM.Collect$$libinit$$0000002E)
    __rt_lib_init_atexit_1                   0x000003bf   Thumb Code     0  libinit2.o(.ARM.Collect$$libinit$$0000001D)
    __rt_lib_init_clock_1                    0x000003bf   Thumb Code     0  libinit2.o(.ARM.Collect$$libinit$$00000023)
    __rt_lib_init_cpp_1                      0x000003bf   Thumb Code     0  libinit2.o(.ARM.Collect$$libinit$$00000034)
    __rt_lib_init_exceptions_1               0x000003bf   Thumb Code     0  libinit2.o(.ARM.Collect$$libinit$$00000032)
    __rt_lib_init_fp_trap_1                  0x000003bf   Thumb Code     0  libinit2.o(.ARM.Collect$$libinit$$00000021)
    __rt_lib_init_getenv_1                   0x000003bf   Thumb Code     0  libinit2.o(.ARM.Collect$$libinit$$00000025)
    __rt_lib_init_lc_numeric_1               0x000003bf   Thumb Code     0  libinit2.o(.ARM.Collect$$libinit$$00000019)
    __rt_lib_init_lc_time_1                  0x000003bf   Thumb Code     0  libinit2.o(.ARM.Collect$$libinit$$0000001B)
    __rt_lib_init_return                     0x000003bf   Thumb Code     0  libinit2.o(.ARM.Collect$$libinit$$00000035)
    __rt_lib_init_signal_1                   0x000003bf   Thumb Code     0  libinit2.o(.ARM.Collect$$libinit$$0000001F)
    __rt_lib_init_stdio_1                    0x000003bf   Thumb Code     0  libinit2.o(.ARM.Collect$$libinit$$00000027)
    __rt_lib_shutdown                        0x000003c1   Thumb Code     0  libshutdown.o(.ARM.Collect$$libshutdown$$00000000)
    __rt_lib_shutdown_cpp_1                  0x000003c3   Thumb Code     0  libshutdown2.o(.ARM.Collect$$libshutdown$$00000002)
    __rt_lib_shutdown_fp_trap_1              0x000003c3   Thumb Code     0  libshutdown2.o(.ARM.Collect$$libshutdown$$00000007)
    __rt_lib_shutdown_heap_1                 0x000003c3   Thumb Code     0  libshutdown2.o(.ARM.Collect$$libshutdown$$0000000F)
    __rt_lib_shutdown_return                 0x000003c3   Thumb Code     0  libshutdown2.o(.ARM.Collect$$libshutdown$$00000010)
    __rt_lib_shutdown_signal_1               0x000003c3   Thumb Code     0  libshutdown2.o(.ARM.Collect$$libshutdown$$0000000A)
    __rt_lib_shutdown_stdio_1                0x000003c3   Thumb Code     0  libshutdown2.o(.ARM.Collect$$libshutdown$$00000004)
    __rt_lib_shutdown_user_alloc_1           0x000003c3   Thumb Code     0  libshutdown2.o(.ARM.Collect$$libshutdown$$0000000C)
    __rt_entry                               0x000003c5   Thumb Code     0  __rtentry.o(.ARM.Collect$$rtentry$$00000000)
    __rt_entry_presh_1                       0x000003c5   Thumb Code     0  __rtentry2.o(.ARM.Collect$$rtentry$$00000002)
    __rt_entry_sh                            0x000003c5   Thumb Code     0  __rtentry4.o(.ARM.Collect$$rtentry$$00000004)
    __rt_entry_li                            0x000003cb   Thumb Code     0  __rtentry2.o(.ARM.Collect$$rtentry$$0000000A)
    __rt_entry_postsh_1                      0x000003cb   Thumb Code     0  __rtentry2.o(.ARM.Collect$$rtentry$$00000009)
    __rt_entry_main                          0x000003cf   Thumb Code     0  __rtentry2.o(.ARM.Collect$$rtentry$$0000000D)
    __rt_entry_postli_1                      0x000003cf   Thumb Code     0  __rtentry2.o(.ARM.Collect$$rtentry$$0000000C)
    __rt_exit                                0x000003d7   Thumb Code     0  rtexit.o(.ARM.Collect$$rtexit$$00000000)
    __rt_exit_ls                             0x000003d9   Thumb Code     0  rtexit2.o(.ARM.Collect$$rtexit$$00000003)
    __rt_exit_prels_1                        0x000003d9   Thumb Code     0  rtexit2.o(.ARM.Collect$$rtexit$$00000002)
    __rt_exit_exit                           0x000003dd   Thumb Code     0  rtexit2.o(.ARM.Collect$$rtexit$$00000004)
    Reset_Handler                            0x000003e5   Thumb Code     8  startup_tm4c123.o(.text)
    NMI_Handler                              0x000003ed   Thumb Code     2  startup_tm4c123.o(.text)
    HardFault_Handler                        0x000003ef   Thumb Code     2  startup_tm4c123.o(.text)
    MemManage_Handler                        0x000003f1   Thumb Code     2  startup_tm4c123.o(.text)
    BusFault_Handler                         0x000003f3   Thumb Code     2  startup_tm4c123.o(.text)
    UsageFault_Handler                       0x000003f5   Thumb Code     2  startup_tm4c123.o(.text)
    SVC_Handler                              0x000003f7   Thumb Code     2  startup_tm4c123.o(.text)
    DebugMon_Handler                         0x000003f9   Thumb Code     2  startup_tm4c123.o(.text)
    PendSV_Handler                           0x000003fb   Thumb Code     2  startup_tm4c123.o(.text)
    SysTick_Handler                          0x000003fd   Thumb Code     2  startup_tm4c123.o(.text)
    GPIOA_Handler                            0x000003ff   Thumb Code     2  startup_tm4c123.o(.text)
    GPIOB_Handler                            0x00000401   Thumb Code     2  startup_tm4c123.o(.text)
    GPIOC_Handler                            0x00000403   Thumb Code     2  startup_tm4c123.o(.text)
    GPIOD_Handler                            0x00000405   Thumb Code     2  startup_tm4c123.o(.text)
    GPIOE_Handler                            0x00000407   Thumb Code     2  startup_tm4c123.o(.text)
    UART0_Handler                            0x00000409   Thumb Code     2  startup_tm4c123.o(.text)
    UART1_Handler                            0x0000040b   Thumb Code     2  startup_tm4c123.o(.text)
    SSI0_Handler                             0x0000040d   Thumb Code     2  startup_tm4c123.o(.text)
    I2C0_Handler                             0x0000040f   Thumb Code     2  startup_tm4c123.o(.text)
    PMW0_FAULT_Handler                       0x00000411   Thumb Code     2  startup_tm4c123.o(.text)
    PWM0_0_Handler                           0x00000413   Thumb Code     2  startup_tm4c123.o(.text)
    PWM0_1_Handler                           0x00000415   Thumb Code     2  startup_tm4c123.o(.text)
    PWM0_2_Handler                           0x00000417   Thumb Code     2  startup_tm4c123.o(.text)
    QEI0_Handler                             0x00000419   Thumb Code     2  startup_tm4c123.o(.text)
    ADC0SS0_Handler                          0x0000041b   Thumb Code     2  startup_tm4c123.o(.text)
    ADC0SS1_Handler                          0x0000041d   Thumb Code     2  startup_tm4c123.o(.text)
    ADC0SS2_Handler                          0x0000041f   Thumb Code     2  startup_tm4c123.o(.text)
    ADC0SS3_Handler                          0x00000421   Thumb Code     2  startup_tm4c123.o(.text)
    WDT0_Handler                             0x00000423   Thumb Code     2  startup_tm4c123.o(.text)
    TIMER0A_Handler                          0x00000425   Thumb Code     2  startup_tm4c123.o(.text)
    TIMER0B_Handler                          0x00000427   Thumb Code     2  startup_tm4c123.o(.text)
    TIMER1A_Handler                          0x00000429   Thumb Code     2  startup_tm4c123.o(.text)
    TIMER1B_Handler                          0x0000042b   Thumb Code     2  startup_tm4c123.o(.text)
    TIMER2A_Handler                          0x0000042d   Thumb Code     2  startup_tm4c123.o(.text)
    TIMER2B_Handler                          0x0000042f   Thumb Code     2  startup_tm4c123.o(.text)
    COMP0_Handler                            0x00000431   Thumb Code     2  startup_tm4c123.o(.text)
    COMP1_Handler                            0x00000433   Thumb Code     2  startup_tm4c123.o(.text)
    COMP2_Handler                            0x00000435   Thumb Code     2  startup_tm4c123.o(.text)
    SYSCTL_Handler                           0x00000437   Thumb Code     2  startup_tm4c123.o(.text)
    FLASH_Handler                            0x00000439   Thumb Code     2  startup_tm4c123.o(.text)
    GPIOF_Handler                            0x0000043b   Thumb Code     2  startup_tm4c123.o(.text)
    GPIOG_Handler                            0x0000043d   Thumb Code     2  startup_tm4c123.o(.text)
    GPIOH_Handler                            0x0000043f   Thumb Code     2  startup_tm4c123.o(.text)
    UART2_Handler                            0x00000441   Thumb Code     2  startup_tm4c123.o(.text)
    SSI1_Handler                             0x00000443   Thumb Code     2  startup_tm4c123.o(.text)
    TIMER3A_Handler                          0x00000445   Thumb Code     2  startup_tm4c123.o(.text)
    TIMER3B_Handler                          0x00000447   Thumb Code     2  startup_tm4c123.o(.text)
    I2C1_Handler                             0x00000449   Thumb Code     2  startup_tm4c123.o(.text)
    QEI1_Handler                             0x0000044b   Thumb Code     2  startup_tm4c123.o(.text)
    CAN0_Handler                             0x0000044d   Thumb Code     2  startup_tm4c123.o(.text)
    CAN1_Handler                             0x0000044f   Thumb Code     2  startup_tm4c123.o(.text)
    CAN2_Handler                             0x00000451   Thumb Code     2  startup_tm4c123.o(.text)
    HIB_Handler                              0x00000453   Thumb Code     2  startup_tm4c123.o(.text)
    USB0_Handler                             0x00000455   Thumb Code     2  startup_tm4c123.o(.text)
    PWM0_3_Handler                           0x00000457   Thumb Code     2  startup_tm4c123.o(.text)
    UDMA_Handler                             0x00000459   Thumb Code     2  startup_tm4c123.o(.text)
    UDMAERR_Handler                          0x0000045b   Thumb Code     2  startup_tm4c123.o(.text)
    ADC1SS0_Handler                          0x0000045d   Thumb Code     2  startup_tm4c123.o(.text)
    ADC1SS1_Handler                          0x0000045f   Thumb Code     2  startup_tm4c123.o(.text)
    ADC1SS2_Handler                          0x00000461   Thumb Code     2  startup_tm4c123.o(.text)
    ADC1SS3_Handler                          0x00000463   Thumb Code     2  startup_tm4c123.o(.text)
    GPIOJ_Handler                            0x00000465   Thumb Code     2  startup_tm4c123.o(.text)
    GPIOK_Handler                            0x00000467   Thumb Code     2  startup_tm4c123.o(.text)
    GPIOL_Handler                            0x00000469   Thumb Code     2  startup_tm4c123.o(.text)
    SSI2_Handler                             0x0000046b   Thumb Code     2  startup_tm4c123.o(.text)
    SSI3_Handler                             0x0000046d   Thumb Code     2  startup_tm4c123.o(.text)
    UART3_Handler                            0x0000046f   Thumb Code     2  startup_tm4c123.o(.text)
    UART4_Handler                            0x00000471   Thumb Code     2  startup_tm4c123.o(.text)
    UART5_Handler                            0x00000473   Thumb Code     2  startup_tm4c123.o(.text)
    UART6_Handler                            0x00000475   Thumb Code     2  startup_tm4c123.o(.text)
    UART7_Handler                            0x00000477   Thumb Code     2  startup_tm4c123.o(.text)
    I2C2_Handler                             0x00000479   Thumb Code     2  startup_tm4c123.o(.text)
    I2C3_Handler                             0x0000047b   Thumb Code     2  startup_tm4c123.o(.text)
    TIMER4A_Handler                          0x0000047d   Thumb Code     2  startup_tm4c123.o(.text)
    TIMER4B_Handler                          0x0000047f   Thumb Code     2  startup_tm4c123.o(.text)
    TIMER5A_Handler                          0x00000481   Thumb Code     2  startup_tm4c123.o(.text)
    TIMER5B_Handler                          0x00000483   Thumb Code     2  startup_tm4c123.o(.text)
    WTIMER0A_Handler                         0x00000485   Thumb Code     2  startup_tm4c123.o(.text)
    WTIMER0B_Handler                         0x00000487   Thumb Code     2  startup_tm4c123.o(.text)
    WTIMER1A_Handler                         0x00000489   Thumb Code     2  startup_tm4c123.o(.text)
    WTIMER1B_Handler                         0x0000048b   Thumb Code     2  startup_tm4c123.o(.text)
    WTIMER2A_Handler                         0x0000048d   Thumb Code     2  startup_tm4c123.o(.text)
    WTIMER2B_Handler                         0x0000048f   Thumb Code     2  startup_tm4c123.o(.text)
    WTIMER3A_Handler                         0x00000491   Thumb Code     2  startup_tm4c123.o(.text)
    WTIMER3B_Handler                         0x00000493   Thumb Code     2  startup_tm4c123.o(.text)
    WTIMER4A_Handler                         0x00000495   Thumb Code     2  startup_tm4c123.o(.text)
    WTIMER4B_Handler                         0x00000497   Thumb Code     2  startup_tm4c123.o(.text)
    WTIMER5A_Handler                         0x00000499   Thumb Code     2  startup_tm4c123.o(.text)
    WTIMER5B_Handler                         0x0000049b   Thumb Code     2  startup_tm4c123.o(.text)
    FPU_Handler                              0x0000049d   Thumb Code     2  startup_tm4c123.o(.text)
    I2C4_Handler                             0x0000049f   Thumb Code     2  startup_tm4c123.o(.text)
    I2C5_Handler                             0x000004a1   Thumb Code     2  startup_tm4c123.o(.text)
    GPIOM_Handler                            0x000004a3   Thumb Code     2  startup_tm4c123.o(.text)
    GPION_Handler                            0x000004a5   Thumb Code     2  startup_tm4c123.o(.text)
    QEI2_Handler                             0x000004a7   Thumb Code     2  startup_tm4c123.o(.text)
    GPIOP0_Handler                           0x000004a9   Thumb Code     2  startup_tm4c123.o(.text)
    GPIOP1_Handler                           0x000004ab   Thumb Code     2  startup_tm4c123.o(.text)
    GPIOP2_Handler                           0x000004ad   Thumb Code     2  startup_tm4c123.o(.text)
    GPIOP3_Handler                           0x000004af   Thumb Code     2  startup_tm4c123.o(.text)
    GPIOP4_Handler                           0x000004b1   Thumb Code     2  startup_tm4c123.o(.text)
    GPIOP5_Handler                           0x000004b3   Thumb Code     2  startup_tm4c123.o(.text)
    GPIOP6_Handler                           0x000004b5   Thumb Code     2  startup_tm4c123.o(.text)
    GPIOP7_Handler                           0x000004b7   Thumb Code     2  startup_tm4c123.o(.text)
    GPIOQ0_Handler                           0x000004b9   Thumb Code     2  startup_tm4c123.o(.text)
    GPIOQ1_Handler                           0x000004bb   Thumb Code     2  startup_tm4c123.o(.text)
    GPIOQ2_Handler                           0x000004bd   Thumb Code     2  startup_tm4c123.o(.text)
    GPIOQ3_Handler                           0x000004bf   Thumb Code     2  startup_tm4c123.o(.text)
    GPIOQ4_Handler                           0x000004c1   Thumb Code     2  startup_tm4c123.o(.text)
    GPIOQ5_Handler                           0x000004c3   Thumb Code     2  startup_tm4c123.o(.text)
    GPIOQ6_Handler                           0x000004c5   Thumb Code     2  startup_tm4c123.o(.text)
    GPIOQ7_Handler                           0x000004c7   Thumb Code     2  startup_tm4c123.o(.text)
    GPIOR_Handler                            0x000004c9   Thumb Code     2  startup_tm4c123.o(.text)
    GPIOS_Handler                            0x000004cb   Thumb Code     2  startup_tm4c123.o(.text)
    PMW1_0_Handler                           0x000004cd   Thumb Code     2  startup_tm4c123.o(.text)
    PWM1_1_Handler                           0x000004cf   Thumb Code     2  startup_tm4c123.o(.text)
    PWM1_2_Handler                           0x000004d1   Thumb Code     2  startup_tm4c123.o(.text)
    PWM1_3_Handler                           0x000004d3   Thumb Code     2  startup_tm4c123.o(.text)
    PWM1_FAULT_Handler                       0x000004d5   Thumb Code     2  startup_tm4c123.o(.text)
    __user_initial_stackheap                 0x000004d9   Thumb Code     0  startup_tm4c123.o(.text)
    vsprintf                                 0x000004f9   Thumb Code    32  vsprintf.o(.text)
    __aeabi_memclr4                          0x0000051d   Thumb Code     0  rt_memclr_w.o(.text)
    __aeabi_memclr8                          0x0000051d   Thumb Code     0  rt_memclr_w.o(.text)
    __rt_memclr_w                            0x0000051d   Thumb Code     0  rt_memclr_w.o(.text)
    _memset_w                                0x00000521   Thumb Code    74  rt_memclr_w.o(.text)
    __use_two_region_memory                  0x0000056b   Thumb Code     2  heapauxi.o(.text)
    __rt_heap_escrow$2region                 0x0000056d   Thumb Code     2  heapauxi.o(.text)
    __rt_heap_expand$2region                 0x0000056f   Thumb Code     2  heapauxi.o(.text)
    _printf_pre_padding                      0x00000571   Thumb Code    44  _printf_pad.o(.text)
    _printf_post_padding                     0x0000059d   Thumb Code    34  _printf_pad.o(.text)
    _printf_truncate_signed                  0x000005bf   Thumb Code    18  _printf_truncate.o(.text)
    _printf_truncate_unsigned                0x000005d1   Thumb Code    18  _printf_truncate.o(.text)
    _printf_str                              0x000005e3   Thumb Code    82  _printf_str.o(.text)
    _printf_int_dec                          0x00000635   Thumb Code   104  _printf_dec.o(.text)
    _printf_charcount                        0x000006ad   Thumb Code    40  _printf_charcount.o(.text)
    _printf_char_common                      0x000006df   Thumb Code    32  _printf_char_common.o(.text)
    _sputc                                   0x00000705   Thumb Code    10  _sputc.o(.text)
    _printf_wctomb                           0x00000711   Thumb Code   182  _printf_wctomb.o(.text)
    _printf_longlong_dec                     0x000007cd   Thumb Code   108  _printf_longlong_dec.o(.text)
    _printf_longlong_oct                     0x00000849   Thumb Code    68  _printf_oct_int_ll.o(.text)
    _printf_int_oct                          0x0000088d   Thumb Code    24  _printf_oct_int_ll.o(.text)
    _printf_ll_oct                           0x000008a5   Thumb Code    12  _printf_oct_int_ll.o(.text)
    _printf_longlong_hex                     0x000008b9   Thumb Code    86  _printf_hex_int_ll_ptr.o(.text)
    _printf_int_hex                          0x0000090f   Thumb Code    28  _printf_hex_int_ll_ptr.o(.text)
    _printf_ll_hex                           0x0000092b   Thumb Code    12  _printf_hex_int_ll_ptr.o(.text)
    _printf_hex_ptr                          0x00000937   Thumb Code    18  _printf_hex_int_ll_ptr.o(.text)
    __printf                                 0x0000094d   Thumb Code   388  __printf_flags_ss_wp.o(.text)
    _ll_udiv10                               0x00000ad5   Thumb Code   138  lludiv10.o(.text)
    _printf_int_common                       0x00000b5f   Thumb Code   178  _printf_intcommon.o(.text)
    _printf_fp_dec_real                      0x00000dc1   Thumb Code   620  _printf_fp_dec.o(.text)
    _printf_fp_hex_real                      0x0000102d   Thumb Code   756  _printf_fp_hex.o(.text)
    _printf_cs_common                        0x00001329   Thumb Code    20  _printf_char.o(.text)
    _printf_char                             0x0000133d   Thumb Code    16  _printf_char.o(.text)
    _printf_string                           0x0000134d   Thumb Code     8  _printf_char.o(.text)
    _printf_lcs_common                       0x00001355   Thumb Code    20  _printf_wchar.o(.text)
    _printf_wchar                            0x00001369   Thumb Code    16  _printf_wchar.o(.text)
    _printf_wstring                          0x00001379   Thumb Code     8  _printf_wchar.o(.text)
    _c16rtomb                                0x00001381   Thumb Code    72  _c16rtomb.o(.text)
    _wcrtomb                                 0x00001381   Thumb Code     0  _c16rtomb.o(.text)
    __user_setup_stackheap                   0x000013c9   Thumb Code    74  sys_stackheap_outer.o(.text)
    __rt_ctype_table                         0x00001415   Thumb Code    16  rt_ctype_table.o(.text)
    __rt_locale                              0x00001425   Thumb Code     8  rt_locale_intlibspace.o(.text)
    _printf_fp_infnan                        0x0000142d   Thumb Code   112  _printf_fp_infnan.o(.text)
    _btod_etento                             0x000014ad   Thumb Code   224  bigflt0.o(.text)
    exit                                     0x00001591   Thumb Code    18  exit.o(.text)
    __user_libspace                          0x000015a5   Thumb Code     8  libspace.o(.text)
    __user_perproc_libspace                  0x000015a5   Thumb Code     0  libspace.o(.text)
    __user_perthread_libspace                0x000015a5   Thumb Code     0  libspace.o(.text)
    strcmp                                   0x000015b1   Thumb Code   124  strcmpv7em.o(.text)
    _sys_exit                                0x0000162d   Thumb Code     8  sys_exit.o(.text)
    __I$use$semihosting                      0x00001639   Thumb Code     0  use_no_semi.o(.text)
    __use_no_semihosting_swi                 0x00001639   Thumb Code     2  use_no_semi.o(.text)
    __semihosting_library_function           0x0000163b   Thumb Code     0  indicate_semi.o(.text)
    BL_Print_Messege                         0x0000163d   Thumb Code    54  bootloader.o(.text.BL_Print_Messege)
    BL_UART_Fetch_Host_Command               0x00001675   Thumb Code   924  bootloader.o(.text.BL_UART_Fetch_Host_Command)
    Crc32                                    0x00001a91   Thumb Code    62  crc.o(.text.Crc32)
    Flash_EraseSectors                       0x00001ad1   Thumb Code    66  flash.o(.text.Flash_EraseSectors)
    Flash_Lock                               0x00001b15   Thumb Code    14  flash.o(.text.Flash_Lock)
    Flash_MassErase                          0x00001b25   Thumb Code    28  flash.o(.text.Flash_MassErase)
    Flash_Unlock                             0x00001b41   Thumb Code    18  flash.o(.text.Flash_Unlock)
    HAL_FLASH_Program                        0x00001b55   Thumb Code    84  flash.o(.text.HAL_FLASH_Program)
    SysClockSet                              0x00001ba9   Thumb Code   162  sysclockcfg.o(.text.SysClockSet)
    SystemInit                               0x00001c4d   Thumb Code   112  system_tm4c123.o(.text.SystemInit)
    UART_Init                                0x00001cbd   Thumb Code   702  usart.o(.text.UART_Init)
    UART_ReadString                          0x00001f7d   Thumb Code   118  usart.o(.text.UART_ReadString)
    UART_WriteString                         0x00001ff5   Thumb Code   120  usart.o(.text.UART_WriteString)
    main                                     0x0000206d   Thumb Code    34  app.o(.text.main)
    _btod_d2e                                0x0000208f   Thumb Code    62  btod.o(CL$$btod_d2e)
    _d2e_denorm_low                          0x000020cd   Thumb Code    70  btod.o(CL$$btod_d2e_denorm_low)
    _d2e_norm_op1                            0x00002113   Thumb Code    96  btod.o(CL$$btod_d2e_norm_op1)
    __btod_div_common                        0x00002175   Thumb Code   696  btod.o(CL$$btod_div_common)
    _e2e                                     0x000024ad   Thumb Code   220  btod.o(CL$$btod_e2e)
    _btod_ediv                               0x00002589   Thumb Code    42  btod.o(CL$$btod_ediv)
    _btod_emul                               0x000025b3   Thumb Code    42  btod.o(CL$$btod_emul)
    __btod_mult_common                       0x000025dd   Thumb Code   580  btod.o(CL$$btod_mult_common)
    __ARM_fpclassify                         0x00002821   Thumb Code    48  fpclassify.o(i.__ARM_fpclassify)
    _is_digit                                0x00002851   Thumb Code    14  __printf_wp.o(i._is_digit)
    _get_lc_numeric                          0x00002861   Thumb Code    44  lc_numeric_c.o(locale$$code)
    _get_lc_ctype                            0x0000288d   Thumb Code    44  lc_ctype_c.o(locale$$code)
    _fp_init                                 0x000028b9   Thumb Code    26  fpinit.o(x$fpl$fpinit)
    __fplib_config_fpu_vfp                   0x000028d1   Thumb Code     0  fpinit.o(x$fpl$fpinit)
    __fplib_config_pureend_doubles           0x000028d1   Thumb Code     0  fpinit.o(x$fpl$fpinit)
    _printf_fp_dec                           0x000028d3   Thumb Code     4  printf1.o(x$fpl$printf1)
    _printf_fp_hex                           0x000028d7   Thumb Code     4  printf2.o(x$fpl$printf2)
    __I$use$fp                               0x000028da   Number         0  usenofp.o(x$fpl$usenofp)
    Region$$Table$$Base                      0x000029f4   Number         0  anon$$obj.o(Region$$Table)
    Region$$Table$$Limit                     0x00002a14   Number         0  anon$$obj.o(Region$$Table)
    __ctype                                  0x00002a3d   Data           0  lc_ctype_c.o(locale$$data)
    __libspace_start                         0x20000008   Data          96  libspace.o(.bss)
    __temporary_stack_top$libspace           0x20000068   Data           0  libspace.o(.bss)



==============================================================================

Memory Map of the image

  Image Entry point : 0x000003e5

  Load Region LR_1 (Base: 0x00000000, Size: 0x00002b48, Max: 0xffffffff, ABSOLUTE)

    Execution Region ER_RO (Exec base: 0x00000000, Load base: 0x00000000, Size: 0x00002b40, Max: 0xffffffff, ABSOLUTE)

    Exec Addr    Load Addr    Size         Type   Attr      Idx    E Section Name        Object

    0x00000000   0x00000000   0x0000026c   Data   RO          114    RESET               startup_tm4c123.o
    0x0000026c   0x0000026c   0x00000008   Code   RO          143  * !!!main             c_w.l(__main.o)
    0x00000274   0x00000274   0x0000005c   Code   RO          480    !!!scatter          c_w.l(__scatter.o)
    0x000002d0   0x000002d0   0x0000001a   Code   RO          484    !!handler_copy      c_w.l(__scatter_copy.o)
    0x000002ea   0x000002ea   0x00000002   PAD
    0x000002ec   0x000002ec   0x00000002   Code   RO          481    !!handler_null      c_w.l(__scatter.o)
    0x000002ee   0x000002ee   0x00000002   PAD
    0x000002f0   0x000002f0   0x0000001c   Code   RO          486    !!handler_zi        c_w.l(__scatter_zi.o)
    0x0000030c   0x0000030c   0x00000000   Code   RO          227    .ARM.Collect$$_printf_percent$$00000000  c_w.l(_printf_percent.o)
    0x0000030c   0x0000030c   0x00000006   Code   RO          216    .ARM.Collect$$_printf_percent$$00000001  c_w.l(_printf_n.o)
    0x00000312   0x00000312   0x00000006   Code   RO          218    .ARM.Collect$$_printf_percent$$00000002  c_w.l(_printf_p.o)
    0x00000318   0x00000318   0x00000006   Code   RO          223    .ARM.Collect$$_printf_percent$$00000003  c_w.l(_printf_f.o)
    0x0000031e   0x0000031e   0x00000006   Code   RO          224    .ARM.Collect$$_printf_percent$$00000004  c_w.l(_printf_e.o)
    0x00000324   0x00000324   0x00000006   Code   RO          225    .ARM.Collect$$_printf_percent$$00000005  c_w.l(_printf_g.o)
    0x0000032a   0x0000032a   0x00000006   Code   RO          226    .ARM.Collect$$_printf_percent$$00000006  c_w.l(_printf_a.o)
    0x00000330   0x00000330   0x0000000a   Code   RO          231    .ARM.Collect$$_printf_percent$$00000007  c_w.l(_printf_ll.o)
    0x0000033a   0x0000033a   0x00000006   Code   RO          220    .ARM.Collect$$_printf_percent$$00000008  c_w.l(_printf_i.o)
    0x00000340   0x00000340   0x00000006   Code   RO          221    .ARM.Collect$$_printf_percent$$00000009  c_w.l(_printf_d.o)
    0x00000346   0x00000346   0x00000006   Code   RO          222    .ARM.Collect$$_printf_percent$$0000000A  c_w.l(_printf_u.o)
    0x0000034c   0x0000034c   0x00000006   Code   RO          219    .ARM.Collect$$_printf_percent$$0000000B  c_w.l(_printf_o.o)
    0x00000352   0x00000352   0x00000006   Code   RO          217    .ARM.Collect$$_printf_percent$$0000000C  c_w.l(_printf_x.o)
    0x00000358   0x00000358   0x00000006   Code   RO          228    .ARM.Collect$$_printf_percent$$0000000D  c_w.l(_printf_lli.o)
    0x0000035e   0x0000035e   0x00000006   Code   RO          229    .ARM.Collect$$_printf_percent$$0000000E  c_w.l(_printf_lld.o)
    0x00000364   0x00000364   0x00000006   Code   RO          230    .ARM.Collect$$_printf_percent$$0000000F  c_w.l(_printf_llu.o)
    0x0000036a   0x0000036a   0x00000006   Code   RO          235    .ARM.Collect$$_printf_percent$$00000010  c_w.l(_printf_llo.o)
    0x00000370   0x00000370   0x00000006   Code   RO          236    .ARM.Collect$$_printf_percent$$00000011  c_w.l(_printf_llx.o)
    0x00000376   0x00000376   0x0000000a   Code   RO          232    .ARM.Collect$$_printf_percent$$00000012  c_w.l(_printf_l.o)
    0x00000380   0x00000380   0x00000006   Code   RO          214    .ARM.Collect$$_printf_percent$$00000013  c_w.l(_printf_c.o)
    0x00000386   0x00000386   0x00000006   Code   RO          215    .ARM.Collect$$_printf_percent$$00000014  c_w.l(_printf_s.o)
    0x0000038c   0x0000038c   0x00000006   Code   RO          233    .ARM.Collect$$_printf_percent$$00000015  c_w.l(_printf_lc.o)
    0x00000392   0x00000392   0x00000006   Code   RO          234    .ARM.Collect$$_printf_percent$$00000016  c_w.l(_printf_ls.o)
    0x00000398   0x00000398   0x00000004   Code   RO          277    .ARM.Collect$$_printf_percent$$00000017  c_w.l(_printf_percent_end.o)
    0x0000039c   0x0000039c   0x00000002   Code   RO          328    .ARM.Collect$$libinit$$00000000  c_w.l(libinit.o)
    0x0000039e   0x0000039e   0x00000004   Code   RO          346    .ARM.Collect$$libinit$$00000001  c_w.l(libinit2.o)
    0x000003a2   0x000003a2   0x00000000   Code   RO          349    .ARM.Collect$$libinit$$00000004  c_w.l(libinit2.o)
    0x000003a2   0x000003a2   0x00000000   Code   RO          351    .ARM.Collect$$libinit$$00000006  c_w.l(libinit2.o)
    0x000003a2   0x000003a2   0x00000000   Code   RO          354    .ARM.Collect$$libinit$$0000000C  c_w.l(libinit2.o)
    0x000003a2   0x000003a2   0x00000000   Code   RO          356    .ARM.Collect$$libinit$$0000000E  c_w.l(libinit2.o)
    0x000003a2   0x000003a2   0x00000000   Code   RO          358    .ARM.Collect$$libinit$$00000010  c_w.l(libinit2.o)
    0x000003a2   0x000003a2   0x00000006   Code   RO          359    .ARM.Collect$$libinit$$00000011  c_w.l(libinit2.o)
    0x000003a8   0x000003a8   0x00000000   Code   RO          361    .ARM.Collect$$libinit$$00000013  c_w.l(libinit2.o)
    0x000003a8   0x000003a8   0x0000000c   Code   RO          362    .ARM.Collect$$libinit$$00000014  c_w.l(libinit2.o)
    0x000003b4   0x000003b4   0x00000000   Code   RO          363    .ARM.Collect$$libinit$$00000015  c_w.l(libinit2.o)
    0x000003b4   0x000003b4   0x00000000   Code   RO          365    .ARM.Collect$$libinit$$00000017  c_w.l(libinit2.o)
    0x000003b4   0x000003b4   0x0000000a   Code   RO          366    .ARM.Collect$$libinit$$00000018  c_w.l(libinit2.o)
    0x000003be   0x000003be   0x00000000   Code   RO          367    .ARM.Collect$$libinit$$00000019  c_w.l(libinit2.o)
    0x000003be   0x000003be   0x00000000   Code   RO          369    .ARM.Collect$$libinit$$0000001B  c_w.l(libinit2.o)
    0x000003be   0x000003be   0x00000000   Code   RO          371    .ARM.Collect$$libinit$$0000001D  c_w.l(libinit2.o)
    0x000003be   0x000003be   0x00000000   Code   RO          373    .ARM.Collect$$libinit$$0000001F  c_w.l(libinit2.o)
    0x000003be   0x000003be   0x00000000   Code   RO          375    .ARM.Collect$$libinit$$00000021  c_w.l(libinit2.o)
    0x000003be   0x000003be   0x00000000   Code   RO          377    .ARM.Collect$$libinit$$00000023  c_w.l(libinit2.o)
    0x000003be   0x000003be   0x00000000   Code   RO          379    .ARM.Collect$$libinit$$00000025  c_w.l(libinit2.o)
    0x000003be   0x000003be   0x00000000   Code   RO          381    .ARM.Collect$$libinit$$00000027  c_w.l(libinit2.o)
    0x000003be   0x000003be   0x00000000   Code   RO          385    .ARM.Collect$$libinit$$0000002E  c_w.l(libinit2.o)
    0x000003be   0x000003be   0x00000000   Code   RO          387    .ARM.Collect$$libinit$$00000030  c_w.l(libinit2.o)
    0x000003be   0x000003be   0x00000000   Code   RO          389    .ARM.Collect$$libinit$$00000032  c_w.l(libinit2.o)
    0x000003be   0x000003be   0x00000000   Code   RO          391    .ARM.Collect$$libinit$$00000034  c_w.l(libinit2.o)
    0x000003be   0x000003be   0x00000002   Code   RO          392    .ARM.Collect$$libinit$$00000035  c_w.l(libinit2.o)
    0x000003c0   0x000003c0   0x00000002   Code   RO          416    .ARM.Collect$$libshutdown$$00000000  c_w.l(libshutdown.o)
    0x000003c2   0x000003c2   0x00000000   Code   RO          431    .ARM.Collect$$libshutdown$$00000002  c_w.l(libshutdown2.o)
    0x000003c2   0x000003c2   0x00000000   Code   RO          433    .ARM.Collect$$libshutdown$$00000004  c_w.l(libshutdown2.o)
    0x000003c2   0x000003c2   0x00000000   Code   RO          436    .ARM.Collect$$libshutdown$$00000007  c_w.l(libshutdown2.o)
    0x000003c2   0x000003c2   0x00000000   Code   RO          439    .ARM.Collect$$libshutdown$$0000000A  c_w.l(libshutdown2.o)
    0x000003c2   0x000003c2   0x00000000   Code   RO          441    .ARM.Collect$$libshutdown$$0000000C  c_w.l(libshutdown2.o)
    0x000003c2   0x000003c2   0x00000000   Code   RO          444    .ARM.Collect$$libshutdown$$0000000F  c_w.l(libshutdown2.o)
    0x000003c2   0x000003c2   0x00000002   Code   RO          445    .ARM.Collect$$libshutdown$$00000010  c_w.l(libshutdown2.o)
    0x000003c4   0x000003c4   0x00000000   Code   RO          145    .ARM.Collect$$rtentry$$00000000  c_w.l(__rtentry.o)
    0x000003c4   0x000003c4   0x00000000   Code   RO          246    .ARM.Collect$$rtentry$$00000002  c_w.l(__rtentry2.o)
    0x000003c4   0x000003c4   0x00000006   Code   RO          258    .ARM.Collect$$rtentry$$00000004  c_w.l(__rtentry4.o)
    0x000003ca   0x000003ca   0x00000000   Code   RO          248    .ARM.Collect$$rtentry$$00000009  c_w.l(__rtentry2.o)
    0x000003ca   0x000003ca   0x00000004   Code   RO          249    .ARM.Collect$$rtentry$$0000000A  c_w.l(__rtentry2.o)
    0x000003ce   0x000003ce   0x00000000   Code   RO          251    .ARM.Collect$$rtentry$$0000000C  c_w.l(__rtentry2.o)
    0x000003ce   0x000003ce   0x00000008   Code   RO          252    .ARM.Collect$$rtentry$$0000000D  c_w.l(__rtentry2.o)
    0x000003d6   0x000003d6   0x00000002   Code   RO          337    .ARM.Collect$$rtexit$$00000000  c_w.l(rtexit.o)
    0x000003d8   0x000003d8   0x00000000   Code   RO          394    .ARM.Collect$$rtexit$$00000002  c_w.l(rtexit2.o)
    0x000003d8   0x000003d8   0x00000004   Code   RO          395    .ARM.Collect$$rtexit$$00000003  c_w.l(rtexit2.o)
    0x000003dc   0x000003dc   0x00000006   Code   RO          396    .ARM.Collect$$rtexit$$00000004  c_w.l(rtexit2.o)
    0x000003e2   0x000003e2   0x00000002   PAD
    0x000003e4   0x000003e4   0x00000114   Code   RO          115  * .text               startup_tm4c123.o
    0x000004f8   0x000004f8   0x00000024   Code   RO          137    .text               c_w.l(vsprintf.o)
    0x0000051c   0x0000051c   0x0000004e   Code   RO          139    .text               c_w.l(rt_memclr_w.o)
    0x0000056a   0x0000056a   0x00000006   Code   RO          141    .text               c_w.l(heapauxi.o)
    0x00000570   0x00000570   0x0000004e   Code   RO          148    .text               c_w.l(_printf_pad.o)
    0x000005be   0x000005be   0x00000024   Code   RO          150    .text               c_w.l(_printf_truncate.o)
    0x000005e2   0x000005e2   0x00000052   Code   RO          152    .text               c_w.l(_printf_str.o)
    0x00000634   0x00000634   0x00000078   Code   RO          154    .text               c_w.l(_printf_dec.o)
    0x000006ac   0x000006ac   0x00000028   Code   RO          156    .text               c_w.l(_printf_charcount.o)
    0x000006d4   0x000006d4   0x00000030   Code   RO          158    .text               c_w.l(_printf_char_common.o)
    0x00000704   0x00000704   0x0000000a   Code   RO          160    .text               c_w.l(_sputc.o)
    0x0000070e   0x0000070e   0x00000002   PAD
    0x00000710   0x00000710   0x000000bc   Code   RO          162    .text               c_w.l(_printf_wctomb.o)
    0x000007cc   0x000007cc   0x0000007c   Code   RO          165    .text               c_w.l(_printf_longlong_dec.o)
    0x00000848   0x00000848   0x00000070   Code   RO          171    .text               c_w.l(_printf_oct_int_ll.o)
    0x000008b8   0x000008b8   0x00000094   Code   RO          191    .text               c_w.l(_printf_hex_int_ll_ptr.o)
    0x0000094c   0x0000094c   0x00000188   Code   RO          211    .text               c_w.l(__printf_flags_ss_wp.o)
    0x00000ad4   0x00000ad4   0x0000008a   Code   RO          260    .text               c_w.l(lludiv10.o)
    0x00000b5e   0x00000b5e   0x000000b2   Code   RO          262    .text               c_w.l(_printf_intcommon.o)
    0x00000c10   0x00000c10   0x0000041c   Code   RO          264    .text               c_w.l(_printf_fp_dec.o)
    0x0000102c   0x0000102c   0x000002fc   Code   RO          268    .text               c_w.l(_printf_fp_hex.o)
    0x00001328   0x00001328   0x0000002c   Code   RO          273    .text               c_w.l(_printf_char.o)
    0x00001354   0x00001354   0x0000002c   Code   RO          275    .text               c_w.l(_printf_wchar.o)
    0x00001380   0x00001380   0x00000048   Code   RO          278    .text               c_w.l(_c16rtomb.o)
    0x000013c8   0x000013c8   0x0000004a   Code   RO          280    .text               c_w.l(sys_stackheap_outer.o)
    0x00001412   0x00001412   0x00000002   PAD
    0x00001414   0x00001414   0x00000010   Code   RO          282    .text               c_w.l(rt_ctype_table.o)
    0x00001424   0x00001424   0x00000008   Code   RO          287    .text               c_w.l(rt_locale_intlibspace.o)
    0x0000142c   0x0000142c   0x00000080   Code   RO          289    .text               c_w.l(_printf_fp_infnan.o)
    0x000014ac   0x000014ac   0x000000e4   Code   RO          291    .text               c_w.l(bigflt0.o)
    0x00001590   0x00001590   0x00000012   Code   RO          321    .text               c_w.l(exit.o)
    0x000015a2   0x000015a2   0x00000002   PAD
    0x000015a4   0x000015a4   0x00000008   Code   RO          334    .text               c_w.l(libspace.o)
    0x000015ac   0x000015ac   0x00000004   PAD
    0x000015b0   0x000015b0   0x0000007c   Code   RO          344    .text               c_w.l(strcmpv7em.o)
    0x0000162c   0x0000162c   0x0000000c   Code   RO          406    .text               c_w.l(sys_exit.o)
    0x00001638   0x00001638   0x00000002   Code   RO          421    .text               c_w.l(use_no_semi.o)
    0x0000163a   0x0000163a   0x00000000   Code   RO          423    .text               c_w.l(indicate_semi.o)
    0x0000163a   0x0000163a   0x00000002   PAD
    0x0000163c   0x0000163c   0x00000036   Code   RO           82    .text.BL_Print_Messege  bootloader.o
    0x00001672   0x00001672   0x00000002   PAD
    0x00001674   0x00001674   0x0000041c   Code   RO           80    .text.BL_UART_Fetch_Host_Command  bootloader.o
    0x00001a90   0x00001a90   0x0000003e   Code   RO           61    .text.Crc32         crc.o
    0x00001ace   0x00001ace   0x00000002   PAD
    0x00001ad0   0x00001ad0   0x00000042   Code   RO           99    .text.Flash_EraseSectors  flash.o
    0x00001b12   0x00001b12   0x00000002   PAD
    0x00001b14   0x00001b14   0x0000000e   Code   RO          101    .text.Flash_Lock    flash.o
    0x00001b22   0x00001b22   0x00000002   PAD
    0x00001b24   0x00001b24   0x0000001c   Code   RO           97    .text.Flash_MassErase  flash.o
    0x00001b40   0x00001b40   0x00000012   Code   RO           95    .text.Flash_Unlock  flash.o
    0x00001b52   0x00001b52   0x00000002   PAD
    0x00001b54   0x00001b54   0x00000054   Code   RO          103    .text.HAL_FLASH_Program  flash.o
    0x00001ba8   0x00001ba8   0x000000a2   Code   RO           71    .text.SysClockSet   sysclockcfg.o
    0x00001c4a   0x00001c4a   0x00000002   PAD
    0x00001c4c   0x00001c4c   0x00000070   Code   RO          124    .text.SystemInit    system_tm4c123.o
    0x00001cbc   0x00001cbc   0x000002be   Code   RO           37    .text.UART_Init     usart.o
    0x00001f7a   0x00001f7a   0x00000002   PAD
    0x00001f7c   0x00001f7c   0x00000076   Code   RO           49    .text.UART_ReadString  usart.o
    0x00001ff2   0x00001ff2   0x00000002   PAD
    0x00001ff4   0x00001ff4   0x00000078   Code   RO           45    .text.UART_WriteString  usart.o
    0x0000206c   0x0000206c   0x00000022   Code   RO            2    .text.main          app.o
    0x0000208e   0x0000208e   0x0000003e   Code   RO          294    CL$$btod_d2e        c_w.l(btod.o)
    0x000020cc   0x000020cc   0x00000046   Code   RO          296    CL$$btod_d2e_denorm_low  c_w.l(btod.o)
    0x00002112   0x00002112   0x00000060   Code   RO          295    CL$$btod_d2e_norm_op1  c_w.l(btod.o)
    0x00002172   0x00002172   0x00000002   PAD
    0x00002174   0x00002174   0x00000338   Code   RO          304    CL$$btod_div_common  c_w.l(btod.o)
    0x000024ac   0x000024ac   0x000000dc   Code   RO          301    CL$$btod_e2e        c_w.l(btod.o)
    0x00002588   0x00002588   0x0000002a   Code   RO          298    CL$$btod_ediv       c_w.l(btod.o)
    0x000025b2   0x000025b2   0x0000002a   Code   RO          297    CL$$btod_emul       c_w.l(btod.o)
    0x000025dc   0x000025dc   0x00000244   Code   RO          303    CL$$btod_mult_common  c_w.l(btod.o)
    0x00002820   0x00002820   0x00000030   Code   RO          332    i.__ARM_fpclassify  m_wm.l(fpclassify.o)
    0x00002850   0x00002850   0x0000000e   Code   RO          204    i._is_digit         c_w.l(__printf_wp.o)
    0x0000285e   0x0000285e   0x00000002   PAD
    0x00002860   0x00002860   0x0000002c   Code   RO          319    locale$$code        c_w.l(lc_numeric_c.o)
    0x0000288c   0x0000288c   0x0000002c   Code   RO          342    locale$$code        c_w.l(lc_ctype_c.o)
    0x000028b8   0x000028b8   0x0000001a   Code   RO          404    x$fpl$fpinit        fz_wm.l(fpinit.o)
    0x000028d2   0x000028d2   0x00000004   Code   RO          237    x$fpl$printf1       fz_wm.l(printf1.o)
    0x000028d6   0x000028d6   0x00000004   Code   RO          239    x$fpl$printf2       fz_wm.l(printf2.o)
    0x000028da   0x000028da   0x00000000   Code   RO          331    x$fpl$usenofp       fz_wm.l(usenofp.o)
    0x000028da   0x000028da   0x00000002   PAD
    0x000028dc   0x000028dc   0x00000008   Data   RO          163    .constdata          c_w.l(_printf_wctomb.o)
    0x000028e4   0x000028e4   0x00000028   Data   RO          192    .constdata          c_w.l(_printf_hex_int_ll_ptr.o)
    0x0000290c   0x0000290c   0x00000011   Data   RO          212    .constdata          c_w.l(__printf_flags_ss_wp.o)
    0x0000291d   0x0000291d   0x00000026   Data   RO          269    .constdata          c_w.l(_printf_fp_hex.o)
    0x00002943   0x00002943   0x00000001   PAD
    0x00002944   0x00002944   0x00000094   Data   RO          292    .constdata          c_w.l(bigflt0.o)
    0x000029d8   0x000029d8   0x0000001b   Data   RO           85    .rodata.str1.1      bootloader.o
    0x000029f3   0x000029f3   0x00000001   PAD
    0x000029f4   0x000029f4   0x00000020   Data   RO          479    Region$$Table       anon$$obj.o
    0x00002a14   0x00002a14   0x0000001c   Data   RO          318    locale$$data        c_w.l(lc_numeric_c.o)
    0x00002a30   0x00002a30   0x00000110   Data   RO          341    locale$$data        c_w.l(lc_ctype_c.o)


    Execution Region ER_RW (Exec base: 0x20000000, Load base: 0x00002b40, Size: 0x00000008, Max: 0xffffffff, ABSOLUTE)

    Exec Addr    Load Addr    Size         Type   Attr      Idx    E Section Name        Object

    0x20000000   0x00002b40   0x00000006   Data   RW           86    .data.Bootloader_Supported_CMDs  bootloader.o


    Execution Region ER_ZI (Exec base: 0x20000008, Load base: 0x00002b48, Size: 0x00000328, Max: 0xffffffff, ABSOLUTE)

    Exec Addr    Load Addr    Size         Type   Attr      Idx    E Section Name        Object

    0x20000008        -       0x00000060   Zero   RW          335    .bss                c_w.l(libspace.o)
    0x20000068        -       0x000000c8   Zero   RW           84    .bss.BL_Host_Buffer  bootloader.o
    0x20000130        -       0x00000000   Zero   RW          113    HEAP                startup_tm4c123.o
    0x20000130        -       0x00000200   Zero   RW          112    STACK               startup_tm4c123.o


==============================================================================

Image component sizes


      Code (inc. data)   RO Data    RW Data    ZI Data      Debug   Object Name

        34          0          0          0          0        638   app.o
      1106        142         27          6        200      13038   bootloader.o
        62          0          0          0          0        963   crc.o
       210          0          0          0          0       1951   flash.o
       276         24        620          0        512       5484   startup_tm4c123.o
       162          0          0          0          0       5298   sysclockcfg.o
       112          0          0          0          0       6517   system_tm4c123.o
       940         32          0          0          0      10151   usart.o

    ----------------------------------------------------------------------
      2918        198        680          8        712      44040   Object Totals
         0          0         32          0          0          0   (incl. Generated)
        16          0          1          2          0          0   (incl. Padding)

    ----------------------------------------------------------------------

      Code (inc. data)   RO Data    RW Data    ZI Data      Debug   Library Member Name

         8          0          0          0          0         68   __main.o
       392          4         17          0          0         92   __printf_flags_ss_wp.o
        14          0          0          0          0         68   __printf_wp.o
         0          0          0          0          0          0   __rtentry.o
        12          0          0          0          0          0   __rtentry2.o
         6          0          0          0          0          0   __rtentry4.o
        94          8          0          0          0          0   __scatter.o
        26          0          0          0          0          0   __scatter_copy.o
        28          0          0          0          0          0   __scatter_zi.o
        72          0          0          0          0         96   _c16rtomb.o
         6          0          0          0          0          0   _printf_a.o
         6          0          0          0          0          0   _printf_c.o
        44          0          0          0          0        108   _printf_char.o
        48          6          0          0          0         96   _printf_char_common.o
        40          0          0          0          0         68   _printf_charcount.o
         6          0          0          0          0          0   _printf_d.o
       120         16          0          0          0         92   _printf_dec.o
         6          0          0          0          0          0   _printf_e.o
         6          0          0          0          0          0   _printf_f.o
      1052          0          0          0          0        148   _printf_fp_dec.o
       764          8         38          0          0        100   _printf_fp_hex.o
       128         16          0          0          0         84   _printf_fp_infnan.o
         6          0          0          0          0          0   _printf_g.o
       148          4         40          0          0        160   _printf_hex_int_ll_ptr.o
         6          0          0          0          0          0   _printf_i.o
       178          0          0          0          0         88   _printf_intcommon.o
        10          0          0          0          0          0   _printf_l.o
         6          0          0          0          0          0   _printf_lc.o
        10          0          0          0          0          0   _printf_ll.o
         6          0          0          0          0          0   _printf_lld.o
         6          0          0          0          0          0   _printf_lli.o
         6          0          0          0          0          0   _printf_llo.o
         6          0          0          0          0          0   _printf_llu.o
         6          0          0          0          0          0   _printf_llx.o
       124         16          0          0          0         92   _printf_longlong_dec.o
         6          0          0          0          0          0   _printf_ls.o
         6          0          0          0          0          0   _printf_n.o
         6          0          0          0          0          0   _printf_o.o
       112          8          0          0          0        124   _printf_oct_int_ll.o
         6          0          0          0          0          0   _printf_p.o
        78          0          0          0          0        108   _printf_pad.o
         0          0          0          0          0          0   _printf_percent.o
         4          0          0          0          0          0   _printf_percent_end.o
         6          0          0          0          0          0   _printf_s.o
        82          0          0          0          0         80   _printf_str.o
        36          0          0          0          0         84   _printf_truncate.o
         6          0          0          0          0          0   _printf_u.o
        44          0          0          0          0        108   _printf_wchar.o
       188          6          8          0          0         92   _printf_wctomb.o
         6          0          0          0          0          0   _printf_x.o
        10          0          0          0          0         68   _sputc.o
       228          4        148          0          0         96   bigflt0.o
      1936        128          0          0          0        668   btod.o
        18          0          0          0          0         80   exit.o
         6          0          0          0          0        152   heapauxi.o
         0          0          0          0          0          0   indicate_semi.o
        44         10        272          0          0         76   lc_ctype_c.o
        44         10         28          0          0         76   lc_numeric_c.o
         2          0          0          0          0          0   libinit.o
        34          0          0          0          0          0   libinit2.o
         2          0          0          0          0          0   libshutdown.o
         2          0          0          0          0          0   libshutdown2.o
         8          4          0          0         96         68   libspace.o
       138          0          0          0          0         80   lludiv10.o
        16          4          0          0          0         76   rt_ctype_table.o
         8          4          0          0          0         68   rt_locale_intlibspace.o
        78          0          0          0          0         80   rt_memclr_w.o
         2          0          0          0          0          0   rtexit.o
        10          0          0          0          0          0   rtexit2.o
       124          0          0          0          0         88   strcmpv7em.o
        12          4          0          0          0         68   sys_exit.o
        74          0          0          0          0         80   sys_stackheap_outer.o
         2          0          0          0          0         68   use_no_semi.o
        36          4          0          0          0         76   vsprintf.o
        26          0          0          0          0        116   fpinit.o
         4          0          0          0          0        116   printf1.o
         4          0          0          0          0        116   printf2.o
         0          0          0          0          0          0   usenofp.o
        48          0          0          0          0        124   fpclassify.o

    ----------------------------------------------------------------------
      6922        268        552          0         96       4396   Library Totals
        24          4          1          0          0          0   (incl. Padding)

    ----------------------------------------------------------------------

      Code (inc. data)   RO Data    RW Data    ZI Data      Debug   Library Name

      6816        264        551          0         96       3924   c_w.l
        34          0          0          0          0        348   fz_wm.l
        48          0          0          0          0        124   m_wm.l

    ----------------------------------------------------------------------
      6922        268        552          0         96       4396   Library Totals

    ----------------------------------------------------------------------

==============================================================================


      Code (inc. data)   RO Data    RW Data    ZI Data      Debug   

      9840        466       1232          8        808      46104   Grand Totals
      9840        466       1232          8        808      46104   ELF Image Totals
      9840        466       1232          8          0          0   ROM Totals

==============================================================================

    Total RO  Size (Code + RO Data)                11072 (  10.81kB)
    Total RW  Size (RW Data + ZI Data)               816 (   0.80kB)
    Total ROM Size (Code + RO Data + RW Data)      11080 (  10.82kB)

==============================================================================

