Component: Arm Compiler for Embedded 6.21 Tool: armlink [5ec1fa00]

==============================================================================

Section Cross References

    app.o(.text.vTask1) refers to gpio.o(.text.GPIO_WritePin) for GPIO_WritePin
    app.o(.text.vTask1) refers to tasks.o(.text.vTaskDelay) for vTaskDelay
    app.o(.ARM.exidx.text.vTask1) refers to app.o(.text.vTask1) for [Anonymous Symbol]
    app.o(.text.vTask2) refers to gpio.o(.text.GPIO_WritePin) for GPIO_WritePin
    app.o(.text.vTask2) refers to tasks.o(.text.vTaskDelay) for vTaskDelay
    app.o(.ARM.exidx.text.vTask2) refers to app.o(.text.vTask2) for [Anonymous Symbol]
    app.o(.text.vTask3) refers to gpio.o(.text.GPIO_WritePin) for GPIO_WritePin
    app.o(.text.vTask3) refers to tasks.o(.text.vTaskDelay) for vTaskDelay
    app.o(.ARM.exidx.text.vTask3) refers to app.o(.text.vTask3) for [Anonymous Symbol]
    app.o(.text.main) refers to sysclockcfg.o(.text.SysClockSet) for SysClockSet
    app.o(.text.main) refers to gpio.o(.text.GPIO_Init) for GPIO_Init
    app.o(.text.main) refers to gpio.o(.text.GPIO_WritePin) for GPIO_WritePin
    app.o(.text.main) refers to app.o(.text.vTask1) for vTask1
    app.o(.text.main) refers to tasks.o(.text.xTaskCreate) for xTaskCreate
    app.o(.text.main) refers to app.o(.text.vTask2) for vTask2
    app.o(.text.main) refers to app.o(.text.vTask3) for vTask3
    app.o(.text.main) refers to tasks.o(.text.vTaskStartScheduler) for vTaskStartScheduler
    app.o(.ARM.exidx.text.main) refers to app.o(.text.main) for [Anonymous Symbol]
    button.o(.ARM.exidx.text.Button_Init) refers to button.o(.text.Button_Init) for [Anonymous Symbol]
    button.o(.ARM.exidx.text.Button_Read) refers to button.o(.text.Button_Read) for [Anonymous Symbol]
    gpio.o(.ARM.exidx.text.GPIO_Init) refers to gpio.o(.text.GPIO_Init) for [Anonymous Symbol]
    gpio.o(.ARM.exidx.text.GPIO_WritePin) refers to gpio.o(.text.GPIO_WritePin) for [Anonymous Symbol]
    gpio.o(.ARM.exidx.text.GPIO_ReadPin) refers to gpio.o(.text.GPIO_ReadPin) for [Anonymous Symbol]
    sysclockcfg.o(.ARM.exidx.text.SysClockSet) refers to sysclockcfg.o(.text.SysClockSet) for [Anonymous Symbol]
    event_groups.o(.text.xEventGroupCreate) refers to heap_4.o(.text.pvPortMalloc) for pvPortMalloc
    event_groups.o(.text.xEventGroupCreate) refers to list.o(.text.vListInitialise) for vListInitialise
    event_groups.o(.ARM.exidx.text.xEventGroupCreate) refers to event_groups.o(.text.xEventGroupCreate) for [Anonymous Symbol]
    event_groups.o(.text.xEventGroupSync) refers to tasks.o(.text.xTaskGetSchedulerState) for xTaskGetSchedulerState
    event_groups.o(.text.xEventGroupSync) refers to tasks.o(.text.vTaskSuspendAll) for vTaskSuspendAll
    event_groups.o(.text.xEventGroupSync) refers to event_groups.o(.text.xEventGroupSetBits) for xEventGroupSetBits
    event_groups.o(.text.xEventGroupSync) refers to tasks.o(.text.vTaskPlaceOnUnorderedEventList) for vTaskPlaceOnUnorderedEventList
    event_groups.o(.text.xEventGroupSync) refers to tasks.o(.text.xTaskResumeAll) for xTaskResumeAll
    event_groups.o(.text.xEventGroupSync) refers to tasks.o(.text.uxTaskResetEventItemValue) for uxTaskResetEventItemValue
    event_groups.o(.text.xEventGroupSync) refers to port.o(.text.vPortEnterCritical) for vPortEnterCritical
    event_groups.o(.text.xEventGroupSync) refers to port.o(.text.vPortExitCritical) for vPortExitCritical
    event_groups.o(.ARM.exidx.text.xEventGroupSync) refers to event_groups.o(.text.xEventGroupSync) for [Anonymous Symbol]
    event_groups.o(.text.xEventGroupSetBits) refers to tasks.o(.text.vTaskSuspendAll) for vTaskSuspendAll
    event_groups.o(.text.xEventGroupSetBits) refers to tasks.o(.text.vTaskRemoveFromUnorderedEventList) for vTaskRemoveFromUnorderedEventList
    event_groups.o(.text.xEventGroupSetBits) refers to tasks.o(.text.xTaskResumeAll) for xTaskResumeAll
    event_groups.o(.ARM.exidx.text.xEventGroupSetBits) refers to event_groups.o(.text.xEventGroupSetBits) for [Anonymous Symbol]
    event_groups.o(.text.xEventGroupWaitBits) refers to tasks.o(.text.xTaskGetSchedulerState) for xTaskGetSchedulerState
    event_groups.o(.text.xEventGroupWaitBits) refers to tasks.o(.text.vTaskSuspendAll) for vTaskSuspendAll
    event_groups.o(.text.xEventGroupWaitBits) refers to tasks.o(.text.vTaskPlaceOnUnorderedEventList) for vTaskPlaceOnUnorderedEventList
    event_groups.o(.text.xEventGroupWaitBits) refers to tasks.o(.text.xTaskResumeAll) for xTaskResumeAll
    event_groups.o(.text.xEventGroupWaitBits) refers to tasks.o(.text.uxTaskResetEventItemValue) for uxTaskResetEventItemValue
    event_groups.o(.text.xEventGroupWaitBits) refers to port.o(.text.vPortEnterCritical) for vPortEnterCritical
    event_groups.o(.text.xEventGroupWaitBits) refers to port.o(.text.vPortExitCritical) for vPortExitCritical
    event_groups.o(.ARM.exidx.text.xEventGroupWaitBits) refers to event_groups.o(.text.xEventGroupWaitBits) for [Anonymous Symbol]
[...]
    Removing tasks.o(.ARM.exidx.text.vTaskSetTaskNumber), (8 bytes).
    Removing tasks.o(.text.vTaskGetInfo), (278 bytes).
    Removing tasks.o(.ARM.exidx.text.vTaskGetInfo), (8 bytes).
    Removing tasks.o(.text.xTaskGetCurrentTaskHandle), (12 bytes).
    Removing tasks.o(.ARM.exidx.text.xTaskGetCurrentTaskHandle), (8 bytes).
    Removing tasks.o(.ARM.exidx.text.xTaskGetSchedulerState), (8 bytes).
    Removing tasks.o(.text.vTaskList), (224 bytes).
    Removing tasks.o(.ARM.exidx.text.vTaskList), (8 bytes).
    Removing tasks.o(.text.uxTaskResetEventItemValue), (26 bytes).
    Removing tasks.o(.ARM.exidx.text.uxTaskResetEventItemValue), (8 bytes).
    Removing tasks.o(.text.ulTaskGenericNotifyTake), (132 bytes).
    Removing tasks.o(.ARM.exidx.text.ulTaskGenericNotifyTake), (8 bytes).
    Removing tasks.o(.text.xTaskGenericNotifyWait), (178 bytes).
    Removing tasks.o(.ARM.exidx.text.xTaskGenericNotifyWait), (8 bytes).
    Removing tasks.o(.text.xTaskGenericNotify), (300 bytes).
    Removing tasks.o(.ARM.exidx.text.xTaskGenericNotify), (8 bytes).
    Removing tasks.o(.text.xTaskGenericNotifyFromISR), (340 bytes).
    Removing tasks.o(.ARM.exidx.text.xTaskGenericNotifyFromISR), (8 bytes).
    Removing tasks.o(.text.vTaskGenericNotifyGiveFromISR), (260 bytes).
    Removing tasks.o(.ARM.exidx.text.vTaskGenericNotifyGiveFromISR), (8 bytes).
    Removing tasks.o(.text.xTaskGenericNotifyStateClear), (52 bytes).
    Removing tasks.o(.ARM.exidx.text.xTaskGenericNotifyStateClear), (8 bytes).
    Removing tasks.o(.text.ulTaskGenericNotifyValueClear), (44 bytes).
    Removing tasks.o(.ARM.exidx.text.ulTaskGenericNotifyValueClear), (8 bytes).
    Removing tasks.o(.bss.xIdleTaskTCB), (84 bytes).
    Removing tasks.o(.bss.xIdleStack), (512 bytes).
    Removing tasks.o(.bss.xTimerTaskTCB), (84 bytes).
    Removing tasks.o(.bss.xTimerStack), (512 bytes).
    Removing timers.o(.text), (0 bytes).
    Removing timers.o(.ARM.exidx.text.xTimerCreateTimerTask), (8 bytes).
    Removing timers.o(.ARM.exidx.text.prvTimerTask), (8 bytes).
    Removing timers.o(.text.xTimerCreate), (170 bytes).
    Removing timers.o(.ARM.exidx.text.xTimerCreate), (8 bytes).
    Removing timers.o(.text.xTimerGenericCommand), (88 bytes).
    Removing timers.o(.ARM.exidx.text.xTimerGenericCommand), (8 bytes).
    Removing timers.o(.text.xTimerGetTimerDaemonTaskHandle), (18 bytes).
    Removing timers.o(.ARM.exidx.text.xTimerGetTimerDaemonTaskHandle), (8 bytes).
    Removing timers.o(.text.xTimerGetPeriod), (10 bytes).
    Removing timers.o(.ARM.exidx.text.xTimerGetPeriod), (8 bytes).
    Removing timers.o(.text.vTimerSetReloadMode), (46 bytes).
    Removing timers.o(.ARM.exidx.text.vTimerSetReloadMode), (8 bytes).
    Removing timers.o(.text.xTimerGetReloadMode), (30 bytes).
    Removing timers.o(.ARM.exidx.text.xTimerGetReloadMode), (8 bytes).
    Removing timers.o(.text.uxTimerGetReloadMode), (30 bytes).
    Removing timers.o(.ARM.exidx.text.uxTimerGetReloadMode), (8 bytes).
    Removing timers.o(.text.xTimerGetExpiryTime), (10 bytes).
    Removing timers.o(.ARM.exidx.text.xTimerGetExpiryTime), (8 bytes).
    Removing timers.o(.text.pcTimerGetName), (10 bytes).
    Removing timers.o(.ARM.exidx.text.pcTimerGetName), (8 bytes).
    Removing timers.o(.text.xTimerIsTimerActive), (30 bytes).
    Removing timers.o(.ARM.exidx.text.xTimerIsTimerActive), (8 bytes).
    Removing timers.o(.text.pvTimerGetTimerID), (22 bytes).
    Removing timers.o(.ARM.exidx.text.pvTimerGetTimerID), (8 bytes).
    Removing timers.o(.text.vTimerSetTimerID), (26 bytes).
    Removing timers.o(.ARM.exidx.text.vTimerSetTimerID), (8 bytes).
    Removing timers.o(.text.uxTimerGetTimerNumber), (4 bytes).
    Removing timers.o(.ARM.exidx.text.uxTimerGetTimerNumber), (8 bytes).
    Removing timers.o(.text.vTimerSetTimerNumber), (4 bytes).
    Removing timers.o(.ARM.exidx.text.vTimerSetTimerNumber), (8 bytes).
    Removing timers.o(.ARM.exidx.text.prvProcessExpiredTimer), (8 bytes).
    Removing heap_4.o(.text), (0 bytes).
    Removing heap_4.o(.ARM.exidx.text.pvPortMalloc), (8 bytes).
    Removing heap_4.o(.ARM.exidx.text.vPortFree), (8 bytes).
    Removing heap_4.o(.text.xPortGetFreeHeapSize), (12 bytes).
    Removing heap_4.o(.ARM.exidx.text.xPortGetFreeHeapSize), (8 bytes).
    Removing heap_4.o(.text.xPortGetMinimumEverFreeHeapSize), (12 bytes).
    Removing heap_4.o(.ARM.exidx.text.xPortGetMinimumEverFreeHeapSize), (8 bytes).
    Removing heap_4.o(.text.vPortInitialiseBlocks), (2 bytes).
    Removing heap_4.o(.ARM.exidx.text.vPortInitialiseBlocks), (8 bytes).
    Removing heap_4.o(.text.pvPortCalloc), (36 bytes).
    Removing heap_4.o(.ARM.exidx.text.pvPortCalloc), (8 bytes).
    Removing heap_4.o(.text.vPortGetHeapStats), (148 bytes).
    Removing heap_4.o(.ARM.exidx.text.vPortGetHeapStats), (8 bytes).
    Removing system_tm4c123.o(.text), (0 bytes).
    Removing system_tm4c123.o(.text.SystemCoreClockUpdate), (280 bytes).
    Removing system_tm4c123.o(.ARM.exidx.text.SystemCoreClockUpdate), (8 bytes).
    Removing system_tm4c123.o(.ARM.exidx.text.SystemInit), (8 bytes).
    Removing system_tm4c123.o(.data.SystemCoreClock), (4 bytes).
    Removing system_tm4c123.o(.rodata..Lswitch.table.SystemCoreClockUpdate.1), (92 bytes).

283 unused section(s) (total 13898 bytes) removed from the image.

==============================================================================

Image Symbol Table

    Local Symbols

    Symbol Name                              Value     Ov Type        Size  Object(Section)

    ../clib/angel/boardlib.s                 0x00000000   Number         0  boardinit1.o ABSOLUTE
    ../clib/angel/boardlib.s                 0x00000000   Number         0  boardinit2.o ABSOLUTE
    ../clib/angel/boardlib.s                 0x00000000   Number         0  boardinit3.o ABSOLUTE
    ../clib/angel/boardlib.s                 0x00000000   Number         0  boardshut.o ABSOLUTE
    ../clib/angel/handlers.s                 0x00000000   Number         0  __scatter_copy.o ABSOLUTE
    ../clib/angel/handlers.s                 0x00000000   Number         0  __scatter_zi.o ABSOLUTE
    ../clib/angel/kernel.s                   0x00000000   Number         0  __rtentry.o ABSOLUTE
    ../clib/angel/kernel.s                   0x00000000   Number         0  __rtentry2.o ABSOLUTE
    ../clib/angel/kernel.s                   0x00000000   Number         0  __rtentry4.o ABSOLUTE
    ../clib/angel/kernel.s                   0x00000000   Number         0  rtexit.o ABSOLUTE
    ../clib/angel/kernel.s                   0x00000000   Number         0  rtexit2.o ABSOLUTE
    ../clib/angel/rt.s                       0x00000000   Number         0  rt_raise.o ABSOLUTE
    ../clib/angel/scatter.s                  0x00000000   Number         0  __scatter.o ABSOLUTE
    ../clib/angel/startup.s                  0x00000000   Number         0  __main.o ABSOLUTE
    ../clib/angel/sys.s                      0x00000000   Number         0  sys_stackheap_outer.o ABSOLUTE
    ../clib/angel/sys.s                      0x00000000   Number         0  libspace.o ABSOLUTE
    ../clib/angel/sys.s                      0x00000000   Number         0  use_no_semi.o ABSOLUTE
    ../clib/angel/sys.s                      0x00000000   Number         0  indicate_semi.o ABSOLUTE
    ../clib/angel/sysapp.c                   0x00000000   Number         0  sys_exit.o ABSOLUTE
    ../clib/angel/sysapp.c                   0x00000000   Number         0  sys_exit_hlt.o ABSOLUTE
    ../clib/angel/sysapp.c                   0x00000000   Number         0  sys_command.o ABSOLUTE
    ../clib/angel/sysapp.c                   0x00000000   Number         0  sys_command_hlt.o ABSOLUTE
    ../clib/angel/sysapp.c                   0x00000000   Number         0  sys_wrch.o ABSOLUTE
    ../clib/angel/sysapp.c                   0x00000000   Number         0  sys_wrch_hlt.o ABSOLUTE
    ../clib/armsys.c                         0x00000000   Number         0  argv_veneer.o ABSOLUTE
    ../clib/armsys.c                         0x00000000   Number         0  argv_veneer.o ABSOLUTE
    ../clib/armsys.c                         0x00000000   Number         0  _get_argv_nomalloc.o ABSOLUTE
    ../clib/armsys.c                         0x00000000   Number         0  no_argv.o ABSOLUTE
    ../clib/heapalloc.c                      0x00000000   Number         0  hrguard.o ABSOLUTE
    ../clib/heapaux.c                        0x00000000   Number         0  heapauxi.o ABSOLUTE
    ../clib/libinit.s                        0x00000000   Number         0  libinit.o ABSOLUTE
    ../clib/libinit.s                        0x00000000   Number         0  libinit2.o ABSOLUTE
    ../clib/libinit.s                        0x00000000   Number         0  libshutdown.o ABSOLUTE
    ../clib/libinit.s                        0x00000000   Number         0  libshutdown2.o ABSOLUTE
    ../clib/memcpset.s                       0x00000000   Number         0  rt_memcpy_v6.o ABSOLUTE
    ../clib/memcpset.s                       0x00000000   Number         0  aeabi_memset.o ABSOLUTE
    ../clib/memcpset.s                       0x00000000   Number         0  aeabi_memset4.o ABSOLUTE
    ../clib/memcpset.s                       0x00000000   Number         0  rt_memclr.o ABSOLUTE
    ../clib/memcpset.s                       0x00000000   Number         0  rt_memclr_w.o ABSOLUTE
    ../clib/memcpset.s                       0x00000000   Number         0  rt_memcpy_w.o ABSOLUTE
    ../clib/printf.c                         0x00000000   Number         0  __2sprintf.o ABSOLUTE
    ../clib/printf.c                         0x00000000   Number         0  noretval__2sprintf.o ABSOLUTE
    ../clib/printf.c                         0x00000000   Number         0  __printf.o ABSOLUTE
    ../clib/printf.c                         0x00000000   Number         0  _printf_str.o ABSOLUTE
    ../clib/printf.c                         0x00000000   Number         0  _printf_dec.o ABSOLUTE
    ../clib/printf.c                         0x00000000   Number         0  __printf_flags.o ABSOLUTE
    ../clib/printf.c                         0x00000000   Number         0  __printf_ss.o ABSOLUTE
    ../clib/printf.c                         0x00000000   Number         0  __printf_flags_ss.o ABSOLUTE
    ../clib/printf.c                         0x00000000   Number         0  __printf_wp.o ABSOLUTE
    ../clib/printf.c                         0x00000000   Number         0  __printf_flags_wp.o ABSOLUTE
    ../clib/printf.c                         0x00000000   Number         0  __printf_ss_wp.o ABSOLUTE
    ../clib/printf.c                         0x00000000   Number         0  __printf_flags_ss_wp.o ABSOLUTE
    ../clib/printf.c                         0x00000000   Number         0  _printf_intcommon.o ABSOLUTE
    ../clib/printf.c                         0x00000000   Number         0  _printf_char_common.o ABSOLUTE
    ../clib/printf.c                         0x00000000   Number         0  _sputc.o ABSOLUTE
    ../clib/printf.c                         0x00000000   Number         0  _printf_char.o ABSOLUTE
    ../clib/printf.c                         0x00000000   Number         0  __printf_nopercent.o ABSOLUTE
    ../clib/printf_percent.s                 0x00000000   Number         0  _printf_c.o ABSOLUTE
    ../clib/printf_percent.s                 0x00000000   Number         0  _printf_u.o ABSOLUTE
    ../clib/printf_percent.s                 0x00000000   Number         0  _printf_percent.o ABSOLUTE
    ../clib/printf_percent.s                 0x00000000   Number         0  _printf_percent_end.o ABSOLUTE
    ../clib/signal.c                         0x00000000   Number         0  defsig_rtmem_outer.o ABSOLUTE
    ../clib/signal.c                         0x00000000   Number         0  defsig_rtmem_formal.o ABSOLUTE
    ../clib/signal.c                         0x00000000   Number         0  defsig_exit.o ABSOLUTE
    ../clib/signal.c                         0x00000000   Number         0  defsig_rtmem_inner.o ABSOLUTE
    ../clib/signal.c                         0x00000000   Number         0  __raise.o ABSOLUTE
    ../clib/signal.c                         0x00000000   Number         0  defsig_general.o ABSOLUTE
    ../clib/signal.c                         0x00000000   Number         0  defsig_abrt_inner.o ABSOLUTE
    ../clib/signal.c                         0x00000000   Number         0  defsig_fpe_inner.o ABSOLUTE
    ../clib/signal.c                         0x00000000   Number         0  defsig_rtred_inner.o ABSOLUTE
    ../clib/signal.c                         0x00000000   Number         0  defsig_stak_inner.o ABSOLUTE
    ../clib/signal.c                         0x00000000   Number         0  defsig_pvfn_inner.o ABSOLUTE
    ../clib/signal.c                         0x00000000   Number         0  defsig_cppl_inner.o ABSOLUTE
    ../clib/signal.c                         0x00000000   Number         0  defsig_segv_inner.o ABSOLUTE
    ../clib/signal.c                         0x00000000   Number         0  defsig_other.o ABSOLUTE
    ../clib/signal.s                         0x00000000   Number         0  defsig.o ABSOLUTE
    ../clib/stdlib.c                         0x00000000   Number         0  exit.o ABSOLUTE
    ../clib/string.c                         0x00000000   Number         0  strcpy.o ABSOLUTE
    ../clib/string.c                         0x00000000   Number         0  strlen.o ABSOLUTE
    ../fplib/fpinit.s                        0x00000000   Number         0  fpinit.o ABSOLUTE
    RTE/Device/TM4C123GH6PM/startup_TM4C123.s 0x00000000   Number         0  startup_tm4c123.o ABSOLUTE
    app.c                                    0x00000000   Number         0  app.o ABSOLUTE
    button.c                                 0x00000000   Number         0  button.o ABSOLUTE
    croutine.c                               0x00000000   Number         0  croutine.o ABSOLUTE
    dc.s                                     0x00000000   Number         0  dc.o ABSOLUTE
    event_groups.c                           0x00000000   Number         0  event_groups.o ABSOLUTE
    gpio.c                                   0x00000000   Number         0  gpio.o ABSOLUTE
    heap_4.c                                 0x00000000   Number         0  heap_4.o ABSOLUTE
    list.c                                   0x00000000   Number         0  list.o ABSOLUTE
    port.c                                   0x00000000   Number         0  port.o ABSOLUTE
    queue.c                                  0x00000000   Number         0  queue.o ABSOLUTE
    stream_buffer.c                          0x00000000   Number         0  stream_buffer.o ABSOLUTE
    sysclockcfg.c                            0x00000000   Number         0  sysclockcfg.o ABSOLUTE
    system_TM4C123.c                         0x00000000   Number         0  system_tm4c123.o ABSOLUTE
    tasks.c                                  0x00000000   Number         0  tasks.o ABSOLUTE
    timers.c                                 0x00000000   Number         0  timers.o ABSOLUTE
    RESET                                    0x00000000   Section      620  startup_tm4c123.o(RESET)
    !!!main                                  0x0000026c   Section        8  __main.o(!!!main)
    !!!scatter                               0x00000274   Section       92  __scatter.o(!!!scatter)
    !!handler_copy                           0x000002d0   Section       26  __scatter_copy.o(!!handler_copy)
    !!handler_null                           0x000002ec   Section        2  __scatter.o(!!handler_null)
    !!handler_zi                             0x000002f0   Section       28  __scatter_zi.o(!!handler_zi)
    .ARM.Collect$$_printf_percent$$00000000  0x0000030c   Section        0  _printf_percent.o(.ARM.Collect$$_printf_percent$$00000000)
    .ARM.Collect$$_printf_percent$$0000000A  0x0000030c   Section        6  _printf_u.o(.ARM.Collect$$_printf_percent$$0000000A)
    .ARM.Collect$$_printf_percent$$00000013  0x00000312   Section        6  _printf_c.o(.ARM.Collect$$_printf_percent$$00000013)
    .ARM.Collect$$_printf_percent$$00000017  0x00000318   Section        4  _printf_percent_end.o(.ARM.Collect$$_printf_percent$$00000017)
    .ARM.Collect$$libinit$$00000000          0x0000031c   Section        2  libinit.o(.ARM.Collect$$libinit$$00000000)
    .ARM.Collect$$libinit$$00000001          0x0000031e   Section        4  libinit2.o(.ARM.Collect$$libinit$$00000001)
    .ARM.Collect$$libinit$$00000004          0x00000322   Section        0  libinit2.o(.ARM.Collect$$libinit$$00000004)
    .ARM.Collect$$libinit$$00000006          0x00000322   Section        0  libinit2.o(.ARM.Collect$$libinit$$00000006)
    .ARM.Collect$$libinit$$0000000C          0x00000322   Section        0  libinit2.o(.ARM.Collect$$libinit$$0000000C)
    .ARM.Collect$$libinit$$0000000E          0x00000322   Section        0  libinit2.o(.ARM.Collect$$libinit$$0000000E)
    .ARM.Collect$$libinit$$00000010          0x00000322   Section        0  libinit2.o(.ARM.Collect$$libinit$$00000010)
    .ARM.Collect$$libinit$$00000013          0x00000322   Section        0  libinit2.o(.ARM.Collect$$libinit$$00000013)
    .ARM.Collect$$libinit$$00000015          0x00000322   Section        0  libinit2.o(.ARM.Collect$$libinit$$00000015)
    .ARM.Collect$$libinit$$00000017          0x00000322   Section        0  libinit2.o(.ARM.Collect$$libinit$$00000017)
    .ARM.Collect$$libinit$$00000019          0x00000322   Section        0  libinit2.o(.ARM.Collect$$libinit$$00000019)
    .ARM.Collect$$libinit$$0000001B          0x00000322   Section        0  libinit2.o(.ARM.Collect$$libinit$$0000001B)
    .ARM.Collect$$libinit$$0000001D          0x00000322   Section        0  libinit2.o(.ARM.Collect$$libinit$$0000001D)
    .ARM.Collect$$libinit$$0000001F          0x00000322   Section        0  libinit2.o(.ARM.Collect$$libinit$$0000001F)
    .ARM.Collect$$libinit$$00000021          0x00000322   Section        0  libinit2.o(.ARM.Collect$$libinit$$00000021)
    .ARM.Collect$$libinit$$00000023          0x00000322   Section        0  libinit2.o(.ARM.Collect$$libinit$$00000023)
    .ARM.Collect$$libinit$$00000025          0x00000322   Section        0  libinit2.o(.ARM.Collect$$libinit$$00000025)
    .ARM.Collect$$libinit$$00000027          0x00000322   Section        0  libinit2.o(.ARM.Collect$$libinit$$00000027)
    .ARM.Collect$$libinit$$0000002E          0x00000322   Section        0  libinit2.o(.ARM.Collect$$libinit$$0000002E)
    .ARM.Collect$$libinit$$00000030          0x00000322   Section        0  libinit2.o(.ARM.Collect$$libinit$$00000030)
    .ARM.Collect$$libinit$$00000032          0x00000322   Section        0  libinit2.o(.ARM.Collect$$libinit$$00000032)
    .ARM.Collect$$libinit$$00000034          0x00000322   Section        0  libinit2.o(.ARM.Collect$$libinit$$00000034)
    .ARM.Collect$$libinit$$00000035          0x00000322   Section        2  libinit2.o(.ARM.Collect$$libinit$$00000035)
    .ARM.Collect$$libshutdown$$00000000      0x00000324   Section        2  libshutdown.o(.ARM.Collect$$libshutdown$$00000000)
    .ARM.Collect$$libshutdown$$00000002      0x00000326   Section        0  libshutdown2.o(.ARM.Collect$$libshutdown$$00000002)
    .ARM.Collect$$libshutdown$$00000004      0x00000326   Section        0  libshutdown2.o(.ARM.Collect$$libshutdown$$00000004)
    .ARM.Collect$$libshutdown$$00000007      0x00000326   Section        0  libshutdown2.o(.ARM.Collect$$libshutdown$$00000007)
    .ARM.Collect$$libshutdown$$0000000A      0x00000326   Section        0  libshutdown2.o(.ARM.Collect$$libshutdown$$0000000A)
    .ARM.Collect$$libshutdown$$0000000C      0x00000326   Section        0  libshutdown2.o(.ARM.Collect$$libshutdown$$0000000C)
    .ARM.Collect$$libshutdown$$0000000F      0x00000326   Section        0  libshutdown2.o(.ARM.Collect$$libshutdown$$0000000F)
    .ARM.Collect$$libshutdown$$00000010      0x00000326   Section        2  libshutdown2.o(.ARM.Collect$$libshutdown$$00000010)
    .ARM.Collect$$rtentry$$00000000          0x00000328   Section        0  __rtentry.o(.ARM.Collect$$rtentry$$00000000)
    .ARM.Collect$$rtentry$$00000002          0x00000328   Section        0  __rtentry2.o(.ARM.Collect$$rtentry$$00000002)
    .ARM.Collect$$rtentry$$00000004          0x00000328   Section        6  __rtentry4.o(.ARM.Collect$$rtentry$$00000004)
    .ARM.Collect$$rtentry$$00000009          0x0000032e   Section        0  __rtentry2.o(.ARM.Collect$$rtentry$$00000009)
    .ARM.Collect$$rtentry$$0000000A          0x0000032e   Section        4  __rtentry2.o(.ARM.Collect$$rtentry$$0000000A)
    .ARM.Collect$$rtentry$$0000000C          0x00000332   Section        0  __rtentry2.o(.ARM.Collect$$rtentry$$0000000C)
    .ARM.Collect$$rtentry$$0000000D          0x00000332   Section        8  __rtentry2.o(.ARM.Collect$$rtentry$$0000000D)
    .ARM.Collect$$rtexit$$00000000           0x0000033a   Section        2  rtexit.o(.ARM.Collect$$rtexit$$00000000)
    .ARM.Collect$$rtexit$$00000002           0x0000033c   Section        0  rtexit2.o(.ARM.Collect$$rtexit$$00000002)
    .ARM.Collect$$rtexit$$00000003           0x0000033c   Section        4  rtexit2.o(.ARM.Collect$$rtexit$$00000003)
    .ARM.Collect$$rtexit$$00000004           0x00000340   Section        6  rtexit2.o(.ARM.Collect$$rtexit$$00000004)
    $v0                                      0x00000348   Number         0  startup_tm4c123.o(.text)
    .text                                    0x00000348   Section      276  startup_tm4c123.o(.text)
    .text                                    0x0000045c   Section        0  _printf_str.o(.text)
    .text                                    0x000004b0   Section        0  _printf_dec.o(.text)
    .text                                    0x00000528   Section      138  rt_memcpy_v6.o(.text)
    .text                                    0x000005b2   Section       16  aeabi_memset4.o(.text)
    .text                                    0x000005c2   Section       68  rt_memclr.o(.text)
    .text                                    0x00000606   Section       78  rt_memclr_w.o(.text)
    .text                                    0x00000654   Section        0  heapauxi.o(.text)
    .text                                    0x0000065a   Section        0  _printf_intcommon.o(.text)
    .text                                    0x0000070c   Section        0  _printf_char.o(.text)
    .text                                    0x00000738   Section      100  rt_memcpy_w.o(.text)
    .text                                    0x0000079c   Section       74  sys_stackheap_outer.o(.text)
    .text                                    0x000007e6   Section        0  exit.o(.text)
    .text                                    0x000007f8   Section        8  libspace.o(.text)
    .text                                    0x00000800   Section        0  sys_exit.o(.text)
    .text                                    0x0000080c   Section        2  use_no_semi.o(.text)
    .text                                    0x0000080e   Section        0  indicate_semi.o(.text)
    [Anonymous Symbol]                       0x00000810   Section        0  gpio.o(.text.GPIO_Init)
    [Anonymous Symbol]                       0x00000910   Section        0  gpio.o(.text.GPIO_WritePin)
    [Anonymous Symbol]                       0x00000930   Section        0  port.o(.text.PendSV_Handler)
    pxCurrentTCBConst                        0x00000990   Number         0  port.o(.text.PendSV_Handler)
    [Anonymous Symbol]                       0x000009a0   Section        0  port.o(.text.SVC_Handler)
    pxCurrentTCBConst2                       0x000009c0   Number         0  port.o(.text.SVC_Handler)
    [Anonymous Symbol]                       0x000009c4   Section        0  sysclockcfg.o(.text.SysClockSet)
    [Anonymous Symbol]                       0x00000a68   Section        0  port.o(.text.SysTick_Handler)
    [Anonymous Symbol]                       0x00000a98   Section        0  system_tm4c123.o(.text.SystemInit)
    [Anonymous Symbol]                       0x00000b08   Section        0  app.o(.text.main)
    prvAddCurrentTaskToDelayedList           0x00000bcd   Thumb Code   158  tasks.o(.text.prvAddCurrentTaskToDelayedList)
    [Anonymous Symbol]                       0x00000bcc   Section        0  tasks.o(.text.prvAddCurrentTaskToDelayedList)
    prvIdleTask                              0x00000c6d   Thumb Code   118  tasks.o(.text.prvIdleTask)
    [Anonymous Symbol]                       0x00000c6c   Section        0  tasks.o(.text.prvIdleTask)
    prvPortStartFirstTask                    0x00000ce5   Thumb Code    40  port.o(.text.prvPortStartFirstTask)
    [Anonymous Symbol]                       0x00000ce4   Section        0  port.o(.text.prvPortStartFirstTask)
    prvProcessExpiredTimer                   0x00000d0d   Thumb Code   124  timers.o(.text.prvProcessExpiredTimer)
    [Anonymous Symbol]                       0x00000d0c   Section        0  timers.o(.text.prvProcessExpiredTimer)
    prvTaskExitError                         0x00000d89   Thumb Code    50  port.o(.text.prvTaskExitError)
    [Anonymous Symbol]                       0x00000d88   Section        0  port.o(.text.prvTaskExitError)
    prvTimerTask                             0x00000dbd   Thumb Code   554  timers.o(.text.prvTimerTask)
    [Anonymous Symbol]                       0x00000dbc   Section        0  timers.o(.text.prvTimerTask)
    prvUnlockQueue                           0x00000fe9   Thumb Code   116  queue.o(.text.prvUnlockQueue)
    [Anonymous Symbol]                       0x00000fe8   Section        0  queue.o(.text.prvUnlockQueue)
    [Anonymous Symbol]                       0x0000105c   Section        0  heap_4.o(.text.pvPortMalloc)
    [Anonymous Symbol]                       0x000011c8   Section        0  port.o(.text.pxPortInitialiseStack)
    [Anonymous Symbol]                       0x000011ec   Section        0  list.o(.text.uxListRemove)
    [Anonymous Symbol]                       0x00001210   Section        0  tasks.o(.text.vApplicationMallocFailedHook)
    [Anonymous Symbol]                       0x00001214   Section        0  list.o(.text.vListInitialise)
    [Anonymous Symbol]                       0x0000122c   Section        0  list.o(.text.vListInitialiseItem)
    [Anonymous Symbol]                       0x00001234   Section        0  list.o(.text.vListInsert)
    vPortEnableVFP                           0x00001271   Thumb Code    20  port.o(.text.vPortEnableVFP)
    [Anonymous Symbol]                       0x00001270   Section        0  port.o(.text.vPortEnableVFP)
    [Anonymous Symbol]                       0x00001284   Section        0  port.o(.text.vPortEnterCritical)
    [Anonymous Symbol]                       0x000012bc   Section        0  port.o(.text.vPortExitCritical)
    [Anonymous Symbol]                       0x000012dc   Section        0  heap_4.o(.text.vPortFree)
    [Anonymous Symbol]                       0x00001380   Section        0  port.o(.text.vPortSetupTimerInterrupt)
    [Anonymous Symbol]                       0x0000139c   Section        0  queue.o(.text.vQueueWaitForMessageRestricted)
    [Anonymous Symbol]                       0x000013e4   Section        0  app.o(.text.vTask1)
    [Anonymous Symbol]                       0x00001414   Section        0  app.o(.text.vTask2)
    [Anonymous Symbol]                       0x00001444   Section        0  app.o(.text.vTask3)
    [Anonymous Symbol]                       0x00001470   Section        0  tasks.o(.text.vTaskDelay)
    [Anonymous Symbol]                       0x00001508   Section        0  tasks.o(.text.vTaskInternalSetTimeOutState)
    [Anonymous Symbol]                       0x00001524   Section        0  tasks.o(.text.vTaskMissedYield)
    [Anonymous Symbol]                       0x00001534   Section        0  tasks.o(.text.vTaskPlaceOnEventList)
    [Anonymous Symbol]                       0x0000155c   Section        0  tasks.o(.text.vTaskPlaceOnEventListRestricted)
    [Anonymous Symbol]                       0x000015c0   Section        0  tasks.o(.text.vTaskStartScheduler)
    [Anonymous Symbol]                       0x0000164c   Section        0  tasks.o(.text.vTaskSuspendAll)
    __tagsym$$used.0                         0x0000165c   Number         0  tasks.o(.text.vTaskSwitchContext)
    [Anonymous Symbol]                       0x0000165c   Section        0  tasks.o(.text.vTaskSwitchContext)
    [Anonymous Symbol]                       0x00001718   Section        0  port.o(.text.xPortStartScheduler)
    [Anonymous Symbol]                       0x0000181c   Section        0  queue.o(.text.xQueueGenericCreate)
    [Anonymous Symbol]                       0x000018a0   Section        0  queue.o(.text.xQueueReceive)
    [Anonymous Symbol]                       0x00001a18   Section        0  tasks.o(.text.xTaskCheckForTimeOut)
    [Anonymous Symbol]                       0x00001a80   Section        0  tasks.o(.text.xTaskCreate)
    [Anonymous Symbol]                       0x00001c64   Section        0  tasks.o(.text.xTaskGetSchedulerState)
    [Anonymous Symbol]                       0x00001c8c   Section        0  tasks.o(.text.xTaskGetTickCount)
    [Anonymous Symbol]                       0x00001c98   Section        0  tasks.o(.text.xTaskIncrementTick)
    [Anonymous Symbol]                       0x00001e40   Section        0  tasks.o(.text.xTaskRemoveFromEventList)
    [Anonymous Symbol]                       0x00001f18   Section        0  tasks.o(.text.xTaskResumeAll)
    [Anonymous Symbol]                       0x0000208c   Section        0  timers.o(.text.xTimerCreateTimerTask)
    $v0                                      0x0000211c   Number         0  fpinit.o(x$fpl$fpinit)
    x$fpl$fpinit                             0x0000211c   Section       26  fpinit.o(x$fpl$fpinit)
    uxCriticalNesting                        0x20000000   Data           4  port.o(.data.uxCriticalNesting)
    [Anonymous Symbol]                       0x20000000   Section        0  port.o(.data.uxCriticalNesting)
    .bss                                     0x20000008   Section       96  libspace.o(.bss)
    prvSampleTimeNow.xLastTime               0x20000068   Data           4  timers.o(.bss.prvSampleTimeNow.xLastTime)
    [Anonymous Symbol]                       0x20000068   Section        0  timers.o(.bss.prvSampleTimeNow.xLastTime)
    __tagsym$$used.1                         0x2000006c   Number         0  tasks.o(.bss.pxCurrentTCB)
    pxCurrentTimerList                       0x20000070   Data           4  timers.o(.bss.pxCurrentTimerList)
    [Anonymous Symbol]                       0x20000070   Section        0  timers.o(.bss.pxCurrentTimerList)
    pxDelayedTaskList                        0x20000074   Data           4  tasks.o(.bss.pxDelayedTaskList)
    [Anonymous Symbol]                       0x20000074   Section        0  tasks.o(.bss.pxDelayedTaskList)
    pxEnd                                    0x20000078   Data           4  heap_4.o(.bss.pxEnd)
    [Anonymous Symbol]                       0x20000078   Section        0  heap_4.o(.bss.pxEnd)
    pxOverflowDelayedTaskList                0x2000007c   Data           4  tasks.o(.bss.pxOverflowDelayedTaskList)
    [Anonymous Symbol]                       0x2000007c   Section        0  tasks.o(.bss.pxOverflowDelayedTaskList)
    pxOverflowTimerList                      0x20000080   Data           4  timers.o(.bss.pxOverflowTimerList)
    [Anonymous Symbol]                       0x20000080   Section        0  timers.o(.bss.pxOverflowTimerList)
    pxReadyTasksLists                        0x20000084   Data         100  tasks.o(.bss.pxReadyTasksLists)
    [Anonymous Symbol]                       0x20000084   Section        0  tasks.o(.bss.pxReadyTasksLists)
    ucHeap                                   0x200000e8   Data       16384  heap_4.o(.bss.ucHeap)
    [Anonymous Symbol]                       0x200000e8   Section        0  heap_4.o(.bss.ucHeap)
    ucMaxSysCallPriority                     0x200040e8   Data           1  port.o(.bss.ucMaxSysCallPriority)
    [Anonymous Symbol]                       0x200040e8   Section        0  port.o(.bss.ucMaxSysCallPriority)
    ulMaxPRIGROUPValue                       0x200040ec   Data           4  port.o(.bss.ulMaxPRIGROUPValue)
    [Anonymous Symbol]                       0x200040ec   Section        0  port.o(.bss.ulMaxPRIGROUPValue)
    uxCurrentNumberOfTasks                   0x200040f0   Data           4  tasks.o(.bss.uxCurrentNumberOfTasks)
    [Anonymous Symbol]                       0x200040f0   Section        0  tasks.o(.bss.uxCurrentNumberOfTasks)
    uxDeletedTasksWaitingCleanUp             0x200040f4   Data           4  tasks.o(.bss.uxDeletedTasksWaitingCleanUp)
    [Anonymous Symbol]                       0x200040f4   Section        0  tasks.o(.bss.uxDeletedTasksWaitingCleanUp)
    uxSchedulerSuspended                     0x200040f8   Data           4  tasks.o(.bss.uxSchedulerSuspended)
    [Anonymous Symbol]                       0x200040f8   Section        0  tasks.o(.bss.uxSchedulerSuspended)
    uxTaskNumber                             0x200040fc   Data           4  tasks.o(.bss.uxTaskNumber)
    [Anonymous Symbol]                       0x200040fc   Section        0  tasks.o(.bss.uxTaskNumber)
    uxTopReadyPriority                       0x20004100   Data           4  tasks.o(.bss.uxTopReadyPriority)
    [Anonymous Symbol]                       0x20004100   Section        0  tasks.o(.bss.uxTopReadyPriority)
    xActiveTimerList1                        0x20004104   Data          20  timers.o(.bss.xActiveTimerList1)
    [Anonymous Symbol]                       0x20004104   Section        0  timers.o(.bss.xActiveTimerList1)
    xActiveTimerList2                        0x20004118   Data          20  timers.o(.bss.xActiveTimerList2)
    [Anonymous Symbol]                       0x20004118   Section        0  timers.o(.bss.xActiveTimerList2)
    xDelayedTaskList1                        0x2000412c   Data          20  tasks.o(.bss.xDelayedTaskList1)
    [Anonymous Symbol]                       0x2000412c   Section        0  tasks.o(.bss.xDelayedTaskList1)
    xDelayedTaskList2                        0x20004140   Data          20  tasks.o(.bss.xDelayedTaskList2)
    [Anonymous Symbol]                       0x20004140   Section        0  tasks.o(.bss.xDelayedTaskList2)
    xFreeBytesRemaining                      0x20004154   Data           4  heap_4.o(.bss.xFreeBytesRemaining)
    [Anonymous Symbol]                       0x20004154   Section        0  heap_4.o(.bss.xFreeBytesRemaining)
    xIdleTaskHandle                          0x20004158   Data           4  tasks.o(.bss.xIdleTaskHandle)
    [Anonymous Symbol]                       0x20004158   Section        0  tasks.o(.bss.xIdleTaskHandle)
    xMinimumEverFreeBytesRemaining           0x2000415c   Data           4  heap_4.o(.bss.xMinimumEverFreeBytesRemaining)
    [Anonymous Symbol]                       0x2000415c   Section        0  heap_4.o(.bss.xMinimumEverFreeBytesRemaining)
    xNextTaskUnblockTime                     0x20004160   Data           4  tasks.o(.bss.xNextTaskUnblockTime)
    [Anonymous Symbol]                       0x20004160   Section        0  tasks.o(.bss.xNextTaskUnblockTime)
    xNumOfOverflows                          0x20004164   Data           4  tasks.o(.bss.xNumOfOverflows)
    [Anonymous Symbol]                       0x20004164   Section        0  tasks.o(.bss.xNumOfOverflows)
    xNumberOfSuccessfulAllocations           0x20004168   Data           4  heap_4.o(.bss.xNumberOfSuccessfulAllocations)
    [Anonymous Symbol]                       0x20004168   Section        0  heap_4.o(.bss.xNumberOfSuccessfulAllocations)
    xNumberOfSuccessfulFrees                 0x2000416c   Data           4  heap_4.o(.bss.xNumberOfSuccessfulFrees)
    [Anonymous Symbol]                       0x2000416c   Section        0  heap_4.o(.bss.xNumberOfSuccessfulFrees)
    xPendedTicks                             0x20004170   Data           4  tasks.o(.bss.xPendedTicks)
    [Anonymous Symbol]                       0x20004170   Section        0  tasks.o(.bss.xPendedTicks)
    xPendingReadyList                        0x20004174   Data          20  tasks.o(.bss.xPendingReadyList)
    [Anonymous Symbol]                       0x20004174   Section        0  tasks.o(.bss.xPendingReadyList)
    xSchedulerRunning                        0x20004188   Data           4  tasks.o(.bss.xSchedulerRunning)
    [Anonymous Symbol]                       0x20004188   Section        0  tasks.o(.bss.xSchedulerRunning)
    xStart                                   0x2000418c   Data           8  heap_4.o(.bss.xStart)
    [Anonymous Symbol]                       0x2000418c   Section        0  heap_4.o(.bss.xStart)
    xSuspendedTaskList                       0x20004194   Data          20  tasks.o(.bss.xSuspendedTaskList)
    [Anonymous Symbol]                       0x20004194   Section        0  tasks.o(.bss.xSuspendedTaskList)
    xTasksWaitingTermination                 0x200041a8   Data          20  tasks.o(.bss.xTasksWaitingTermination)
    [Anonymous Symbol]                       0x200041a8   Section        0  tasks.o(.bss.xTasksWaitingTermination)
    xTickCount                               0x200041bc   Data           4  tasks.o(.bss.xTickCount)
    [Anonymous Symbol]                       0x200041bc   Section        0  tasks.o(.bss.xTickCount)
    xTimerQueue                              0x200041c0   Data           4  timers.o(.bss.xTimerQueue)
    [Anonymous Symbol]                       0x200041c0   Section        0  timers.o(.bss.xTimerQueue)
    xTimerTaskHandle                         0x200041c4   Data           4  timers.o(.bss.xTimerTaskHandle)
    [Anonymous Symbol]                       0x200041c4   Section        0  timers.o(.bss.xTimerTaskHandle)
    xYieldPending                            0x200041c8   Data           4  tasks.o(.bss.xYieldPending)
    [Anonymous Symbol]                       0x200041c8   Section        0  tasks.o(.bss.xYieldPending)
    Heap_Mem                                 0x200041d0   Data           0  startup_tm4c123.o(HEAP)
    Stack_Mem                                0x200041d0   Data         512  startup_tm4c123.o(STACK)
    HEAP                                     0x200041d0   Section        0  startup_tm4c123.o(HEAP)
    STACK                                    0x200041d0   Section      512  startup_tm4c123.o(STACK)
    __initial_sp                             0x200043d0   Data           0  startup_tm4c123.o(STACK)

    Global Symbols

    Symbol Name                              Value     Ov Type        Size  Object(Section)

    BuildAttributes$$THM_ISAv4$E$P$D$K$B$S$7EM$VFPi3$EXTD16$VFPS$VFMA$PE$A:L22UL41UL21$X:L11$S22US41US21$IEEE1$IW$~IW$USESV6$~STKCKD$USESV7$~SHL$OTIME$ROPI$EBA8$UX$STANDARDLIB$REQ8$PRES8$EABIv2 0x00000000   Number         0  anon$$obj.o ABSOLUTE
    __Vectors                                0x00000000   Data           4  startup_tm4c123.o(RESET)
    __ARM_exceptions_init                     - Undefined Weak Reference
    __alloca_initialize                       - Undefined Weak Reference
    __arm_preinit_                            - Undefined Weak Reference
    __arm_relocate_pie_                       - Undefined Weak Reference
    __cpp_initialize__aeabi_                  - Undefined Weak Reference
    __cxa_finalize                            - Undefined Weak Reference
    __rt_locale                               - Undefined Weak Reference
    __sigvec_lookup                           - Undefined Weak Reference
    _atexit_init                              - Undefined Weak Reference
    _call_atexit_fns                          - Undefined Weak Reference
    _clock_init                               - Undefined Weak Reference
    _fp_trap_init                             - Undefined Weak Reference
    _fp_trap_shutdown                         - Undefined Weak Reference
    _get_lc_collate                           - Undefined Weak Reference
    _get_lc_ctype                             - Undefined Weak Reference
    _get_lc_monetary                          - Undefined Weak Reference
    _get_lc_numeric                           - Undefined Weak Reference
    _get_lc_time                              - Undefined Weak Reference
    _getenv_init                              - Undefined Weak Reference
    _handle_redirection                       - Undefined Weak Reference
    _init_alloc                               - Undefined Weak Reference
    _init_user_alloc                          - Undefined Weak Reference
    _initio                                   - Undefined Weak Reference
    _printf_mbtowc                            - Undefined Weak Reference
    _printf_post_padding                      - Undefined Weak Reference
    _printf_pre_padding                       - Undefined Weak Reference
    _printf_truncate_signed                   - Undefined Weak Reference
    _printf_truncate_unsigned                 - Undefined Weak Reference
    _rand_init                                - Undefined Weak Reference
    _signal_finish                            - Undefined Weak Reference
    _signal_init                              - Undefined Weak Reference
    _terminate_alloc                          - Undefined Weak Reference
    _terminate_user_alloc                     - Undefined Weak Reference
    _terminateio                              - Undefined Weak Reference
    __Vectors_End                            0x0000026c   Data           0  startup_tm4c123.o(RESET)
    __Vectors_Size                           0x0000026c   Number         0  startup_tm4c123.o ABSOLUTE
    __main                                   0x0000026d   Thumb Code     8  __main.o(!!!main)
    __scatterload                            0x00000275   Thumb Code     0  __scatter.o(!!!scatter)
    __scatterload_rt2                        0x00000275   Thumb Code    84  __scatter.o(!!!scatter)
    __scatterload_rt2_thumb_only             0x00000275   Thumb Code     0  __scatter.o(!!!scatter)
    __scatterload_loop                       0x0000027f   Thumb Code     0  __scatter.o(!!!scatter)
    __scatterload_copy                       0x000002d1   Thumb Code    26  __scatter_copy.o(!!handler_copy)
    __scatterload_null                       0x000002ed   Thumb Code     2  __scatter.o(!!handler_null)
    __scatterload_zeroinit                   0x000002f1   Thumb Code    28  __scatter_zi.o(!!handler_zi)
    _printf_percent                          0x0000030d   Thumb Code     0  _printf_percent.o(.ARM.Collect$$_printf_percent$$00000000)
    _printf_u                                0x0000030d   Thumb Code     0  _printf_u.o(.ARM.Collect$$_printf_percent$$0000000A)
    _printf_c                                0x00000313   Thumb Code     0  _printf_c.o(.ARM.Collect$$_printf_percent$$00000013)
    _printf_percent_end                      0x00000319   Thumb Code     0  _printf_percent_end.o(.ARM.Collect$$_printf_percent$$00000017)
    __rt_lib_init                            0x0000031d   Thumb Code     0  libinit.o(.ARM.Collect$$libinit$$00000000)
    __rt_lib_init_fp_1                       0x0000031f   Thumb Code     0  libinit2.o(.ARM.Collect$$libinit$$00000001)
    __rt_lib_init_alloca_1                   0x00000323   Thumb Code     0  libinit2.o(.ARM.Collect$$libinit$$00000030)
    __rt_lib_init_argv_1                     0x00000323   Thumb Code     0  libinit2.o(.ARM.Collect$$libinit$$0000002E)
    __rt_lib_init_atexit_1                   0x00000323   Thumb Code     0  libinit2.o(.ARM.Collect$$libinit$$0000001D)
    __rt_lib_init_clock_1                    0x00000323   Thumb Code     0  libinit2.o(.ARM.Collect$$libinit$$00000023)
    __rt_lib_init_cpp_1                      0x00000323   Thumb Code     0  libinit2.o(.ARM.Collect$$libinit$$00000034)
    __rt_lib_init_exceptions_1               0x00000323   Thumb Code     0  libinit2.o(.ARM.Collect$$libinit$$00000032)
    __rt_lib_init_fp_trap_1                  0x00000323   Thumb Code     0  libinit2.o(.ARM.Collect$$libinit$$00000021)
    __rt_lib_init_getenv_1                   0x00000323   Thumb Code     0  libinit2.o(.ARM.Collect$$libinit$$00000025)
    __rt_lib_init_heap_1                     0x00000323   Thumb Code     0  libinit2.o(.ARM.Collect$$libinit$$0000000C)
    __rt_lib_init_lc_collate_1               0x00000323   Thumb Code     0  libinit2.o(.ARM.Collect$$libinit$$00000013)
    __rt_lib_init_lc_ctype_1                 0x00000323   Thumb Code     0  libinit2.o(.ARM.Collect$$libinit$$00000015)
    __rt_lib_init_lc_monetary_1              0x00000323   Thumb Code     0  libinit2.o(.ARM.Collect$$libinit$$00000017)
    __rt_lib_init_lc_numeric_1               0x00000323   Thumb Code     0  libinit2.o(.ARM.Collect$$libinit$$00000019)
    __rt_lib_init_lc_time_1                  0x00000323   Thumb Code     0  libinit2.o(.ARM.Collect$$libinit$$0000001B)
    __rt_lib_init_preinit_1                  0x00000323   Thumb Code     0  libinit2.o(.ARM.Collect$$libinit$$00000006)
    __rt_lib_init_rand_1                     0x00000323   Thumb Code     0  libinit2.o(.ARM.Collect$$libinit$$00000010)
    __rt_lib_init_relocate_pie_1             0x00000323   Thumb Code     0  libinit2.o(.ARM.Collect$$libinit$$00000004)
    __rt_lib_init_return                     0x00000323   Thumb Code     0  libinit2.o(.ARM.Collect$$libinit$$00000035)
    __rt_lib_init_signal_1                   0x00000323   Thumb Code     0  libinit2.o(.ARM.Collect$$libinit$$0000001F)
    __rt_lib_init_stdio_1                    0x00000323   Thumb Code     0  libinit2.o(.ARM.Collect$$libinit$$00000027)
    __rt_lib_init_user_alloc_1               0x00000323   Thumb Code     0  libinit2.o(.ARM.Collect$$libinit$$0000000E)
    __rt_lib_shutdown                        0x00000325   Thumb Code     0  libshutdown.o(.ARM.Collect$$libshutdown$$00000000)
    __rt_lib_shutdown_cpp_1                  0x00000327   Thumb Code     0  libshutdown2.o(.ARM.Collect$$libshutdown$$00000002)
    __rt_lib_shutdown_fp_trap_1              0x00000327   Thumb Code     0  libshutdown2.o(.ARM.Collect$$libshutdown$$00000007)
    __rt_lib_shutdown_heap_1                 0x00000327   Thumb Code     0  libshutdown2.o(.ARM.Collect$$libshutdown$$0000000F)
    __rt_lib_shutdown_return                 0x00000327   Thumb Code     0  libshutdown2.o(.ARM.Collect$$libshutdown$$00000010)
    __rt_lib_shutdown_signal_1               0x00000327   Thumb Code     0  libshutdown2.o(.ARM.Collect$$libshutdown$$0000000A)
    __rt_lib_shutdown_stdio_1                0x00000327   Thumb Code     0  libshutdown2.o(.ARM.Collect$$libshutdown$$00000004)
    __rt_lib_shutdown_user_alloc_1           0x00000327   Thumb Code     0  libshutdown2.o(.ARM.Collect$$libshutdown$$0000000C)
    __rt_entry                               0x00000329   Thumb Code     0  __rtentry.o(.ARM.Collect$$rtentry$$00000000)
    __rt_entry_presh_1                       0x00000329   Thumb Code     0  __rtentry2.o(.ARM.Collect$$rtentry$$00000002)
    __rt_entry_sh                            0x00000329   Thumb Code     0  __rtentry4.o(.ARM.Collect$$rtentry$$00000004)
    __rt_entry_li                            0x0000032f   Thumb Code     0  __rtentry2.o(.ARM.Collect$$rtentry$$0000000A)
    __rt_entry_postsh_1                      0x0000032f   Thumb Code     0  __rtentry2.o(.ARM.Collect$$rtentry$$00000009)
    __rt_entry_main                          0x00000333   Thumb Code     0  __rtentry2.o(.ARM.Collect$$rtentry$$0000000D)
    __rt_entry_postli_1                      0x00000333   Thumb Code     0  __rtentry2.o(.ARM.Collect$$rtentry$$0000000C)
    __rt_exit                                0x0000033b   Thumb Code     0  rtexit.o(.ARM.Collect$$rtexit$$00000000)
    __rt_exit_ls                             0x0000033d   Thumb Code     0  rtexit2.o(.ARM.Collect$$rtexit$$00000003)
    __rt_exit_prels_1                        0x0000033d   Thumb Code     0  rtexit2.o(.ARM.Collect$$rtexit$$00000002)
    __rt_exit_exit                           0x00000341   Thumb Code     0  rtexit2.o(.ARM.Collect$$rtexit$$00000004)
    Reset_Handler                            0x00000349   Thumb Code     8  startup_tm4c123.o(.text)
    NMI_Handler                              0x00000351   Thumb Code     2  startup_tm4c123.o(.text)
    HardFault_Handler                        0x00000353   Thumb Code     2  startup_tm4c123.o(.text)
    MemManage_Handler                        0x00000355   Thumb Code     2  startup_tm4c123.o(.text)
    BusFault_Handler                         0x00000357   Thumb Code     2  startup_tm4c123.o(.text)
    UsageFault_Handler                       0x00000359   Thumb Code     2  startup_tm4c123.o(.text)
    DebugMon_Handler                         0x0000035d   Thumb Code     2  startup_tm4c123.o(.text)
    GPIOA_Handler                            0x00000363   Thumb Code     2  startup_tm4c123.o(.text)
    GPIOB_Handler                            0x00000365   Thumb Code     2  startup_tm4c123.o(.text)
    GPIOC_Handler                            0x00000367   Thumb Code     2  startup_tm4c123.o(.text)
    GPIOD_Handler                            0x00000369   Thumb Code     2  startup_tm4c123.o(.text)
    GPIOE_Handler                            0x0000036b   Thumb Code     2  startup_tm4c123.o(.text)
    UART0_Handler                            0x0000036d   Thumb Code     2  startup_tm4c123.o(.text)
    UART1_Handler                            0x0000036f   Thumb Code     2  startup_tm4c123.o(.text)
    SSI0_Handler                             0x00000371   Thumb Code     2  startup_tm4c123.o(.text)
    I2C0_Handler                             0x00000373   Thumb Code     2  startup_tm4c123.o(.text)
    PMW0_FAULT_Handler                       0x00000375   Thumb Code     2  startup_tm4c123.o(.text)
    PWM0_0_Handler                           0x00000377   Thumb Code     2  startup_tm4c123.o(.text)
    PWM0_1_Handler                           0x00000379   Thumb Code     2  startup_tm4c123.o(.text)
    PWM0_2_Handler                           0x0000037b   Thumb Code     2  startup_tm4c123.o(.text)
    QEI0_Handler                             0x0000037d   Thumb Code     2  startup_tm4c123.o(.text)
    ADC0SS0_Handler                          0x0000037f   Thumb Code     2  startup_tm4c123.o(.text)
    ADC0SS1_Handler                          0x00000381   Thumb Code     2  startup_tm4c123.o(.text)
    ADC0SS2_Handler                          0x00000383   Thumb Code     2  startup_tm4c123.o(.text)
    ADC0SS3_Handler                          0x00000385   Thumb Code     2  startup_tm4c123.o(.text)
    WDT0_Handler                             0x00000387   Thumb Code     2  startup_tm4c123.o(.text)
    TIMER0A_Handler                          0x00000389   Thumb Code     2  startup_tm4c123.o(.text)
    TIMER0B_Handler                          0x0000038b   Thumb Code     2  startup_tm4c123.o(.text)
    TIMER1A_Handler                          0x0000038d   Thumb Code     2  startup_tm4c123.o(.text)
    TIMER1B_Handler                          0x0000038f   Thumb Code     2  startup_tm4c123.o(.text)
    TIMER2A_Handler                          0x00000391   Thumb Code     2  startup_tm4c123.o(.text)
    TIMER2B_Handler                          0x00000393   Thumb Code     2  startup_tm4c123.o(.text)
    COMP0_Handler                            0x00000395   Thumb Code     2  startup_tm4c123.o(.text)
    COMP1_Handler                            0x00000397   Thumb Code     2  startup_tm4c123.o(.text)
    COMP2_Handler                            0x00000399   Thumb Code     2  startup_tm4c123.o(.text)
    SYSCTL_Handler                           0x0000039b   Thumb Code     2  startup_tm4c123.o(.text)
    FLASH_Handler                            0x0000039d   Thumb Code     2  startup_tm4c123.o(.text)
    GPIOF_Handler                            0x0000039f   Thumb Code     2  startup_tm4c123.o(.text)
    GPIOG_Handler                            0x000003a1   Thumb Code     2  startup_tm4c123.o(.text)
    GPIOH_Handler                            0x000003a3   Thumb Code     2  startup_tm4c123.o(.text)
    UART2_Handler                            0x000003a5   Thumb Code     2  startup_tm4c123.o(.text)
    SSI1_Handler                             0x000003a7   Thumb Code     2  startup_tm4c123.o(.text)
    TIMER3A_Handler                          0x000003a9   Thumb Code     2  startup_tm4c123.o(.text)
    TIMER3B_Handler                          0x000003ab   Thumb Code     2  startup_tm4c123.o(.text)
    I2C1_Handler                             0x000003ad   Thumb Code     2  startup_tm4c123.o(.text)
    QEI1_Handler                             0x000003af   Thumb Code     2  startup_tm4c123.o(.text)
    CAN0_Handler                             0x000003b1   Thumb Code     2  startup_tm4c123.o(.text)
    CAN1_Handler                             0x000003b3   Thumb Code     2  startup_tm4c123.o(.text)
    CAN2_Handler                             0x000003b5   Thumb Code     2  startup_tm4c123.o(.text)
    HIB_Handler                              0x000003b7   Thumb Code     2  startup_tm4c123.o(.text)
    USB0_Handler                             0x000003b9   Thumb Code     2  startup_tm4c123.o(.text)
    PWM0_3_Handler                           0x000003bb   Thumb Code     2  startup_tm4c123.o(.text)
    UDMA_Handler                             0x000003bd   Thumb Code     2  startup_tm4c123.o(.text)
    UDMAERR_Handler                          0x000003bf   Thumb Code     2  startup_tm4c123.o(.text)
    ADC1SS0_Handler                          0x000003c1   Thumb Code     2  startup_tm4c123.o(.text)
    ADC1SS1_Handler                          0x000003c3   Thumb Code     2  startup_tm4c123.o(.text)
    ADC1SS2_Handler                          0x000003c5   Thumb Code     2  startup_tm4c123.o(.text)
    ADC1SS3_Handler                          0x000003c7   Thumb Code     2  startup_tm4c123.o(.text)
    GPIOJ_Handler                            0x000003c9   Thumb Code     2  startup_tm4c123.o(.text)
    GPIOK_Handler                            0x000003cb   Thumb Code     2  startup_tm4c123.o(.text)
    GPIOL_Handler                            0x000003cd   Thumb Code     2  startup_tm4c123.o(.text)
    SSI2_Handler                             0x000003cf   Thumb Code     2  startup_tm4c123.o(.text)
    SSI3_Handler                             0x000003d1   Thumb Code     2  startup_tm4c123.o(.text)
    UART3_Handler                            0x000003d3   Thumb Code     2  startup_tm4c123.o(.text)
    UART4_Handler                            0x000003d5   Thumb Code     2  startup_tm4c123.o(.text)
    UART5_Handler                            0x000003d7   Thumb Code     2  startup_tm4c123.o(.text)
    UART6_Handler                            0x000003d9   Thumb Code     2  startup_tm4c123.o(.text)
    UART7_Handler                            0x000003db   Thumb Code     2  startup_tm4c123.o(.text)
    I2C2_Handler                             0x000003dd   Thumb Code     2  startup_tm4c123.o(.text)
    I2C3_Handler                             0x000003df   Thumb Code     2  startup_tm4c123.o(.text)
    TIMER4A_Handler                          0x000003e1   Thumb Code     2  startup_tm4c123.o(.text)
    TIMER4B_Handler                          0x000003e3   Thumb Code     2  startup_tm4c123.o(.text)
    TIMER5A_Handler                          0x000003e5   Thumb Code     2  startup_tm4c123.o(.text)
    TIMER5B_Handler                          0x000003e7   Thumb Code     2  startup_tm4c123.o(.text)
    WTIMER0A_Handler                         0x000003e9   Thumb Code     2  startup_tm4c123.o(.text)
    WTIMER0B_Handler                         0x000003eb   Thumb Code     2  startup_tm4c123.o(.text)
    WTIMER1A_Handler                         0x000003ed   Thumb Code     2  startup_tm4c123.o(.text)
    WTIMER1B_Handler                         0x000003ef   Thumb Code     2  startup_tm4c123.o(.text)
    WTIMER2A_Handler                         0x000003f1   Thumb Code     2  startup_tm4c123.o(.text)
    WTIMER2B_Handler                         0x000003f3   Thumb Code     2  startup_tm4c123.o(.text)
    WTIMER3A_Handler                         0x000003f5   Thumb Code     2  startup_tm4c123.o(.text)
    WTIMER3B_Handler                         0x000003f7   Thumb Code     2  startup_tm4c123.o(.text)
    WTIMER4A_Handler                         0x000003f9   Thumb Code     2  startup_tm4c123.o(.text)
    WTIMER4B_Handler                         0x000003fb   Thumb Code     2  startup_tm4c123.o(.text)
    WTIMER5A_Handler                         0x000003fd   Thumb Code     2  startup_tm4c123.o(.text)
    WTIMER5B_Handler                         0x000003ff   Thumb Code     2  startup_tm4c123.o(.text)
    FPU_Handler                              0x00000401   Thumb Code     2  startup_tm4c123.o(.text)
    I2C4_Handler                             0x00000403   Thumb Code     2  startup_tm4c123.o(.text)
    I2C5_Handler                             0x00000405   Thumb Code     2  startup_tm4c123.o(.text)
    GPIOM_Handler                            0x00000407   Thumb Code     2  startup_tm4c123.o(.text)
    GPION_Handler                            0x00000409   Thumb Code     2  startup_tm4c123.o(.text)
    QEI2_Handler                             0x0000040b   Thumb Code     2  startup_tm4c123.o(.text)
    GPIOP0_Handler                           0x0000040d   Thumb Code     2  startup_tm4c123.o(.text)
    GPIOP1_Handler                           0x0000040f   Thumb Code     2  startup_tm4c123.o(.text)
    GPIOP2_Handler                           0x00000411   Thumb Code     2  startup_tm4c123.o(.text)
    GPIOP3_Handler                           0x00000413   Thumb Code     2  startup_tm4c123.o(.text)
    GPIOP4_Handler                           0x00000415   Thumb Code     2  startup_tm4c123.o(.text)
    GPIOP5_Handler                           0x00000417   Thumb Code     2  startup_tm4c123.o(.text)
    GPIOP6_Handler                           0x00000419   Thumb Code     2  startup_tm4c123.o(.text)
    GPIOP7_Handler                           0x0000041b   Thumb Code     2  startup_tm4c123.o(.text)
    GPIOQ0_Handler                           0x0000041d   Thumb Code     2  startup_tm4c123.o(.text)
    GPIOQ1_Handler                           0x0000041f   Thumb Code     2  startup_tm4c123.o(.text)
    GPIOQ2_Handler                           0x00000421   Thumb Code     2  startup_tm4c123.o(.text)
    GPIOQ3_Handler                           0x00000423   Thumb Code     2  startup_tm4c123.o(.text)
    GPIOQ4_Handler                           0x00000425   Thumb Code     2  startup_tm4c123.o(.text)
    GPIOQ5_Handler                           0x00000427   Thumb Code     2  startup_tm4c123.o(.text)
    GPIOQ6_Handler                           0x00000429   Thumb Code     2  startup_tm4c123.o(.text)
    GPIOQ7_Handler                           0x0000042b   Thumb Code     2  startup_tm4c123.o(.text)
    GPIOR_Handler                            0x0000042d   Thumb Code     2  startup_tm4c123.o(.text)
    GPIOS_Handler                            0x0000042f   Thumb Code     2  startup_tm4c123.o(.text)
    PMW1_0_Handler                           0x00000431   Thumb Code     2  startup_tm4c123.o(.text)
    PWM1_1_Handler                           0x00000433   Thumb Code     2  startup_tm4c123.o(.text)
    PWM1_2_Handler                           0x00000435   Thumb Code     2  startup_tm4c123.o(.text)
    PWM1_3_Handler                           0x00000437   Thumb Code     2  startup_tm4c123.o(.text)
    PWM1_FAULT_Handler                       0x00000439   Thumb Code     2  startup_tm4c123.o(.text)
    __user_initial_stackheap                 0x0000043d   Thumb Code     0  startup_tm4c123.o(.text)
    _printf_str                              0x0000045d   Thumb Code    82  _printf_str.o(.text)
    _printf_int_dec                          0x000004b1   Thumb Code   104  _printf_dec.o(.text)
    __aeabi_memcpy                           0x00000529   Thumb Code     0  rt_memcpy_v6.o(.text)
    __rt_memcpy                              0x00000529   Thumb Code   138  rt_memcpy_v6.o(.text)
    _memcpy_lastbytes                        0x0000058f   Thumb Code     0  rt_memcpy_v6.o(.text)
    __aeabi_memset4                          0x000005b3   Thumb Code    16  aeabi_memset4.o(.text)
    __aeabi_memset8                          0x000005b3   Thumb Code     0  aeabi_memset4.o(.text)
    __aeabi_memclr                           0x000005c3   Thumb Code     0  rt_memclr.o(.text)
    __rt_memclr                              0x000005c3   Thumb Code     0  rt_memclr.o(.text)
    _memset                                  0x000005c7   Thumb Code    64  rt_memclr.o(.text)
    __aeabi_memclr4                          0x00000607   Thumb Code     0  rt_memclr_w.o(.text)
    __aeabi_memclr8                          0x00000607   Thumb Code     0  rt_memclr_w.o(.text)
    __rt_memclr_w                            0x00000607   Thumb Code     0  rt_memclr_w.o(.text)
    _memset_w                                0x0000060b   Thumb Code    74  rt_memclr_w.o(.text)
    __use_two_region_memory                  0x00000655   Thumb Code     2  heapauxi.o(.text)
    __rt_heap_escrow$2region                 0x00000657   Thumb Code     2  heapauxi.o(.text)
    __rt_heap_expand$2region                 0x00000659   Thumb Code     2  heapauxi.o(.text)
    _printf_int_common                       0x0000065b   Thumb Code   178  _printf_intcommon.o(.text)
    _printf_cs_common                        0x0000070d   Thumb Code    20  _printf_char.o(.text)
    _printf_char                             0x00000721   Thumb Code    16  _printf_char.o(.text)
    _printf_string                           0x00000731   Thumb Code     8  _printf_char.o(.text)
    __aeabi_memcpy4                          0x00000739   Thumb Code     0  rt_memcpy_w.o(.text)
    __aeabi_memcpy8                          0x00000739   Thumb Code     0  rt_memcpy_w.o(.text)
    __rt_memcpy_w                            0x00000739   Thumb Code   100  rt_memcpy_w.o(.text)
    _memcpy_lastbytes_aligned                0x00000781   Thumb Code     0  rt_memcpy_w.o(.text)
    __user_setup_stackheap                   0x0000079d   Thumb Code    74  sys_stackheap_outer.o(.text)
    exit                                     0x000007e7   Thumb Code    18  exit.o(.text)
    __user_libspace                          0x000007f9   Thumb Code     8  libspace.o(.text)
    __user_perproc_libspace                  0x000007f9   Thumb Code     0  libspace.o(.text)
    __user_perthread_libspace                0x000007f9   Thumb Code     0  libspace.o(.text)
    _sys_exit                                0x00000801   Thumb Code     8  sys_exit.o(.text)
    __I$use$semihosting                      0x0000080d   Thumb Code     0  use_no_semi.o(.text)
    __use_no_semihosting_swi                 0x0000080d   Thumb Code     2  use_no_semi.o(.text)
    __semihosting_library_function           0x0000080f   Thumb Code     0  indicate_semi.o(.text)
    GPIO_Init                                0x00000811   Thumb Code   254  gpio.o(.text.GPIO_Init)
    GPIO_WritePin                            0x00000911   Thumb Code    26  gpio.o(.text.GPIO_WritePin)
    PendSV_Handler                           0x00000931   Thumb Code   100  port.o(.text.PendSV_Handler)
    SVC_Handler                              0x000009a1   Thumb Code    36  port.o(.text.SVC_Handler)
    SysClockSet                              0x000009c5   Thumb Code   162  sysclockcfg.o(.text.SysClockSet)
    SysTick_Handler                          0x00000a69   Thumb Code    46  port.o(.text.SysTick_Handler)
    SystemInit                               0x00000a99   Thumb Code   112  system_tm4c123.o(.text.SystemInit)
    main                                     0x00000b09   Thumb Code   160  app.o(.text.main)
    pvPortMalloc                             0x0000105d   Thumb Code   362  heap_4.o(.text.pvPortMalloc)
    pxPortInitialiseStack                    0x000011c9   Thumb Code    36  port.o(.text.pxPortInitialiseStack)
    uxListRemove                             0x000011ed   Thumb Code    36  list.o(.text.uxListRemove)
    vApplicationMallocFailedHook             0x00001211   Thumb Code     2  tasks.o(.text.vApplicationMallocFailedHook)
    vListInitialise                          0x00001215   Thumb Code    22  list.o(.text.vListInitialise)
    vListInitialiseItem                      0x0000122d   Thumb Code     6  list.o(.text.vListInitialiseItem)
    vListInsert                              0x00001235   Thumb Code    58  list.o(.text.vListInsert)
    vPortEnterCritical                       0x00001285   Thumb Code    54  port.o(.text.vPortEnterCritical)
    vPortExitCritical                        0x000012bd   Thumb Code    30  port.o(.text.vPortExitCritical)
    vPortFree                                0x000012dd   Thumb Code   162  heap_4.o(.text.vPortFree)
    vPortSetupTimerInterrupt                 0x00001381   Thumb Code    26  port.o(.text.vPortSetupTimerInterrupt)
    vQueueWaitForMessageRestricted           0x0000139d   Thumb Code    70  queue.o(.text.vQueueWaitForMessageRestricted)
    vTask1                                   0x000013e5   Thumb Code    46  app.o(.text.vTask1)
    vTask2                                   0x00001415   Thumb Code    46  app.o(.text.vTask2)
    vTask3                                   0x00001445   Thumb Code    42  app.o(.text.vTask3)
    vTaskDelay                               0x00001471   Thumb Code   150  tasks.o(.text.vTaskDelay)
    vTaskInternalSetTimeOutState             0x00001509   Thumb Code    26  tasks.o(.text.vTaskInternalSetTimeOutState)
    vTaskMissedYield                         0x00001525   Thumb Code    14  tasks.o(.text.vTaskMissedYield)
    vTaskPlaceOnEventList                    0x00001535   Thumb Code    38  tasks.o(.text.vTaskPlaceOnEventList)
    vTaskPlaceOnEventListRestricted          0x0000155d   Thumb Code    98  tasks.o(.text.vTaskPlaceOnEventListRestricted)
    vTaskStartScheduler                      0x000015c1   Thumb Code   132  tasks.o(.text.vTaskStartScheduler)
    vTaskSuspendAll                          0x0000164d   Thumb Code    16  tasks.o(.text.vTaskSuspendAll)
    vTaskSwitchContext                       0x0000165d   Thumb Code   186  tasks.o(.text.vTaskSwitchContext)
    xPortStartScheduler                      0x00001719   Thumb Code   260  port.o(.text.xPortStartScheduler)
    xQueueGenericCreate                      0x0000181d   Thumb Code   130  queue.o(.text.xQueueGenericCreate)
    xQueueReceive                            0x000018a1   Thumb Code   376  queue.o(.text.xQueueReceive)
    xTaskCheckForTimeOut                     0x00001a19   Thumb Code   104  tasks.o(.text.xTaskCheckForTimeOut)
    xTaskCreate                              0x00001a81   Thumb Code   482  tasks.o(.text.xTaskCreate)
    xTaskGetSchedulerState                   0x00001c65   Thumb Code    38  tasks.o(.text.xTaskGetSchedulerState)
    xTaskGetTickCount                        0x00001c8d   Thumb Code    12  tasks.o(.text.xTaskGetTickCount)
    xTaskIncrementTick                       0x00001c99   Thumb Code   422  tasks.o(.text.xTaskIncrementTick)
    xTaskRemoveFromEventList                 0x00001e41   Thumb Code   214  tasks.o(.text.xTaskRemoveFromEventList)
    xTaskResumeAll                           0x00001f19   Thumb Code   372  tasks.o(.text.xTaskResumeAll)
    xTimerCreateTimerTask                    0x0000208d   Thumb Code   136  timers.o(.text.xTimerCreateTimerTask)
    _fp_init                                 0x0000211d   Thumb Code    26  fpinit.o(x$fpl$fpinit)
    __fplib_config_fpu_vfp                   0x00002135   Thumb Code     0  fpinit.o(x$fpl$fpinit)
    __fplib_config_pureend_doubles           0x00002135   Thumb Code     0  fpinit.o(x$fpl$fpinit)
    uxTopUsedPriority                        0x00002138   Data           4  tasks.o(.rodata.uxTopUsedPriority)
    Region$$Table$$Base                      0x0000213c   Number         0  anon$$obj.o(Region$$Table)
    Region$$Table$$Limit                     0x0000215c   Number         0  anon$$obj.o(Region$$Table)
    __libspace_start                         0x20000008   Data          96  libspace.o(.bss)
    __temporary_stack_top$libspace           0x20000068   Data           0  libspace.o(.bss)
    pxCurrentTCB                             0x2000006c   Data           4  tasks.o(.bss.pxCurrentTCB)



==============================================================================

Memory Map of the image

  Image Entry point : 0x0000026d

  Load Region LR_IROM1 (Base: 0x00000000, Size: 0x00002168, Max: 0x00040000, ABSOLUTE)

    Execution Region ER_IROM1 (Exec base: 0x00000000, Load base: 0x00000000, Size: 0x0000215c, Max: 0x00040000, ABSOLUTE)

    Exec Addr    Load Addr    Size         Type   Attr      Idx    E Section Name        Object

    0x00000000   0x00000000   0x0000026c   Data   RO          450    RESET               startup_tm4c123.o
    0x0000026c   0x0000026c   0x00000008   Code   RO          522  * !!!main             c_w.l(__main.o)
    0x00000274   0x00000274   0x0000005c   Code   RO          700    !!!scatter          c_w.l(__scatter.o)
    0x000002d0   0x000002d0   0x0000001a   Code   RO          704    !!handler_copy      c_w.l(__scatter_copy.o)
    0x000002ea   0x000002ea   0x00000002   PAD
    0x000002ec   0x000002ec   0x00000002   Code   RO          701    !!handler_null      c_w.l(__scatter.o)
    0x000002ee   0x000002ee   0x00000002   PAD
    0x000002f0   0x000002f0   0x0000001c   Code   RO          706    !!handler_zi        c_w.l(__scatter_zi.o)
    0x0000030c   0x0000030c   0x00000000   Code   RO          505    .ARM.Collect$$_printf_percent$$00000000  c_w.l(_printf_percent.o)
    0x0000030c   0x0000030c   0x00000006   Code   RO          504    .ARM.Collect$$_printf_percent$$0000000A  c_w.l(_printf_u.o)
    0x00000312   0x00000312   0x00000006   Code   RO          503    .ARM.Collect$$_printf_percent$$00000013  c_w.l(_printf_c.o)
    0x00000318   0x00000318   0x00000004   Code   RO          533    .ARM.Collect$$_printf_percent$$00000017  c_w.l(_printf_percent_end.o)
    0x0000031c   0x0000031c   0x00000002   Code   RO          562    .ARM.Collect$$libinit$$00000000  c_w.l(libinit.o)
    0x0000031e   0x0000031e   0x00000004   Code   RO          568    .ARM.Collect$$libinit$$00000001  c_w.l(libinit2.o)
    0x00000322   0x00000322   0x00000000   Code   RO          571    .ARM.Collect$$libinit$$00000004  c_w.l(libinit2.o)
    0x00000322   0x00000322   0x00000000   Code   RO          573    .ARM.Collect$$libinit$$00000006  c_w.l(libinit2.o)
    0x00000322   0x00000322   0x00000000   Code   RO          576    .ARM.Collect$$libinit$$0000000C  c_w.l(libinit2.o)
    0x00000322   0x00000322   0x00000000   Code   RO          578    .ARM.Collect$$libinit$$0000000E  c_w.l(libinit2.o)
    0x00000322   0x00000322   0x00000000   Code   RO          580    .ARM.Collect$$libinit$$00000010  c_w.l(libinit2.o)
    0x00000322   0x00000322   0x00000000   Code   RO          583    .ARM.Collect$$libinit$$00000013  c_w.l(libinit2.o)
    0x00000322   0x00000322   0x00000000   Code   RO          585    .ARM.Collect$$libinit$$00000015  c_w.l(libinit2.o)
    0x00000322   0x00000322   0x00000000   Code   RO          587    .ARM.Collect$$libinit$$00000017  c_w.l(libinit2.o)
    0x00000322   0x00000322   0x00000000   Code   RO          589    .ARM.Collect$$libinit$$00000019  c_w.l(libinit2.o)
    0x00000322   0x00000322   0x00000000   Code   RO          591    .ARM.Collect$$libinit$$0000001B  c_w.l(libinit2.o)
    0x00000322   0x00000322   0x00000000   Code   RO          593    .ARM.Collect$$libinit$$0000001D  c_w.l(libinit2.o)
    0x00000322   0x00000322   0x00000000   Code   RO          595    .ARM.Collect$$libinit$$0000001F  c_w.l(libinit2.o)
    0x00000322   0x00000322   0x00000000   Code   RO          597    .ARM.Collect$$libinit$$00000021  c_w.l(libinit2.o)
    0x00000322   0x00000322   0x00000000   Code   RO          599    .ARM.Collect$$libinit$$00000023  c_w.l(libinit2.o)
    0x00000322   0x00000322   0x00000000   Code   RO          601    .ARM.Collect$$libinit$$00000025  c_w.l(libinit2.o)
    0x00000322   0x00000322   0x00000000   Code   RO          603    .ARM.Collect$$libinit$$00000027  c_w.l(libinit2.o)
    0x00000322   0x00000322   0x00000000   Code   RO          607    .ARM.Collect$$libinit$$0000002E  c_w.l(libinit2.o)
    0x00000322   0x00000322   0x00000000   Code   RO          609    .ARM.Collect$$libinit$$00000030  c_w.l(libinit2.o)
    0x00000322   0x00000322   0x00000000   Code   RO          611    .ARM.Collect$$libinit$$00000032  c_w.l(libinit2.o)
    0x00000322   0x00000322   0x00000000   Code   RO          613    .ARM.Collect$$libinit$$00000034  c_w.l(libinit2.o)
    0x00000322   0x00000322   0x00000002   Code   RO          614    .ARM.Collect$$libinit$$00000035  c_w.l(libinit2.o)
    0x00000324   0x00000324   0x00000002   Code   RO          636    .ARM.Collect$$libshutdown$$00000000  c_w.l(libshutdown.o)
    0x00000326   0x00000326   0x00000000   Code   RO          651    .ARM.Collect$$libshutdown$$00000002  c_w.l(libshutdown2.o)
    0x00000326   0x00000326   0x00000000   Code   RO          653    .ARM.Collect$$libshutdown$$00000004  c_w.l(libshutdown2.o)
    0x00000326   0x00000326   0x00000000   Code   RO          656    .ARM.Collect$$libshutdown$$00000007  c_w.l(libshutdown2.o)
    0x00000326   0x00000326   0x00000000   Code   RO          659    .ARM.Collect$$libshutdown$$0000000A  c_w.l(libshutdown2.o)
    0x00000326   0x00000326   0x00000000   Code   RO          661    .ARM.Collect$$libshutdown$$0000000C  c_w.l(libshutdown2.o)
    0x00000326   0x00000326   0x00000000   Code   RO          664    .ARM.Collect$$libshutdown$$0000000F  c_w.l(libshutdown2.o)
    0x00000326   0x00000326   0x00000002   Code   RO          665    .ARM.Collect$$libshutdown$$00000010  c_w.l(libshutdown2.o)
    0x00000328   0x00000328   0x00000000   Code   RO          524    .ARM.Collect$$rtentry$$00000000  c_w.l(__rtentry.o)
    0x00000328   0x00000328   0x00000000   Code   RO          537    .ARM.Collect$$rtentry$$00000002  c_w.l(__rtentry2.o)
    0x00000328   0x00000328   0x00000006   Code   RO          549    .ARM.Collect$$rtentry$$00000004  c_w.l(__rtentry4.o)
    0x0000032e   0x0000032e   0x00000000   Code   RO          539    .ARM.Collect$$rtentry$$00000009  c_w.l(__rtentry2.o)
    0x0000032e   0x0000032e   0x00000004   Code   RO          540    .ARM.Collect$$rtentry$$0000000A  c_w.l(__rtentry2.o)
    0x00000332   0x00000332   0x00000000   Code   RO          542    .ARM.Collect$$rtentry$$0000000C  c_w.l(__rtentry2.o)
    0x00000332   0x00000332   0x00000008   Code   RO          543    .ARM.Collect$$rtentry$$0000000D  c_w.l(__rtentry2.o)
    0x0000033a   0x0000033a   0x00000002   Code   RO          566    .ARM.Collect$$rtexit$$00000000  c_w.l(rtexit.o)
    0x0000033c   0x0000033c   0x00000000   Code   RO          616    .ARM.Collect$$rtexit$$00000002  c_w.l(rtexit2.o)
    0x0000033c   0x0000033c   0x00000004   Code   RO          617    .ARM.Collect$$rtexit$$00000003  c_w.l(rtexit2.o)
    0x00000340   0x00000340   0x00000006   Code   RO          618    .ARM.Collect$$rtexit$$00000004  c_w.l(rtexit2.o)
    0x00000346   0x00000346   0x00000002   PAD
    0x00000348   0x00000348   0x00000114   Code   RO          451    .text               startup_tm4c123.o
    0x0000045c   0x0000045c   0x00000052   Code   RO          479    .text               c_w.l(_printf_str.o)
    0x000004ae   0x000004ae   0x00000002   PAD
    0x000004b0   0x000004b0   0x00000078   Code   RO          481    .text               c_w.l(_printf_dec.o)
    0x00000528   0x00000528   0x0000008a   Code   RO          510    .text               c_w.l(rt_memcpy_v6.o)
    0x000005b2   0x000005b2   0x00000010   Code   RO          514    .text               c_w.l(aeabi_memset4.o)
    0x000005c2   0x000005c2   0x00000044   Code   RO          516    .text               c_w.l(rt_memclr.o)
    0x00000606   0x00000606   0x0000004e   Code   RO          518    .text               c_w.l(rt_memclr_w.o)
    0x00000654   0x00000654   0x00000006   Code   RO          520    .text               c_w.l(heapauxi.o)
    0x0000065a   0x0000065a   0x000000b2   Code   RO          525    .text               c_w.l(_printf_intcommon.o)
    0x0000070c   0x0000070c   0x0000002c   Code   RO          531    .text               c_w.l(_printf_char.o)
    0x00000738   0x00000738   0x00000064   Code   RO          534    .text               c_w.l(rt_memcpy_w.o)
    0x0000079c   0x0000079c   0x0000004a   Code   RO          553    .text               c_w.l(sys_stackheap_outer.o)
    0x000007e6   0x000007e6   0x00000012   Code   RO          555    .text               c_w.l(exit.o)
    0x000007f8   0x000007f8   0x00000008   Code   RO          563    .text               c_w.l(libspace.o)
    0x00000800   0x00000800   0x0000000c   Code   RO          626    .text               c_w.l(sys_exit.o)
    0x0000080c   0x0000080c   0x00000002   Code   RO          641    .text               c_w.l(use_no_semi.o)
    0x0000080e   0x0000080e   0x00000000   Code   RO          643    .text               c_w.l(indicate_semi.o)
    0x0000080e   0x0000080e   0x00000002   PAD
    0x00000810   0x00000810   0x000000fe   Code   RO           30    .text.GPIO_Init     gpio.o
    0x0000090e   0x0000090e   0x00000002   PAD
    0x00000910   0x00000910   0x0000001a   Code   RO           32    .text.GPIO_WritePin  gpio.o
    0x0000092a   0x0000092a   0x00000006   PAD
    0x00000930   0x00000930   0x00000064   Code   RO          122    .text.PendSV_Handler  port.o
    0x00000994   0x00000994   0x0000000c   PAD
    0x000009a0   0x000009a0   0x00000024   Code   RO          106    .text.SVC_Handler   port.o
    0x000009c4   0x000009c4   0x000000a2   Code   RO           44    .text.SysClockSet   sysclockcfg.o
    0x00000a66   0x00000a66   0x00000002   PAD
    0x00000a68   0x00000a68   0x0000002e   Code   RO          124    .text.SysTick_Handler  port.o
    0x00000a96   0x00000a96   0x00000002   PAD
    0x00000a98   0x00000a98   0x00000070   Code   RO          460    .text.SystemInit    system_tm4c123.o
    0x00000b08   0x00000b08   0x000000c4   Code   RO            8    .text.main          app.o
    0x00000bcc   0x00000bcc   0x0000009e   Code   RO          249    .text.prvAddCurrentTaskToDelayedList  tasks.o
    0x00000c6a   0x00000c6a   0x00000002   PAD
    0x00000c6c   0x00000c6c   0x00000076   Code   RO          273    .text.prvIdleTask   tasks.o
    0x00000ce2   0x00000ce2   0x00000002   PAD
    0x00000ce4   0x00000ce4   0x00000028   Code   RO          114    .text.prvPortStartFirstTask  port.o
    0x00000d0c   0x00000d0c   0x0000007c   Code   RO          403    .text.prvProcessExpiredTimer  timers.o
    0x00000d88   0x00000d88   0x00000032   Code   RO          104    .text.prvTaskExitError  port.o
    0x00000dba   0x00000dba   0x00000002   PAD
    0x00000dbc   0x00000dbc   0x0000022a   Code   RO          373    .text.prvTimerTask  timers.o
    0x00000fe6   0x00000fe6   0x00000002   PAD
    0x00000fe8   0x00000fe8   0x00000074   Code   RO          145    .text.prvUnlockQueue  queue.o
    0x0000105c   0x0000105c   0x0000016a   Code   RO          420    .text.pvPortMalloc  heap_4.o
    0x000011c6   0x000011c6   0x00000002   PAD
    0x000011c8   0x000011c8   0x00000024   Code   RO          102    .text.pxPortInitialiseStack  port.o
    0x000011ec   0x000011ec   0x00000024   Code   RO           92    .text.uxListRemove  list.o
    0x00001210   0x00001210   0x00000002   Code   RO          239    .text.vApplicationMallocFailedHook  tasks.o
    0x00001212   0x00001212   0x00000002   PAD
    0x00001214   0x00001214   0x00000016   Code   RO           84    .text.vListInitialise  list.o
    0x0000122a   0x0000122a   0x00000002   PAD
    0x0000122c   0x0000122c   0x00000006   Code   RO           86    .text.vListInitialiseItem  list.o
    0x00001232   0x00001232   0x00000002   PAD
    0x00001234   0x00001234   0x0000003a   Code   RO           90    .text.vListInsert   list.o
    0x0000126e   0x0000126e   0x00000002   PAD
    0x00001270   0x00001270   0x00000014   Code   RO          112    .text.vPortEnableVFP  port.o
    0x00001284   0x00001284   0x00000036   Code   RO          118    .text.vPortEnterCritical  port.o
    0x000012ba   0x000012ba   0x00000002   PAD
    0x000012bc   0x000012bc   0x0000001e   Code   RO          120    .text.vPortExitCritical  port.o
    0x000012da   0x000012da   0x00000002   PAD
    0x000012dc   0x000012dc   0x000000a2   Code   RO          422    .text.vPortFree     heap_4.o
    0x0000137e   0x0000137e   0x00000002   PAD
    0x00001380   0x00001380   0x0000001a   Code   RO          110    .text.vPortSetupTimerInterrupt  port.o
    0x0000139a   0x0000139a   0x00000002   PAD
    0x0000139c   0x0000139c   0x00000046   Code   RO          179    .text.vQueueWaitForMessageRestricted  queue.o
    0x000013e2   0x000013e2   0x00000002   PAD
    0x000013e4   0x000013e4   0x0000002e   Code   RO            2    .text.vTask1        app.o
    0x00001412   0x00001412   0x00000002   PAD
    0x00001414   0x00001414   0x0000002e   Code   RO            4    .text.vTask2        app.o
    0x00001442   0x00001442   0x00000002   PAD
    0x00001444   0x00001444   0x0000002a   Code   RO            6    .text.vTask3        app.o
    0x0000146e   0x0000146e   0x00000002   PAD
    0x00001470   0x00001470   0x00000096   Code   RO          253    .text.vTaskDelay    tasks.o
    0x00001506   0x00001506   0x00000002   PAD
    0x00001508   0x00001508   0x0000001a   Code   RO          303    .text.vTaskInternalSetTimeOutState  tasks.o
    0x00001522   0x00001522   0x00000002   PAD
    0x00001524   0x00001524   0x0000000e   Code   RO          307    .text.vTaskMissedYield  tasks.o
    0x00001532   0x00001532   0x00000002   PAD
    0x00001534   0x00001534   0x00000026   Code   RO          291    .text.vTaskPlaceOnEventList  tasks.o
    0x0000155a   0x0000155a   0x00000002   PAD
    0x0000155c   0x0000155c   0x00000062   Code   RO          295    .text.vTaskPlaceOnEventListRestricted  tasks.o
    0x000015be   0x000015be   0x00000002   PAD
    0x000015c0   0x000015c0   0x0000008c   Code   RO          271    .text.vTaskStartScheduler  tasks.o
    0x0000164c   0x0000164c   0x00000010   Code   RO          247    .text.vTaskSuspendAll  tasks.o
    0x0000165c   0x0000165c   0x000000ba   Code   RO          265    .text.vTaskSwitchContext  tasks.o
    0x00001716   0x00001716   0x00000002   PAD
    0x00001718   0x00001718   0x00000104   Code   RO          108    .text.xPortStartScheduler  port.o
    0x0000181c   0x0000181c   0x00000082   Code   RO          141    .text.xQueueGenericCreate  queue.o
    0x0000189e   0x0000189e   0x00000002   PAD
    0x000018a0   0x000018a0   0x00000178   Code   RO          151    .text.xQueueReceive  queue.o
    0x00001a18   0x00001a18   0x00000068   Code   RO          305    .text.xTaskCheckForTimeOut  tasks.o
    0x00001a80   0x00001a80   0x000001e2   Code   RO          241    .text.xTaskCreate   tasks.o
    0x00001c62   0x00001c62   0x00000002   PAD
    0x00001c64   0x00001c64   0x00000026   Code   RO          317    .text.xTaskGetSchedulerState  tasks.o
    0x00001c8a   0x00001c8a   0x00000002   PAD
    0x00001c8c   0x00001c8c   0x0000000c   Code   RO          279    .text.xTaskGetTickCount  tasks.o
    0x00001c98   0x00001c98   0x000001a6   Code   RO          277    .text.xTaskIncrementTick  tasks.o
    0x00001e3e   0x00001e3e   0x00000002   PAD
    0x00001e40   0x00001e40   0x000000d6   Code   RO          297    .text.xTaskRemoveFromEventList  tasks.o
    0x00001f16   0x00001f16   0x00000002   PAD
    0x00001f18   0x00001f18   0x00000174   Code   RO          251    .text.xTaskResumeAll  tasks.o
    0x0000208c   0x0000208c   0x00000090   Code   RO          371    .text.xTimerCreateTimerTask  timers.o
    0x0000211c   0x0000211c   0x0000001a   Code   RO          624    x$fpl$fpinit        fz_wm.l(fpinit.o)
    0x00002136   0x00002136   0x00000002   PAD
    0x00002138   0x00002138   0x00000004   Data   RO          342    .rodata.uxTopUsedPriority  tasks.o
    0x0000213c   0x0000213c   0x00000020   Data   RO          699    Region$$Table       anon$$obj.o


    Execution Region RW_IRAM1 (Exec base: 0x20000000, Load base: 0x00002160, Size: 0x000043d0, Max: 0x00008000, ABSOLUTE)

    Exec Addr    Load Addr    Size         Type   Attr      Idx    E Section Name        Object

    0x20000000   0x00002160   0x00000004   Data   RW          130    .data.uxCriticalNesting  port.o
    0x20000004   0x00002164   0x00000004   PAD
    0x20000008        -       0x00000060   Zero   RW          564    .bss                c_w.l(libspace.o)
    0x20000068        -       0x00000004   Zero   RW          409    .bss.prvSampleTimeNow.xLastTime  timers.o
    0x2000006c        -       0x00000004   Zero   RW          337    .bss.pxCurrentTCB   tasks.o
    0x20000070        -       0x00000004   Zero   RW          407    .bss.pxCurrentTimerList  timers.o
    0x20000074        -       0x00000004   Zero   RW          350    .bss.pxDelayedTaskList  tasks.o
    0x20000078        -       0x00000004   Zero   RW          434    .bss.pxEnd          heap_4.o
    0x2000007c        -       0x00000004   Zero   RW          351    .bss.pxOverflowDelayedTaskList  tasks.o
    0x20000080        -       0x00000004   Zero   RW          408    .bss.pxOverflowTimerList  timers.o
    0x20000084        -       0x00000064   Zero   RW          353    .bss.pxReadyTasksLists  tasks.o
    0x200000e8        -       0x00004000   Zero   RW          440    .bss.ucHeap         heap_4.o
    0x200040e8        -       0x00000001   Zero   RW          128    .bss.ucMaxSysCallPriority  port.o
    0x200040e9   0x00002164   0x00000003   PAD
    0x200040ec        -       0x00000004   Zero   RW          129    .bss.ulMaxPRIGROUPValue  port.o
    0x200040f0        -       0x00000004   Zero   RW          346    .bss.uxCurrentNumberOfTasks  tasks.o
    0x200040f4        -       0x00000004   Zero   RW          345    .bss.uxDeletedTasksWaitingCleanUp  tasks.o
    0x200040f8        -       0x00000004   Zero   RW          348    .bss.uxSchedulerSuspended  tasks.o
    0x200040fc        -       0x00000004   Zero   RW          343    .bss.uxTaskNumber   tasks.o
    0x20004100        -       0x00000004   Zero   RW          354    .bss.uxTopReadyPriority  tasks.o
    0x20004104        -       0x00000014   Zero   RW          410    .bss.xActiveTimerList1  timers.o
    0x20004118        -       0x00000014   Zero   RW          411    .bss.xActiveTimerList2  timers.o
    0x2000412c        -       0x00000014   Zero   RW          361    .bss.xDelayedTaskList1  tasks.o
    0x20004140        -       0x00000014   Zero   RW          362    .bss.xDelayedTaskList2  tasks.o
    0x20004154        -       0x00000004   Zero   RW          435    .bss.xFreeBytesRemaining  heap_4.o
    0x20004158        -       0x00000004   Zero   RW          357    .bss.xIdleTaskHandle  tasks.o
    0x2000415c        -       0x00000004   Zero   RW          437    .bss.xMinimumEverFreeBytesRemaining  heap_4.o
    0x20004160        -       0x00000004   Zero   RW          358    .bss.xNextTaskUnblockTime  tasks.o
    0x20004164        -       0x00000004   Zero   RW          360    .bss.xNumOfOverflows  tasks.o
    0x20004168        -       0x00000004   Zero   RW          438    .bss.xNumberOfSuccessfulAllocations  heap_4.o
    0x2000416c        -       0x00000004   Zero   RW          439    .bss.xNumberOfSuccessfulFrees  heap_4.o
    0x20004170        -       0x00000004   Zero   RW          359    .bss.xPendedTicks   tasks.o
    0x20004174        -       0x00000014   Zero   RW          356    .bss.xPendingReadyList  tasks.o
    0x20004188        -       0x00000004   Zero   RW          347    .bss.xSchedulerRunning  tasks.o
    0x2000418c        -       0x00000008   Zero   RW          436    .bss.xStart         heap_4.o
    0x20004194        -       0x00000014   Zero   RW          352    .bss.xSuspendedTaskList  tasks.o
    0x200041a8        -       0x00000014   Zero   RW          344    .bss.xTasksWaitingTermination  tasks.o
    0x200041bc        -       0x00000004   Zero   RW          349    .bss.xTickCount     tasks.o
    0x200041c0        -       0x00000004   Zero   RW          405    .bss.xTimerQueue    timers.o
    0x200041c4        -       0x00000004   Zero   RW          406    .bss.xTimerTaskHandle  timers.o
    0x200041c8        -       0x00000004   Zero   RW          355    .bss.xYieldPending  tasks.o
    0x200041cc   0x00002164   0x00000004   PAD
    0x200041d0        -       0x00000000   Zero   RW          449    HEAP                startup_tm4c123.o
    0x200041d0        -       0x00000200   Zero   RW          448    STACK               startup_tm4c123.o


==============================================================================

Image component sizes


      Code (inc. data)   RO Data    RW Data    ZI Data      Debug   Object Name

       330         36          0          0          0       1861   app.o
       280          0          0          0          0       6311   gpio.o
       524          0          0          0      16412       4908   heap_4.o
       122          0          0          0          0       2021   list.o
       698         16          0          4          5       3681   port.o
       692          0          0          0          0      15799   queue.o
       276         24        620          0        512       5480   startup_tm4c123.o
       162          0          0          0          0       5297   sysclockcfg.o
       112          0          0          0          0       6516   system_tm4c123.o
      2590          8          4          0        260      34794   tasks.o
       822         18          0          0         60      11273   timers.o

    ----------------------------------------------------------------------
      6688        114        656          4      17260      97941   Object Totals
         0          0         32          0          0          0   (incl. Generated)
        80         12          0          0         11          0   (incl. Padding)

    ----------------------------------------------------------------------

      Code (inc. data)   RO Data    RW Data    ZI Data      Debug   Library Member Name

         8          0          0          0          0         68   __main.o
         0          0          0          0          0          0   __rtentry.o
        12          0          0          0          0          0   __rtentry2.o
         6          0          0          0          0          0   __rtentry4.o
        94          8          0          0          0          0   __scatter.o
        26          0          0          0          0          0   __scatter_copy.o
        28          0          0          0          0          0   __scatter_zi.o
         6          0          0          0          0          0   _printf_c.o
        44          0          0          0          0        108   _printf_char.o
       120         16          0          0          0         92   _printf_dec.o
       178          0          0          0          0         88   _printf_intcommon.o
         0          0          0          0          0          0   _printf_percent.o
         4          0          0          0          0          0   _printf_percent_end.o
        82          0          0          0          0         80   _printf_str.o
         6          0          0          0          0          0   _printf_u.o
        16          0          0          0          0         68   aeabi_memset4.o
        18          0          0          0          0         80   exit.o
         6          0          0          0          0        152   heapauxi.o
         0          0          0          0          0          0   indicate_semi.o
         2          0          0          0          0          0   libinit.o
         6          0          0          0          0          0   libinit2.o
         2          0          0          0          0          0   libshutdown.o
         2          0          0          0          0          0   libshutdown2.o
         8          4          0          0         96         68   libspace.o
        68          0          0          0          0         68   rt_memclr.o
        78          0          0          0          0         80   rt_memclr_w.o
       138          0          0          0          0         68   rt_memcpy_v6.o
       100          0          0          0          0         80   rt_memcpy_w.o
         2          0          0          0          0          0   rtexit.o
        10          0          0          0          0          0   rtexit2.o
        12          4          0          0          0         68   sys_exit.o
        74          0          0          0          0         80   sys_stackheap_outer.o
         2          0          0          0          0         68   use_no_semi.o
        26          0          0          0          0        116   fpinit.o

    ----------------------------------------------------------------------
      1196         32          0          0         96       1432   Library Totals
        12          0          0          0          0          0   (incl. Padding)

    ----------------------------------------------------------------------

      Code (inc. data)   RO Data    RW Data    ZI Data      Debug   Library Name

      1158         32          0          0         96       1316   c_w.l
        26          0          0          0          0        116   fz_wm.l

    ----------------------------------------------------------------------
      1196         32          0          0         96       1432   Library Totals

    ----------------------------------------------------------------------

==============================================================================


      Code (inc. data)   RO Data    RW Data    ZI Data      Debug   

      7884        146        656          4      17356      98637   Grand Totals
      7884        146        656          4      17356      98637   ELF Image Totals
      7884        146        656          4          0          0   ROM Totals

==============================================================================

    Total RO  Size (Code + RO Data)                 8540 (   8.34kB)
    Total RW  Size (RW Data + ZI Data)             17360 (  16.95kB)
    Total ROM Size (Code + RO Data + RW Data)       8544 (   8.34kB)

==============================================================================

